#
# There is insufficient memory for the Java Runtime Environment to continue.
# Native memory allocation (malloc) failed to allocate 1155376 bytes. Error detail: Chunk::new
# Possible reasons:
#   The system is out of physical RAM or swap space
#   This process is running with CompressedOops enabled, and the Java Heap may be blocking the growth of the native heap
# Possible solutions:
#   Reduce memory load on the system
#   Increase physical memory or swap space
#   Check if swap backing store is full
#   Decrease Java heap size (-Xmx/-Xms)
#   Decrease number of Java threads
#   Decrease Java thread stack sizes (-Xss)
#   Set larger code cache with -XX:ReservedCodeCacheSize=
#   JVM is running with Zero Based Compressed Oops mode in which the Java heap is
#     placed in the first 32GB address space. The Java Heap base address is the
#     maximum limit for the native heap growth. Please use -XX:HeapBaseMinAddress
#     to set the Java Heap base and to place the Java Heap above 32GB virtual address.
# This output file may be truncated or incomplete.
#
#  Out of Memory Error (arena.cpp:168), pid=16560, tid=19020
#
# JRE version: OpenJDK Runtime Environment Temurin-21.0.11+10 (21.0.11+10) (build 21.0.11+10-LTS)
# Java VM: OpenJDK 64-Bit Server VM Temurin-21.0.11+10 (21.0.11+10-LTS, mixed mode, sharing, tiered, compressed oops, compressed class ptrs, g1 gc, windows-amd64)
# No core dump will be written. Minidumps are not enabled by default on client versions of Windows
#

---------------  S U M M A R Y ------------

Command Line: --add-opens=java.base/java.lang=ALL-UNNAMED --add-opens=java.base/java.lang.invoke=ALL-UNNAMED --add-opens=java.base/java.util=ALL-UNNAMED --add-opens=java.prefs/java.util.prefs=ALL-UNNAMED --add-exports=jdk.compiler/com.sun.tools.javac.api=ALL-UNNAMED --add-exports=jdk.compiler/com.sun.tools.javac.util=ALL-UNNAMED --add-opens=java.base/java.util=ALL-UNNAMED --add-opens=java.prefs/java.util.prefs=ALL-UNNAMED --add-opens=java.base/java.nio.charset=ALL-UNNAMED --add-opens=java.base/java.net=ALL-UNNAMED --add-opens=java.base/java.util.concurrent.atomic=ALL-UNNAMED --add-opens=java.xml/javax.xml.namespace=ALL-UNNAMED -XX:MaxMetaspaceSize=512m -Xmx4096m -Dfile.encoding=UTF-8 -Duser.country=IN -Duser.language=en -Duser.variant -javaagent:C:\Users\Vauras\.gradle\wrapper\dists\gradle-8.13-bin\5xuhj0ry160q40clulazy9h7d\gradle-8.13\lib\agents\gradle-instrumentation-agent-8.13.jar org.gradle.launcher.daemon.bootstrap.GradleDaemon 8.13

Host: AMD Ryzen 5 7520U with Radeon Graphics         , 8 cores, 7G,  Windows 11 , 64 bit Build 26100 (10.0.26100.8521)
Time: Tue Jul  7 16:53:36 2026 India Standard Time elapsed time: 83.049112 seconds (0d 0h 1m 23s)

---------------  T H R E A D  ---------------

Current thread (0x000001ab15a29420):  JavaThread "C2 CompilerThread0" daemon [_thread_in_native, id=19020, stack(0x0000008977000000,0x0000008977100000) (1024K)]


Current CompileTask:
C2:83049 15616       4       java.lang.invoke.DelegatingMethodHandle::makeReinvokerForm (326 bytes)

Stack: [0x0000008977000000,0x0000008977100000]
Native frames: (J=compiled Java code, j=interpreted, Vv=VM code, C=native code)
V  [jvm.dll+0x6d7e19]
V  [jvm.dll+0x8b5096]
V  [jvm.dll+0x8b764e]
V  [jvm.dll+0x8b7d33]
V  [jvm.dll+0x284596]
V  [jvm.dll+0xc685d]
V  [jvm.dll+0xc6da1]
V  [jvm.dll+0x3bed31]
V  [jvm.dll+0x38b2b2]
V  [jvm.dll+0x38a6fa]
V  [jvm.dll+0x24c700]
V  [jvm.dll+0x24bce0]
V  [jvm.dll+0x1cb4ae]
V  [jvm.dll+0x25baad]
V  [jvm.dll+0x25a03a]
V  [jvm.dll+0x3f868e]
V  [jvm.dll+0x85fb0d]
V  [jvm.dll+0x6d664d]
C  [ucrtbase.dll+0x2cd30]
C  [KERNEL32.DLL+0x2e957]
C  [ntdll.dll+0x87c1c]


---------------  P R O C E S S  ---------------

Threads class SMR info:
_java_thread_list=0x000001ab3837aba0, length=145, elements={
0x000001ab79c70d80, 0x000001ab15a0aeb0, 0x000001ab15a0e640, 0x000001ab15a12490,
0x000001ab15a17a30, 0x000001ab15a19000, 0x000001ab15a1e1c0, 0x000001ab15a29420,
0x000001ab15a2cf80, 0x000001ab15cb5020, 0x000001ab15c43bf0, 0x000001ab36520fd0,
0x000001ab366ba6d0, 0x000001ab365f4c60, 0x000001ab36b178d0, 0x000001ab36b1bf50,
0x000001ab36572910, 0x000001ab366f74e0, 0x000001ab366f8890, 0x000001ab366f6130,
0x000001ab366f8200, 0x000001ab366f8f20, 0x000001ab366f67c0, 0x000001ab366f95b0,
0x000001ab366f7b70, 0x000001ab38e3cb10, 0x000001ab38e3dec0, 0x000001ab38e3d1a0,
0x000001ab38e3e550, 0x000001ab38e3d830, 0x000001ab38e3bdf0, 0x000001ab38e3b760,
0x000001ab39200e50, 0x000001ab392014e0, 0x000001ab392007c0, 0x000001ab39202200,
0x000001ab391ff410, 0x000001ab39202890, 0x000001ab39205680, 0x000001ab39203c40,
0x000001ab39202f20, 0x000001ab38e3c480, 0x000001ab3839dd00, 0x000001ab3839c2c0,
0x000001ab3839d670, 0x000001ab3839a880, 0x000001ab3839af10, 0x000001ab3839e390,
0x000001ab3839bc30, 0x000001ab3839ea20, 0x000001ab3839b5a0, 0x000001ab3839f740,
0x000001ab3839fdd0, 0x000001ab3839f0b0, 0x000001ab3839c950, 0x000001ab383a0460,
0x000001ab3839cfe0, 0x000001ab383a0af0, 0x000001ab383a1180, 0x000001ab383a1810,
0x000001ab383a1ea0, 0x000001ab358ba330, 0x000001ab358b9ca0, 0x000001ab358b88f0,
0x000001ab38424b50, 0x000001ab38423110, 0x000001ab384251e0, 0x000001ab38421d60,
0x000001ab384244c0, 0x000001ab38425870, 0x000001ab38423e30, 0x000001ab384223f0,
0x000001ab38426590, 0x000001ab384272b0, 0x000001ab38425f00, 0x000001ab38427940,
0x000001ab38427fd0, 0x000001ab38426c20, 0x000001ab358bbd70, 0x000001ab358b8f80,
0x000001ab358bf1f0, 0x000001ab358bca90, 0x000001ab358bde40, 0x000001ab358bd120,
0x000001ab358be4d0, 0x000001ab358beb60, 0x000001ab358bd7b0, 0x000001ab381b5be0,
0x000001ab381b89d0, 0x000001ab381b6f90, 0x000001ab381b6270, 0x000001ab381b9060,
0x000001ab381b96f0, 0x000001ab381b9d80, 0x000001ab381b7cb0, 0x000001ab381b7620,
0x000001ab381b8340, 0x000001ab381b6900, 0x000001ab381bbe50, 0x000001ab381bc4e0,
0x000001ab381bd200, 0x000001ab381bcb70, 0x000001ab381ba410, 0x000001ab381baaa0,
0x000001ab381e3980, 0x000001ab381e7490, 0x000001ab381e5a50, 0x000001ab381e60e0,
0x000001ab381e6e00, 0x000001ab381e7b20, 0x000001ab381e4d30, 0x000001ab381e81b0,
0x000001ab3824b4d0, 0x000001ab3824ae40, 0x000001ab382486e0, 0x000001ab38248d70,
0x000001ab3824a120, 0x000001ab3824a7b0, 0x000001ab38249400, 0x000001ab38249a90,
0x000001ab381e2c60, 0x000001ab381e4010, 0x000001ab381e25d0, 0x000001ab381e18b0,
0x000001ab381e0b90, 0x000001ab381e46a0, 0x000001ab381e1220, 0x000001ab381bb130,
0x000001ab381bb7c0, 0x000001ab3728c840, 0x000001ab3728bb20, 0x000001ab3728ae00,
0x000001ab3728a770, 0x000001ab3728c1b0, 0x000001ab3728ced0, 0x000001ab388f3100,
0x000001ab388f0310, 0x000001ab388f16c0, 0x000001ab388f2a70, 0x000001ab388efc80,
0x000001ab388f1d50, 0x000001ab388f5860, 0x000001ab388fa720, 0x000001ab388f7fc0,
0x000001ab388f51d0
}

Java Threads: ( => current thread )
  0x000001ab79c70d80 JavaThread "main"                              [_thread_blocked, id=7088, stack(0x0000008976200000,0x0000008976300000) (1024K)]
  0x000001ab15a0aeb0 JavaThread "Reference Handler"          daemon [_thread_blocked, id=17544, stack(0x0000008976a00000,0x0000008976b00000) (1024K)]
  0x000001ab15a0e640 JavaThread "Finalizer"                  daemon [_thread_blocked, id=21668, stack(0x0000008976b00000,0x0000008976c00000) (1024K)]
  0x000001ab15a12490 JavaThread "Signal Dispatcher"          daemon [_thread_blocked, id=7656, stack(0x0000008976c00000,0x0000008976d00000) (1024K)]
  0x000001ab15a17a30 JavaThread "Attach Listener"            daemon [_thread_blocked, id=16284, stack(0x0000008976d00000,0x0000008976e00000) (1024K)]
  0x000001ab15a19000 JavaThread "Service Thread"             daemon [_thread_blocked, id=23616, stack(0x0000008976e00000,0x0000008976f00000) (1024K)]
  0x000001ab15a1e1c0 JavaThread "Monitor Deflation Thread"   daemon [_thread_blocked, id=1532, stack(0x0000008976f00000,0x0000008977000000) (1024K)]
=>0x000001ab15a29420 JavaThread "C2 CompilerThread0"         daemon [_thread_in_native, id=19020, stack(0x0000008977000000,0x0000008977100000) (1024K)]
  0x000001ab15a2cf80 JavaThread "C1 CompilerThread0"         daemon [_thread_blocked, id=12764, stack(0x0000008977100000,0x0000008977200000) (1024K)]
  0x000001ab15cb5020 JavaThread "Common-Cleaner"             daemon [_thread_blocked, id=19964, stack(0x0000008977200000,0x0000008977300000) (1024K)]
  0x000001ab15c43bf0 JavaThread "Notification Thread"        daemon [_thread_blocked, id=10044, stack(0x0000008977300000,0x0000008977400000) (1024K)]
  0x000001ab36520fd0 JavaThread "Daemon health stats"               [_thread_blocked, id=6468, stack(0x0000008977800000,0x0000008977900000) (1024K)]
  0x000001ab366ba6d0 JavaThread "Incoming local TCP Connector on port 55938"        [_thread_in_native, id=12788, stack(0x0000008977c00000,0x0000008977d00000) (1024K)]
  0x000001ab365f4c60 JavaThread "Daemon periodic checks"            [_thread_blocked, id=15368, stack(0x0000008977d00000,0x0000008977e00000) (1024K)]
  0x000001ab36b178d0 JavaThread "Daemon"                            [_thread_blocked, id=11392, stack(0x0000008977e00000,0x0000008977f00000) (1024K)]
  0x000001ab36b1bf50 JavaThread "Handler for socket connection from /127.0.0.1:55938 to /127.0.0.1:55939"        [_thread_in_native, id=19780, stack(0x0000008977f00000,0x0000008978000000) (1024K)]
  0x000001ab36572910 JavaThread "Cancel handler"                    [_thread_blocked, id=16712, stack(0x0000008978000000,0x0000008978100000) (1024K)]
  0x000001ab366f74e0 JavaThread "Daemon worker"                     [_thread_in_vm, id=10604, stack(0x0000008978100000,0x0000008978200000) (1024K)]
  0x000001ab366f8890 JavaThread "Asynchronous log dispatcher for DefaultDaemonConnection: socket connection from /127.0.0.1:55938 to /127.0.0.1:55939"        [_thread_blocked, id=12388, stack(0x0000008978200000,0x0000008978300000) (1024K)]
  0x000001ab366f6130 JavaThread "Stdin handler"                     [_thread_blocked, id=22236, stack(0x0000008978300000,0x0000008978400000) (1024K)]
  0x000001ab366f8200 JavaThread "Daemon client event forwarder"        [_thread_blocked, id=1764, stack(0x0000008978400000,0x0000008978500000) (1024K)]
  0x000001ab366f8f20 JavaThread "Cache worker for journal cache (C:\Users\Vauras\.gradle\caches\journal-1)"        [_thread_blocked, id=2704, stack(0x0000008978500000,0x0000008978600000) (1024K)]
  0x000001ab366f67c0 JavaThread "File lock request listener"        [_thread_in_native, id=16816, stack(0x0000008978600000,0x0000008978700000) (1024K)]
  0x000001ab366f95b0 JavaThread "Cache worker for file hash cache (C:\Users\Vauras\.gradle\caches\8.13\fileHashes)"        [_thread_blocked, id=16296, stack(0x0000008978700000,0x0000008978800000) (1024K)]
  0x000001ab366f7b70 JavaThread "File lock release action executor"        [_thread_blocked, id=2988, stack(0x0000008978800000,0x0000008978900000) (1024K)]
  0x000001ab38e3cb10 JavaThread "Cache worker for file hash cache (D:\salarybooks_mobileapp\Salarybooks-App\android\.gradle\8.13\fileHashes)"        [_thread_blocked, id=17076, stack(0x0000008978a00000,0x0000008978b00000) (1024K)]
  0x000001ab38e3dec0 JavaThread "Cache worker for Build Output Cleanup Cache (D:\salarybooks_mobileapp\Salarybooks-App\android\.gradle\buildOutputCleanup)"        [_thread_blocked, id=20980, stack(0x0000008978b00000,0x0000008978c00000) (1024K)]
  0x000001ab38e3d1a0 JavaThread "File watcher server"        daemon [_thread_in_native, id=24212, stack(0x0000008978c00000,0x0000008978d00000) (1024K)]
  0x000001ab38e3e550 JavaThread "File watcher consumer"      daemon [_thread_blocked, id=15448, stack(0x0000008978d00000,0x0000008978e00000) (1024K)]
  0x000001ab38e3d830 JavaThread "jar transforms"                    [_thread_blocked, id=13200, stack(0x0000008978e00000,0x0000008978f00000) (1024K)]
  0x000001ab38e3bdf0 JavaThread "Cache worker for checksums cache (D:\salarybooks_mobileapp\Salarybooks-App\android\.gradle\8.13\checksums)"        [_thread_blocked, id=20368, stack(0x0000008978f00000,0x0000008979000000) (1024K)]
  0x000001ab38e3b760 JavaThread "Cache worker for file content cache (C:\Users\Vauras\.gradle\caches\8.13\fileContent)"        [_thread_blocked, id=9080, stack(0x0000008979000000,0x0000008979100000) (1024K)]
  0x000001ab39200e50 JavaThread "Cache worker for cache directory md-supplier (C:\Users\Vauras\.gradle\caches\8.13\md-supplier)"        [_thread_blocked, id=25084, stack(0x0000008979100000,0x0000008979200000) (1024K)]
  0x000001ab392014e0 JavaThread "Cache worker for cache directory md-rule (C:\Users\Vauras\.gradle\caches\8.13\md-rule)"        [_thread_blocked, id=8452, stack(0x0000008979200000,0x0000008979300000) (1024K)]
  0x000001ab392007c0 JavaThread "Cache worker for Build Output Cleanup Cache (D:\salarybooks_mobileapp\Salarybooks-App\node_modules\@react-native\gradle-plugin\.gradle\buildOutputCleanup)"        [_thread_blocked, id=8484, stack(0x0000008979300000,0x0000008979400000) (1024K)]
  0x000001ab39202200 JavaThread "Unconstrained build operations"        [_thread_blocked, id=5564, stack(0x0000008979400000,0x0000008979500000) (1024K)]
  0x000001ab391ff410 JavaThread "Unconstrained build operations Thread 2"        [_thread_blocked, id=17588, stack(0x0000008979500000,0x0000008979600000) (1024K)]
  0x000001ab39202890 JavaThread "Unconstrained build operations Thread 3"        [_thread_blocked, id=23008, stack(0x0000008979600000,0x0000008979700000) (1024K)]
  0x000001ab39205680 JavaThread "Unconstrained build operations Thread 4"        [_thread_blocked, id=11168, stack(0x0000008979700000,0x0000008979800000) (1024K)]
  0x000001ab39203c40 JavaThread "Unconstrained build operations Thread 5"        [_thread_blocked, id=18776, stack(0x0000008979800000,0x0000008979900000) (1024K)]
  0x000001ab39202f20 JavaThread "Unconstrained build operations Thread 6"        [_thread_blocked, id=12208, stack(0x0000008979900000,0x0000008979a00000) (1024K)]
  0x000001ab38e3c480 JavaThread "Unconstrained build operations Thread 7"        [_thread_blocked, id=1880, stack(0x0000008979a00000,0x0000008979b00000) (1024K)]
  0x000001ab3839dd00 JavaThread "Unconstrained build operations Thread 8"        [_thread_blocked, id=7744, stack(0x0000008979b00000,0x0000008979c00000) (1024K)]
  0x000001ab3839c2c0 JavaThread "Unconstrained build operations Thread 9"        [_thread_blocked, id=17012, stack(0x0000008979c00000,0x0000008979d00000) (1024K)]
  0x000001ab3839d670 JavaThread "Unconstrained build operations Thread 10"        [_thread_blocked, id=19648, stack(0x0000008979d00000,0x0000008979e00000) (1024K)]
  0x000001ab3839a880 JavaThread "Unconstrained build operations Thread 11"        [_thread_blocked, id=6272, stack(0x0000008979e00000,0x0000008979f00000) (1024K)]
  0x000001ab3839af10 JavaThread "Unconstrained build operations Thread 12"        [_thread_blocked, id=20752, stack(0x0000008979f00000,0x000000897a000000) (1024K)]
  0x000001ab3839e390 JavaThread "Unconstrained build operations Thread 13"        [_thread_blocked, id=8880, stack(0x000000897a000000,0x000000897a100000) (1024K)]
  0x000001ab3839bc30 JavaThread "Unconstrained build operations Thread 14"        [_thread_blocked, id=15496, stack(0x000000897a100000,0x000000897a200000) (1024K)]
  0x000001ab3839ea20 JavaThread "Unconstrained build operations Thread 15"        [_thread_blocked, id=1852, stack(0x000000897a200000,0x000000897a300000) (1024K)]
  0x000001ab3839b5a0 JavaThread "Unconstrained build operations Thread 16"        [_thread_blocked, id=2188, stack(0x000000897a300000,0x000000897a400000) (1024K)]
  0x000001ab3839f740 JavaThread "Unconstrained build operations Thread 17"        [_thread_blocked, id=11156, stack(0x000000897a400000,0x000000897a500000) (1024K)]
  0x000001ab3839fdd0 JavaThread "Unconstrained build operations Thread 18"        [_thread_blocked, id=17068, stack(0x000000897a500000,0x000000897a600000) (1024K)]
  0x000001ab3839f0b0 JavaThread "Unconstrained build operations Thread 19"        [_thread_blocked, id=6956, stack(0x000000897a600000,0x000000897a700000) (1024K)]
  0x000001ab3839c950 JavaThread "Unconstrained build operations Thread 20"        [_thread_blocked, id=20304, stack(0x000000897a700000,0x000000897a800000) (1024K)]
  0x000001ab383a0460 JavaThread "Unconstrained build operations Thread 21"        [_thread_blocked, id=24956, stack(0x000000897a800000,0x000000897a900000) (1024K)]
  0x000001ab3839cfe0 JavaThread "Unconstrained build operations Thread 22"        [_thread_blocked, id=20704, stack(0x000000897a900000,0x000000897aa00000) (1024K)]
  0x000001ab383a0af0 JavaThread "Unconstrained build operations Thread 23"        [_thread_blocked, id=24172, stack(0x000000897aa00000,0x000000897ab00000) (1024K)]
  0x000001ab383a1180 JavaThread "Unconstrained build operations Thread 24"        [_thread_blocked, id=18792, stack(0x000000897ab00000,0x000000897ac00000) (1024K)]
  0x000001ab383a1810 JavaThread "Unconstrained build operations Thread 25"        [_thread_blocked, id=23936, stack(0x000000897ac00000,0x000000897ad00000) (1024K)]
  0x000001ab383a1ea0 JavaThread "Unconstrained build operations Thread 26"        [_thread_blocked, id=18304, stack(0x000000897ad00000,0x000000897ae00000) (1024K)]
  0x000001ab358ba330 JavaThread "Unconstrained build operations Thread 27"        [_thread_blocked, id=8260, stack(0x000000897ae00000,0x000000897af00000) (1024K)]
  0x000001ab358b9ca0 JavaThread "build event listener"              [_thread_blocked, id=19192, stack(0x000000897af00000,0x000000897b000000) (1024K)]
  0x000001ab358b88f0 JavaThread "Memory manager"                    [_thread_blocked, id=10452, stack(0x000000897b000000,0x000000897b100000) (1024K)]
  0x000001ab38424b50 JavaThread "ForkJoinPool.commonPool-worker-1" daemon [_thread_blocked, id=20776, stack(0x000000897b100000,0x000000897b200000) (1024K)]
  0x000001ab38423110 JavaThread "ForkJoinPool.commonPool-worker-2" daemon [_thread_blocked, id=21140, stack(0x000000897b200000,0x000000897b300000) (1024K)]
  0x000001ab384251e0 JavaThread "ForkJoinPool.commonPool-worker-3" daemon [_thread_blocked, id=19168, stack(0x000000897b300000,0x000000897b400000) (1024K)]
  0x000001ab38421d60 JavaThread "ForkJoinPool.commonPool-worker-4" daemon [_thread_blocked, id=16408, stack(0x000000897b400000,0x000000897b500000) (1024K)]
  0x000001ab384244c0 JavaThread "ForkJoinPool.commonPool-worker-6" daemon [_thread_blocked, id=13516, stack(0x000000897b500000,0x000000897b600000) (1024K)]
  0x000001ab38425870 JavaThread "ForkJoinPool.commonPool-worker-5" daemon [_thread_blocked, id=19028, stack(0x000000897b600000,0x000000897b700000) (1024K)]
  0x000001ab38423e30 JavaThread "ForkJoinPool.commonPool-worker-7" daemon [_thread_blocked, id=13564, stack(0x000000897b700000,0x000000897b800000) (1024K)]
  0x000001ab384223f0 JavaThread "Exec process"                      [_thread_blocked, id=14256, stack(0x000000897b800000,0x000000897b900000) (1024K)]
  0x000001ab38426590 JavaThread "Exec process Thread 2"             [_thread_blocked, id=2404, stack(0x000000897b900000,0x000000897ba00000) (1024K)]
  0x000001ab384272b0 JavaThread "Exec process Thread 3"             [_thread_blocked, id=11464, stack(0x000000897ba00000,0x000000897bb00000) (1024K)]
  0x000001ab38425f00 JavaThread "included builds"                   [_thread_blocked, id=25544, stack(0x000000897bb00000,0x000000897bc00000) (1024K)]
  0x000001ab38427940 JavaThread "Execution worker"                  [_thread_blocked, id=16452, stack(0x000000897bc00000,0x000000897bd00000) (1024K)]
  0x000001ab38427fd0 JavaThread "Execution worker Thread 2"         [_thread_blocked, id=800, stack(0x000000897bd00000,0x000000897be00000) (1024K)]
  0x000001ab38426c20 JavaThread "Execution worker Thread 3"         [_thread_blocked, id=9592, stack(0x000000897be00000,0x000000897bf00000) (1024K)]
  0x000001ab358bbd70 JavaThread "Execution worker Thread 4"         [_thread_blocked, id=12088, stack(0x000000897bf00000,0x000000897c000000) (1024K)]
  0x000001ab358b8f80 JavaThread "Execution worker Thread 5"         [_thread_blocked, id=25276, stack(0x000000897c000000,0x000000897c100000) (1024K)]
  0x000001ab358bf1f0 JavaThread "Execution worker Thread 6"         [_thread_blocked, id=21688, stack(0x000000897c100000,0x000000897c200000) (1024K)]
  0x000001ab358bca90 JavaThread "Execution worker Thread 7"         [_thread_blocked, id=18940, stack(0x000000897c200000,0x000000897c300000) (1024K)]
  0x000001ab358bde40 JavaThread "Cache worker for execution history cache (D:\salarybooks_mobileapp\Salarybooks-App\node_modules\@react-native\gradle-plugin\.gradle\8.13\executionHistory)"        [_thread_blocked, id=22664, stack(0x000000897c300000,0x000000897c400000) (1024K)]
  0x000001ab358bd120 JavaThread "Unconstrained build operations Thread 28"        [_thread_blocked, id=23688, stack(0x000000897c400000,0x000000897c500000) (1024K)]
  0x000001ab358be4d0 JavaThread "Unconstrained build operations Thread 29"        [_thread_blocked, id=19984, stack(0x000000897c500000,0x000000897c600000) (1024K)]
  0x000001ab358beb60 JavaThread "Unconstrained build operations Thread 30"        [_thread_blocked, id=16680, stack(0x000000897c600000,0x000000897c700000) (1024K)]
  0x000001ab358bd7b0 JavaThread "Unconstrained build operations Thread 31"        [_thread_blocked, id=20032, stack(0x000000897c700000,0x000000897c800000) (1024K)]
  0x000001ab381b5be0 JavaThread "Unconstrained build operations Thread 32"        [_thread_blocked, id=1500, stack(0x000000897c800000,0x000000897c900000) (1024K)]
  0x000001ab381b89d0 JavaThread "Unconstrained build operations Thread 33"        [_thread_blocked, id=21784, stack(0x000000897c900000,0x000000897ca00000) (1024K)]
  0x000001ab381b6f90 JavaThread "Unconstrained build operations Thread 34"        [_thread_blocked, id=796, stack(0x000000897ca00000,0x000000897cb00000) (1024K)]
  0x000001ab381b6270 JavaThread "Unconstrained build operations Thread 35"        [_thread_blocked, id=20680, stack(0x000000897cb00000,0x000000897cc00000) (1024K)]
  0x000001ab381b9060 JavaThread "Unconstrained build operations Thread 36"        [_thread_blocked, id=15648, stack(0x000000897cc00000,0x000000897cd00000) (1024K)]
  0x000001ab381b96f0 JavaThread "Unconstrained build operations Thread 37"        [_thread_blocked, id=25088, stack(0x000000897cd00000,0x000000897ce00000) (1024K)]
  0x000001ab381b9d80 JavaThread "Unconstrained build operations Thread 38"        [_thread_blocked, id=13952, stack(0x000000897ce00000,0x000000897cf00000) (1024K)]
  0x000001ab381b7cb0 JavaThread "Unconstrained build operations Thread 39"        [_thread_blocked, id=18712, stack(0x000000897cf00000,0x000000897d000000) (1024K)]
  0x000001ab381b7620 JavaThread "Unconstrained build operations Thread 40"        [_thread_blocked, id=2880, stack(0x000000897d000000,0x000000897d100000) (1024K)]
  0x000001ab381b8340 JavaThread "Unconstrained build operations Thread 41"        [_thread_blocked, id=13328, stack(0x000000897d100000,0x000000897d200000) (1024K)]
  0x000001ab381b6900 JavaThread "Unconstrained build operations Thread 42"        [_thread_blocked, id=14040, stack(0x000000897d200000,0x000000897d300000) (1024K)]
  0x000001ab381bbe50 JavaThread "Unconstrained build operations Thread 43"        [_thread_blocked, id=5024, stack(0x000000897d300000,0x000000897d400000) (1024K)]
  0x000001ab381bc4e0 JavaThread "Unconstrained build operations Thread 44"        [_thread_blocked, id=14592, stack(0x000000897d400000,0x000000897d500000) (1024K)]
  0x000001ab381bd200 JavaThread "Unconstrained build operations Thread 45"        [_thread_blocked, id=23136, stack(0x000000897d500000,0x000000897d600000) (1024K)]
  0x000001ab381bcb70 JavaThread "Unconstrained build operations Thread 46"        [_thread_blocked, id=13080, stack(0x000000897d600000,0x000000897d700000) (1024K)]
  0x000001ab381ba410 JavaThread "Unconstrained build operations Thread 47"        [_thread_blocked, id=9432, stack(0x000000897d700000,0x000000897d800000) (1024K)]
  0x000001ab381baaa0 JavaThread "Unconstrained build operations Thread 48"        [_thread_blocked, id=5960, stack(0x000000897d800000,0x000000897d900000) (1024K)]
  0x000001ab381e3980 JavaThread "Unconstrained build operations Thread 49"        [_thread_blocked, id=11100, stack(0x000000897d900000,0x000000897da00000) (1024K)]
  0x000001ab381e7490 JavaThread "Unconstrained build operations Thread 50"        [_thread_blocked, id=19208, stack(0x000000897da00000,0x000000897db00000) (1024K)]
  0x000001ab381e5a50 JavaThread "Unconstrained build operations Thread 51"        [_thread_blocked, id=1924, stack(0x000000897db00000,0x000000897dc00000) (1024K)]
  0x000001ab381e60e0 JavaThread "Unconstrained build operations Thread 52"        [_thread_blocked, id=14704, stack(0x000000897dc00000,0x000000897dd00000) (1024K)]
  0x000001ab381e6e00 JavaThread "Unconstrained build operations Thread 53"        [_thread_blocked, id=15176, stack(0x000000897dd00000,0x000000897de00000) (1024K)]
  0x000001ab381e7b20 JavaThread "Unconstrained build operations Thread 54"        [_thread_blocked, id=5380, stack(0x000000897de00000,0x000000897df00000) (1024K)]
  0x000001ab381e4d30 JavaThread "Unconstrained build operations Thread 55"        [_thread_blocked, id=17652, stack(0x000000897df00000,0x000000897e000000) (1024K)]
  0x000001ab381e81b0 JavaThread "Unconstrained build operations Thread 56"        [_thread_blocked, id=1004, stack(0x000000897e000000,0x000000897e100000) (1024K)]
  0x000001ab3824b4d0 JavaThread "Unconstrained build operations Thread 57"        [_thread_blocked, id=7580, stack(0x000000897e100000,0x000000897e200000) (1024K)]
  0x000001ab3824ae40 JavaThread "Unconstrained build operations Thread 58"        [_thread_blocked, id=6008, stack(0x000000897e200000,0x000000897e300000) (1024K)]
  0x000001ab382486e0 JavaThread "Unconstrained build operations Thread 59"        [_thread_blocked, id=19620, stack(0x000000897e300000,0x000000897e400000) (1024K)]
  0x000001ab38248d70 JavaThread "Unconstrained build operations Thread 60"        [_thread_blocked, id=16340, stack(0x000000897e400000,0x000000897e500000) (1024K)]
  0x000001ab3824a120 JavaThread "Unconstrained build operations Thread 61"        [_thread_blocked, id=16376, stack(0x000000897e500000,0x000000897e600000) (1024K)]
  0x000001ab3824a7b0 JavaThread "Unconstrained build operations Thread 62"        [_thread_blocked, id=19616, stack(0x000000897e600000,0x000000897e700000) (1024K)]
  0x000001ab38249400 JavaThread "Unconstrained build operations Thread 63"        [_thread_blocked, id=24276, stack(0x000000897e700000,0x000000897e800000) (1024K)]
  0x000001ab38249a90 JavaThread "Unconstrained build operations Thread 64"        [_thread_blocked, id=12444, stack(0x000000897e800000,0x000000897e900000) (1024K)]
  0x000001ab381e2c60 JavaThread "Unconstrained build operations Thread 65"        [_thread_blocked, id=20576, stack(0x000000897e900000,0x000000897ea00000) (1024K)]
  0x000001ab381e4010 JavaThread "Unconstrained build operations Thread 66"        [_thread_blocked, id=23920, stack(0x000000897ea00000,0x000000897eb00000) (1024K)]
  0x000001ab381e25d0 JavaThread "Unconstrained build operations Thread 67"        [_thread_blocked, id=9624, stack(0x000000897eb00000,0x000000897ec00000) (1024K)]
  0x000001ab381e18b0 JavaThread "Unconstrained build operations Thread 68"        [_thread_blocked, id=21740, stack(0x000000897ec00000,0x000000897ed00000) (1024K)]
  0x000001ab381e0b90 JavaThread "Unconstrained build operations Thread 69"        [_thread_blocked, id=19960, stack(0x000000897ed00000,0x000000897ee00000) (1024K)]
  0x000001ab381e46a0 JavaThread "Unconstrained build operations Thread 70"        [_thread_blocked, id=5028, stack(0x000000897ee00000,0x000000897ef00000) (1024K)]
  0x000001ab381e1220 JavaThread "Unconstrained build operations Thread 71"        [_thread_blocked, id=5424, stack(0x000000897ef00000,0x000000897f000000) (1024K)]
  0x000001ab381bb130 JavaThread "Unconstrained build operations Thread 72"        [_thread_blocked, id=25060, stack(0x000000897f000000,0x000000897f100000) (1024K)]
  0x000001ab381bb7c0 JavaThread "Unconstrained build operations Thread 73"        [_thread_blocked, id=14924, stack(0x000000897f100000,0x000000897f200000) (1024K)]
  0x000001ab3728c840 JavaThread "Unconstrained build operations Thread 74"        [_thread_blocked, id=25212, stack(0x000000897f200000,0x000000897f300000) (1024K)]
  0x000001ab3728bb20 JavaThread "Unconstrained build operations Thread 75"        [_thread_blocked, id=17412, stack(0x000000897f300000,0x000000897f400000) (1024K)]
  0x000001ab3728ae00 JavaThread "Unconstrained build operations Thread 76"        [_thread_blocked, id=9936, stack(0x000000897f400000,0x000000897f500000) (1024K)]
  0x000001ab3728a770 JavaThread "Unconstrained build operations Thread 77"        [_thread_blocked, id=13524, stack(0x000000897f500000,0x000000897f600000) (1024K)]
  0x000001ab3728c1b0 JavaThread "jar transforms Thread 2"           [_thread_blocked, id=1320, stack(0x000000897f600000,0x000000897f700000) (1024K)]
  0x000001ab3728ced0 JavaThread "jar transforms Thread 3"           [_thread_blocked, id=21324, stack(0x000000897f700000,0x000000897f800000) (1024K)]
  0x000001ab388f3100 JavaThread "Unconstrained build operations Thread 78"        [_thread_blocked, id=1048, stack(0x000000897f800000,0x000000897f900000) (1024K)]
  0x000001ab388f0310 JavaThread "Unconstrained build operations Thread 79"        [_thread_blocked, id=15044, stack(0x000000897f900000,0x000000897fa00000) (1024K)]
  0x000001ab388f16c0 JavaThread "Unconstrained build operations Thread 80"        [_thread_blocked, id=13944, stack(0x000000897fa00000,0x000000897fb00000) (1024K)]
  0x000001ab388f2a70 JavaThread "jar transforms Thread 4"           [_thread_blocked, id=1784, stack(0x000000897fb00000,0x000000897fc00000) (1024K)]
  0x000001ab388efc80 JavaThread "jar transforms Thread 5"           [_thread_blocked, id=19704, stack(0x000000897fc00000,0x000000897fd00000) (1024K)]
  0x000001ab388f1d50 JavaThread "jar transforms Thread 6"           [_thread_blocked, id=2632, stack(0x000000897fd00000,0x000000897fe00000) (1024K)]
  0x000001ab388f5860 JavaThread "Problems report writer"            [_thread_blocked, id=2832, stack(0x000000897fe00000,0x000000897ff00000) (1024K)]
  0x000001ab388fa720 JavaThread "build event listener"              [_thread_blocked, id=12420, stack(0x000000897ff00000,0x0000008980000000) (1024K)]
  0x000001ab388f7fc0 JavaThread "jar transforms Thread 7"           [_thread_blocked, id=22584, stack(0x0000008900000000,0x0000008900100000) (1024K)]
  0x000001ab388f51d0 JavaThread "jar transforms Thread 8"           [_thread_blocked, id=2172, stack(0x0000008900100000,0x0000008900200000) (1024K)]
Total: 145

Other Threads:
  0x000001ab159efc50 VMThread "VM Thread"                           [id=11512, stack(0x0000008976900000,0x0000008976a00000) (1024K)]
  0x000001ab159dbd80 WatcherThread "VM Periodic Task Thread"        [id=23224, stack(0x0000008976800000,0x0000008976900000) (1024K)]
  0x000001ab79cd95e0 WorkerThread "GC Thread#0"                     [id=11900, stack(0x0000008976300000,0x0000008976400000) (1024K)]
  0x000001ab15e745b0 WorkerThread "GC Thread#1"                     [id=19176, stack(0x0000008977400000,0x0000008977500000) (1024K)]
  0x000001ab3505f460 WorkerThread "GC Thread#2"                     [id=2908, stack(0x0000008977500000,0x0000008977600000) (1024K)]
  0x000001ab3505ed00 WorkerThread "GC Thread#3"                     [id=18364, stack(0x0000008977600000,0x0000008977700000) (1024K)]
  0x000001ab3505ff70 WorkerThread "GC Thread#4"                     [id=23540, stack(0x0000008977700000,0x0000008977800000) (1024K)]
  0x000001ab366685a0 WorkerThread "GC Thread#5"                     [id=13760, stack(0x0000008977900000,0x0000008977a00000) (1024K)]
  0x000001ab366676e0 WorkerThread "GC Thread#6"                     [id=23152, stack(0x0000008977a00000,0x0000008977b00000) (1024K)]
  0x000001ab366690b0 WorkerThread "GC Thread#7"                     [id=14696, stack(0x0000008977b00000,0x0000008977c00000) (1024K)]
  0x000001ab79cebb00 ConcurrentGCThread "G1 Main Marker"            [id=19072, stack(0x0000008976400000,0x0000008976500000) (1024K)]
  0x000001ab79ced530 WorkerThread "G1 Conc#0"                       [id=25176, stack(0x0000008976500000,0x0000008976600000) (1024K)]
  0x000001ab36666bd0 WorkerThread "G1 Conc#1"                       [id=25012, stack(0x0000008978900000,0x0000008978a00000) (1024K)]
  0x000001ab79d2eb40 ConcurrentGCThread "G1 Refine#0"               [id=19396, stack(0x0000008976600000,0x0000008976700000) (1024K)]
  0x000001ab158ab770 ConcurrentGCThread "G1 Service"                [id=14036, stack(0x0000008976700000,0x0000008976800000) (1024K)]
Total: 15

Threads with active compile tasks:
C2 CompilerThread0  83073 15616       4       java.lang.invoke.DelegatingMethodHandle::makeReinvokerForm (326 bytes)
Total: 1

VM state: not at safepoint (normal execution)

VM Mutex/Monitor currently owned by a thread: None

Heap address: 0x0000000700000000, size: 4096 MB, Compressed Oops mode: Zero based, Oop shift amount: 3

CDS archive(s) mapped at: [0x000001ab16000000-0x000001ab16ba0000-0x000001ab16ba0000), size 12189696, SharedBaseAddress: 0x000001ab16000000, ArchiveRelocationMode: 1.
Compressed class space mapped at: 0x000001ab17000000-0x000001ab31000000, reserved size: 436207616
Narrow klass base: 0x000001ab16000000, Narrow klass shift: 0, Narrow klass range: 0x100000000

GC Precious Log:
 CardTable entry size: 512
 Card Set container configuration: InlinePtr #cards 4 size 8 Array Of Cards #cards 16 size 48 Howl #buckets 8 coarsen threshold 3686 Howl Bitmap #cards 512 size 80 coarsen threshold 460 Card regions per heap region 1 cards per card region 4096
 CPUs: 8 total, 8 available
 Memory: 7418M
 Large Page Support: Disabled
 NUMA Support: Disabled
 Compressed Oops: Enabled (Zero based)
 Heap Region Size: 2M
 Heap Min Capacity: 8M
 Heap Initial Capacity: 116M
 Heap Max Capacity: 4G
 Pre-touch: Disabled
 Parallel Workers: 8
 Concurrent Workers: 2
 Concurrent Refinement Workers: 8
 Periodic GC: Disabled

Heap:
 garbage-first heap   total 294912K, used 215203K [0x0000000700000000, 0x0000000800000000)
  region size 2048K, 24 young (49152K), 3 survivors (6144K)
 Metaspace       used 113688K, committed 116480K, reserved 557056K
  class space    used 16098K, committed 17472K, reserved 425984K

Heap Regions: E=young(eden), S=young(survivor), O=old, HS=humongous(starts), HC=humongous(continues), CS=collection set, F=free, TAMS=top-at-mark-start, PB=parsable bottom
|   0|0x0000000700000000, 0x0000000700200000, 0x0000000700200000|100%|HS|  |TAMS 0x0000000700000000| PB 0x0000000700000000| Complete 
|   1|0x0000000700200000, 0x0000000700400000, 0x0000000700400000|100%|HC|  |TAMS 0x0000000700200000| PB 0x0000000700200000| Complete 
|   2|0x0000000700400000, 0x0000000700600000, 0x0000000700600000|100%| O|  |TAMS 0x0000000700400000| PB 0x0000000700400000| Untracked 
|   3|0x0000000700600000, 0x0000000700800000, 0x0000000700800000|100%| O|  |TAMS 0x0000000700600000| PB 0x0000000700600000| Untracked 
|   4|0x0000000700800000, 0x0000000700a00000, 0x0000000700a00000|100%| O|  |TAMS 0x0000000700800000| PB 0x0000000700800000| Untracked 
|   5|0x0000000700a00000, 0x0000000700c00000, 0x0000000700c00000|100%| O|  |TAMS 0x0000000700a00000| PB 0x0000000700a00000| Untracked 
|   6|0x0000000700c00000, 0x0000000700e00000, 0x0000000700e00000|100%| O|  |TAMS 0x0000000700c00000| PB 0x0000000700c00000| Untracked 
|   7|0x0000000700e00000, 0x0000000701000000, 0x0000000701000000|100%| O|  |TAMS 0x0000000700e00000| PB 0x0000000700e00000| Untracked 
|   8|0x0000000701000000, 0x0000000701200000, 0x0000000701200000|100%| O|  |TAMS 0x0000000701000000| PB 0x0000000701000000| Untracked 
|   9|0x0000000701200000, 0x0000000701400000, 0x0000000701400000|100%| O|  |TAMS 0x0000000701200000| PB 0x0000000701200000| Untracked 
|  10|0x0000000701400000, 0x0000000701600000, 0x0000000701600000|100%| O|  |TAMS 0x0000000701400000| PB 0x0000000701400000| Untracked 
|  11|0x0000000701600000, 0x0000000701800000, 0x0000000701800000|100%| O|  |TAMS 0x0000000701600000| PB 0x0000000701600000| Untracked 
|  12|0x0000000701800000, 0x0000000701a00000, 0x0000000701a00000|100%| O|  |TAMS 0x0000000701800000| PB 0x0000000701800000| Untracked 
|  13|0x0000000701a00000, 0x0000000701c00000, 0x0000000701c00000|100%| O|  |TAMS 0x0000000701a00000| PB 0x0000000701a00000| Untracked 
|  14|0x0000000701c00000, 0x0000000701e00000, 0x0000000701e00000|100%| O|  |TAMS 0x0000000701c00000| PB 0x0000000701c00000| Untracked 
|  15|0x0000000701e00000, 0x0000000702000000, 0x0000000702000000|100%| O|  |TAMS 0x0000000701e00000| PB 0x0000000701e00000| Untracked 
|  16|0x0000000702000000, 0x0000000702200000, 0x0000000702200000|100%| O|  |TAMS 0x0000000702000000| PB 0x0000000702000000| Untracked 
|  17|0x0000000702200000, 0x0000000702400000, 0x0000000702400000|100%| O|  |TAMS 0x0000000702200000| PB 0x0000000702200000| Untracked 
|  18|0x0000000702400000, 0x0000000702600000, 0x0000000702600000|100%| O|  |TAMS 0x0000000702400000| PB 0x0000000702400000| Untracked 
|  19|0x0000000702600000, 0x0000000702800000, 0x0000000702800000|100%| O|  |TAMS 0x0000000702600000| PB 0x0000000702600000| Untracked 
|  20|0x0000000702800000, 0x0000000702a00000, 0x0000000702a00000|100%|HS|  |TAMS 0x0000000702800000| PB 0x0000000702800000| Complete 
|  21|0x0000000702a00000, 0x0000000702c00000, 0x0000000702c00000|100%| O|  |TAMS 0x0000000702a00000| PB 0x0000000702a00000| Untracked 
|  22|0x0000000702c00000, 0x0000000702e00000, 0x0000000702e00000|100%| O|  |TAMS 0x0000000702c00000| PB 0x0000000702c00000| Untracked 
|  23|0x0000000702e00000, 0x0000000703000000, 0x0000000703000000|100%| O|  |TAMS 0x0000000702e00000| PB 0x0000000702e00000| Untracked 
|  24|0x0000000703000000, 0x0000000703200000, 0x0000000703200000|100%|HS|  |TAMS 0x0000000703000000| PB 0x0000000703000000| Complete 
|  25|0x0000000703200000, 0x0000000703400000, 0x0000000703400000|100%|HC|  |TAMS 0x0000000703200000| PB 0x0000000703200000| Complete 
|  26|0x0000000703400000, 0x0000000703600000, 0x0000000703600000|100%|HS|  |TAMS 0x0000000703400000| PB 0x0000000703400000| Complete 
|  27|0x0000000703600000, 0x0000000703800000, 0x0000000703800000|100%| O|  |TAMS 0x0000000703600000| PB 0x0000000703600000| Untracked 
|  28|0x0000000703800000, 0x0000000703a00000, 0x0000000703a00000|100%| O|  |TAMS 0x0000000703800000| PB 0x0000000703800000| Untracked 
|  29|0x0000000703a00000, 0x0000000703c00000, 0x0000000703c00000|100%|HS|  |TAMS 0x0000000703a00000| PB 0x0000000703a00000| Complete 
|  30|0x0000000703c00000, 0x0000000703e00000, 0x0000000703e00000|100%|HC|  |TAMS 0x0000000703c00000| PB 0x0000000703c00000| Complete 
|  31|0x0000000703e00000, 0x0000000704000000, 0x0000000704000000|100%| O|  |TAMS 0x0000000703e00000| PB 0x0000000703e00000| Untracked 
|  32|0x0000000704000000, 0x0000000704200000, 0x0000000704200000|100%| O|  |TAMS 0x0000000704000000| PB 0x0000000704000000| Untracked 
|  33|0x0000000704200000, 0x0000000704400000, 0x0000000704400000|100%| O|  |TAMS 0x0000000704200000| PB 0x0000000704200000| Untracked 
|  34|0x0000000704400000, 0x0000000704600000, 0x0000000704600000|100%| O|  |TAMS 0x0000000704400000| PB 0x0000000704400000| Untracked 
|  35|0x0000000704600000, 0x0000000704800000, 0x0000000704800000|100%| O|  |TAMS 0x0000000704600000| PB 0x0000000704600000| Untracked 
|  36|0x0000000704800000, 0x0000000704a00000, 0x0000000704a00000|100%| O|  |TAMS 0x0000000704800000| PB 0x0000000704800000| Untracked 
|  37|0x0000000704a00000, 0x0000000704c00000, 0x0000000704c00000|100%| O|  |TAMS 0x0000000704a00000| PB 0x0000000704a00000| Untracked 
|  38|0x0000000704c00000, 0x0000000704e00000, 0x0000000704e00000|100%| O|  |TAMS 0x0000000704c00000| PB 0x0000000704c00000| Untracked 
|  39|0x0000000704e00000, 0x0000000705000000, 0x0000000705000000|100%| O|  |TAMS 0x0000000704e00000| PB 0x0000000704e00000| Untracked 
|  40|0x0000000705000000, 0x0000000705200000, 0x0000000705200000|100%| O|  |TAMS 0x0000000705000000| PB 0x0000000705000000| Untracked 
|  41|0x0000000705200000, 0x0000000705400000, 0x0000000705400000|100%| O|  |TAMS 0x0000000705200000| PB 0x0000000705200000| Untracked 
|  42|0x0000000705400000, 0x0000000705600000, 0x0000000705600000|100%| O|  |TAMS 0x0000000705400000| PB 0x0000000705400000| Untracked 
|  43|0x0000000705600000, 0x0000000705800000, 0x0000000705800000|100%| O|  |TAMS 0x0000000705600000| PB 0x0000000705600000| Untracked 
|  44|0x0000000705800000, 0x0000000705a00000, 0x0000000705a00000|100%| O|Cm|TAMS 0x0000000705800000| PB 0x0000000705800000| Complete 
|  45|0x0000000705a00000, 0x0000000705c00000, 0x0000000705c00000|100%| O|  |TAMS 0x0000000705a00000| PB 0x0000000705a00000| Untracked 
|  46|0x0000000705c00000, 0x0000000705e00000, 0x0000000705e00000|100%| O|  |TAMS 0x0000000705c00000| PB 0x0000000705c00000| Untracked 
|  47|0x0000000705e00000, 0x0000000706000000, 0x0000000706000000|100%| O|  |TAMS 0x0000000705e00000| PB 0x0000000705e00000| Untracked 
|  48|0x0000000706000000, 0x0000000706200000, 0x0000000706200000|100%| O|  |TAMS 0x0000000706000000| PB 0x0000000706000000| Untracked 
|  49|0x0000000706200000, 0x0000000706400000, 0x0000000706400000|100%| O|  |TAMS 0x0000000706200000| PB 0x0000000706200000| Untracked 
|  50|0x0000000706400000, 0x0000000706600000, 0x0000000706600000|100%| O|  |TAMS 0x0000000706400000| PB 0x0000000706400000| Untracked 
|  51|0x0000000706600000, 0x0000000706800000, 0x0000000706800000|100%| O|  |TAMS 0x0000000706600000| PB 0x0000000706600000| Untracked 
|  52|0x0000000706800000, 0x0000000706a00000, 0x0000000706a00000|100%| O|  |TAMS 0x0000000706800000| PB 0x0000000706800000| Untracked 
|  53|0x0000000706a00000, 0x0000000706c00000, 0x0000000706c00000|100%|HS|  |TAMS 0x0000000706a00000| PB 0x0000000706a00000| Complete 
|  54|0x0000000706c00000, 0x0000000706e00000, 0x0000000706e00000|100%| O|  |TAMS 0x0000000706c00000| PB 0x0000000706c00000| Untracked 
|  55|0x0000000706e00000, 0x0000000707000000, 0x0000000707000000|100%| O|  |TAMS 0x0000000706e00000| PB 0x0000000706e00000| Untracked 
|  56|0x0000000707000000, 0x0000000707200000, 0x0000000707200000|100%| O|  |TAMS 0x0000000707000000| PB 0x0000000707000000| Untracked 
|  57|0x0000000707200000, 0x0000000707400000, 0x0000000707400000|100%| O|  |TAMS 0x0000000707200000| PB 0x0000000707200000| Untracked 
|  58|0x0000000707400000, 0x0000000707600000, 0x0000000707600000|100%| O|  |TAMS 0x0000000707400000| PB 0x0000000707400000| Untracked 
|  59|0x0000000707600000, 0x0000000707800000, 0x0000000707800000|100%| O|  |TAMS 0x0000000707600000| PB 0x0000000707600000| Untracked 
|  60|0x0000000707800000, 0x0000000707a00000, 0x0000000707a00000|100%| O|Cm|TAMS 0x0000000707800000| PB 0x0000000707800000| Complete 
|  61|0x0000000707a00000, 0x0000000707c00000, 0x0000000707c00000|100%| O|  |TAMS 0x0000000707a00000| PB 0x0000000707a00000| Untracked 
|  62|0x0000000707c00000, 0x0000000707e00000, 0x0000000707e00000|100%| O|  |TAMS 0x0000000707c00000| PB 0x0000000707c00000| Untracked 
|  63|0x0000000707e00000, 0x0000000708000000, 0x0000000708000000|100%|HS|  |TAMS 0x0000000707e00000| PB 0x0000000707e00000| Complete 
|  64|0x0000000708000000, 0x0000000708200000, 0x0000000708200000|100%| O|  |TAMS 0x0000000708000000| PB 0x0000000708000000| Untracked 
|  65|0x0000000708200000, 0x0000000708400000, 0x0000000708400000|100%| O|  |TAMS 0x0000000708200000| PB 0x0000000708200000| Untracked 
|  66|0x0000000708400000, 0x0000000708600000, 0x0000000708600000|100%| O|  |TAMS 0x0000000708400000| PB 0x0000000708400000| Untracked 
|  67|0x0000000708600000, 0x0000000708800000, 0x0000000708800000|100%| O|  |TAMS 0x0000000708600000| PB 0x0000000708600000| Untracked 
|  68|0x0000000708800000, 0x0000000708a00000, 0x0000000708a00000|100%| O|  |TAMS 0x0000000708800000| PB 0x0000000708800000| Untracked 
|  69|0x0000000708a00000, 0x0000000708c00000, 0x0000000708c00000|100%|HS|  |TAMS 0x0000000708a00000| PB 0x0000000708a00000| Complete 
|  70|0x0000000708c00000, 0x0000000708e00000, 0x0000000708e00000|100%|HC|  |TAMS 0x0000000708c00000| PB 0x0000000708c00000| Complete 
|  71|0x0000000708e00000, 0x0000000709000000, 0x0000000709000000|100%| O|  |TAMS 0x0000000708e00000| PB 0x0000000708e00000| Untracked 
|  72|0x0000000709000000, 0x0000000709200000, 0x0000000709200000|100%| O|  |TAMS 0x0000000709000000| PB 0x0000000709000000| Untracked 
|  73|0x0000000709200000, 0x0000000709400000, 0x0000000709400000|100%| O|Cm|TAMS 0x0000000709200000| PB 0x0000000709200000| Complete 
|  74|0x0000000709400000, 0x0000000709600000, 0x0000000709600000|100%| O|  |TAMS 0x0000000709400000| PB 0x0000000709400000| Untracked 
|  75|0x0000000709600000, 0x0000000709800000, 0x0000000709800000|100%| O|  |TAMS 0x0000000709600000| PB 0x0000000709600000| Untracked 
|  76|0x0000000709800000, 0x0000000709a00000, 0x0000000709a00000|100%| O|  |TAMS 0x0000000709800000| PB 0x0000000709800000| Untracked 
|  77|0x0000000709a00000, 0x0000000709c00000, 0x0000000709c00000|100%| O|  |TAMS 0x0000000709a00000| PB 0x0000000709a00000| Untracked 
|  78|0x0000000709c00000, 0x0000000709e00000, 0x0000000709e00000|100%| O|  |TAMS 0x0000000709c00000| PB 0x0000000709c00000| Untracked 
|  79|0x0000000709e00000, 0x0000000709f0f470, 0x000000070a000000| 52%| O|  |TAMS 0x0000000709e00000| PB 0x0000000709e00000| Untracked 
|  80|0x000000070a000000, 0x000000070a200000, 0x000000070a200000|100%| O|  |TAMS 0x000000070a000000| PB 0x000000070a000000| Untracked 
|  81|0x000000070a200000, 0x000000070a400000, 0x000000070a400000|100%| O|  |TAMS 0x000000070a200000| PB 0x000000070a200000| Untracked 
|  82|0x000000070a400000, 0x000000070a600000, 0x000000070a600000|100%|HS|  |TAMS 0x000000070a400000| PB 0x000000070a400000| Complete 
|  83|0x000000070a600000, 0x000000070a600000, 0x000000070a800000|  0%| F|  |TAMS 0x000000070a600000| PB 0x000000070a600000| Untracked 
|  84|0x000000070a800000, 0x000000070a800000, 0x000000070aa00000|  0%| F|  |TAMS 0x000000070a800000| PB 0x000000070a800000| Untracked 
|  85|0x000000070aa00000, 0x000000070aa00000, 0x000000070ac00000|  0%| F|  |TAMS 0x000000070aa00000| PB 0x000000070aa00000| Untracked 
|  86|0x000000070ac00000, 0x000000070ac00000, 0x000000070ae00000|  0%| F|  |TAMS 0x000000070ac00000| PB 0x000000070ac00000| Untracked 
|  87|0x000000070ae00000, 0x000000070ae00000, 0x000000070b000000|  0%| F|  |TAMS 0x000000070ae00000| PB 0x000000070ae00000| Untracked 
|  88|0x000000070b000000, 0x000000070b000000, 0x000000070b200000|  0%| F|  |TAMS 0x000000070b000000| PB 0x000000070b000000| Untracked 
|  89|0x000000070b200000, 0x000000070b200000, 0x000000070b400000|  0%| F|  |TAMS 0x000000070b200000| PB 0x000000070b200000| Untracked 
|  90|0x000000070b400000, 0x000000070b400000, 0x000000070b600000|  0%| F|  |TAMS 0x000000070b400000| PB 0x000000070b400000| Untracked 
|  91|0x000000070b600000, 0x000000070b600000, 0x000000070b800000|  0%| F|  |TAMS 0x000000070b600000| PB 0x000000070b600000| Untracked 
|  92|0x000000070b800000, 0x000000070b800000, 0x000000070ba00000|  0%| F|  |TAMS 0x000000070b800000| PB 0x000000070b800000| Untracked 
|  93|0x000000070ba00000, 0x000000070ba00000, 0x000000070bc00000|  0%| F|  |TAMS 0x000000070ba00000| PB 0x000000070ba00000| Untracked 
|  94|0x000000070bc00000, 0x000000070bc00000, 0x000000070be00000|  0%| F|  |TAMS 0x000000070bc00000| PB 0x000000070bc00000| Untracked 
|  95|0x000000070be00000, 0x000000070be00000, 0x000000070c000000|  0%| F|  |TAMS 0x000000070be00000| PB 0x000000070be00000| Untracked 
|  96|0x000000070c000000, 0x000000070c119850, 0x000000070c200000| 54%| S|CS|TAMS 0x000000070c000000| PB 0x000000070c000000| Complete 
|  97|0x000000070c200000, 0x000000070c400000, 0x000000070c400000|100%| S|CS|TAMS 0x000000070c200000| PB 0x000000070c200000| Complete 
|  98|0x000000070c400000, 0x000000070c600000, 0x000000070c600000|100%| S|CS|TAMS 0x000000070c400000| PB 0x000000070c400000| Complete 
|  99|0x000000070c600000, 0x000000070c600000, 0x000000070c800000|  0%| F|  |TAMS 0x000000070c600000| PB 0x000000070c600000| Untracked 
| 100|0x000000070c800000, 0x000000070c800000, 0x000000070ca00000|  0%| F|  |TAMS 0x000000070c800000| PB 0x000000070c800000| Untracked 
| 101|0x000000070ca00000, 0x000000070ca00000, 0x000000070cc00000|  0%| F|  |TAMS 0x000000070ca00000| PB 0x000000070ca00000| Untracked 
| 102|0x000000070cc00000, 0x000000070cc00000, 0x000000070ce00000|  0%| F|  |TAMS 0x000000070cc00000| PB 0x000000070cc00000| Untracked 
| 103|0x000000070ce00000, 0x000000070ce00000, 0x000000070d000000|  0%| F|  |TAMS 0x000000070ce00000| PB 0x000000070ce00000| Untracked 
| 104|0x000000070d000000, 0x000000070d000000, 0x000000070d200000|  0%| F|  |TAMS 0x000000070d000000| PB 0x000000070d000000| Untracked 
| 105|0x000000070d200000, 0x000000070d200000, 0x000000070d400000|  0%| F|  |TAMS 0x000000070d200000| PB 0x000000070d200000| Untracked 
| 106|0x000000070d400000, 0x000000070d400000, 0x000000070d600000|  0%| F|  |TAMS 0x000000070d400000| PB 0x000000070d400000| Untracked 
| 107|0x000000070d600000, 0x000000070d600000, 0x000000070d800000|  0%| F|  |TAMS 0x000000070d600000| PB 0x000000070d600000| Untracked 
| 108|0x000000070d800000, 0x000000070d800000, 0x000000070da00000|  0%| F|  |TAMS 0x000000070d800000| PB 0x000000070d800000| Untracked 
| 109|0x000000070da00000, 0x000000070da00000, 0x000000070dc00000|  0%| F|  |TAMS 0x000000070da00000| PB 0x000000070da00000| Untracked 
| 110|0x000000070dc00000, 0x000000070dc00000, 0x000000070de00000|  0%| F|  |TAMS 0x000000070dc00000| PB 0x000000070dc00000| Untracked 
| 111|0x000000070de00000, 0x000000070de00000, 0x000000070e000000|  0%| F|  |TAMS 0x000000070de00000| PB 0x000000070de00000| Untracked 
| 112|0x000000070e000000, 0x000000070e000000, 0x000000070e200000|  0%| F|  |TAMS 0x000000070e000000| PB 0x000000070e000000| Untracked 
| 113|0x000000070e200000, 0x000000070e200000, 0x000000070e400000|  0%| F|  |TAMS 0x000000070e200000| PB 0x000000070e200000| Untracked 
| 114|0x000000070e400000, 0x000000070e400000, 0x000000070e600000|  0%| F|  |TAMS 0x000000070e400000| PB 0x000000070e400000| Untracked 
| 115|0x000000070e600000, 0x000000070e600000, 0x000000070e800000|  0%| F|  |TAMS 0x000000070e600000| PB 0x000000070e600000| Untracked 
| 116|0x000000070e800000, 0x000000070e800000, 0x000000070ea00000|  0%| F|  |TAMS 0x000000070e800000| PB 0x000000070e800000| Untracked 
| 117|0x000000070ea00000, 0x000000070ea00000, 0x000000070ec00000|  0%| F|  |TAMS 0x000000070ea00000| PB 0x000000070ea00000| Untracked 
| 118|0x000000070ec00000, 0x000000070ec00000, 0x000000070ee00000|  0%| F|  |TAMS 0x000000070ec00000| PB 0x000000070ec00000| Untracked 
| 119|0x000000070ee00000, 0x000000070ee00000, 0x000000070f000000|  0%| F|  |TAMS 0x000000070ee00000| PB 0x000000070ee00000| Untracked 
| 120|0x000000070f000000, 0x000000070f000000, 0x000000070f200000|  0%| F|  |TAMS 0x000000070f000000| PB 0x000000070f000000| Untracked 
| 121|0x000000070f200000, 0x000000070f200000, 0x000000070f400000|  0%| F|  |TAMS 0x000000070f200000| PB 0x000000070f200000| Untracked 
| 122|0x000000070f400000, 0x000000070f4d3248, 0x000000070f600000| 41%| E|  |TAMS 0x000000070f400000| PB 0x000000070f400000| Complete 
| 123|0x000000070f600000, 0x000000070f800000, 0x000000070f800000|100%| E|CS|TAMS 0x000000070f600000| PB 0x000000070f600000| Complete 
| 124|0x000000070f800000, 0x000000070fa00000, 0x000000070fa00000|100%| E|CS|TAMS 0x000000070f800000| PB 0x000000070f800000| Complete 
| 125|0x000000070fa00000, 0x000000070fc00000, 0x000000070fc00000|100%| E|CS|TAMS 0x000000070fa00000| PB 0x000000070fa00000| Complete 
| 126|0x000000070fc00000, 0x000000070fe00000, 0x000000070fe00000|100%| E|CS|TAMS 0x000000070fc00000| PB 0x000000070fc00000| Complete 
| 127|0x000000070fe00000, 0x0000000710000000, 0x0000000710000000|100%| E|CS|TAMS 0x000000070fe00000| PB 0x000000070fe00000| Complete 
| 128|0x0000000710000000, 0x0000000710200000, 0x0000000710200000|100%| E|CS|TAMS 0x0000000710000000| PB 0x0000000710000000| Complete 
| 129|0x0000000710200000, 0x0000000710400000, 0x0000000710400000|100%| E|CS|TAMS 0x0000000710200000| PB 0x0000000710200000| Complete 
| 130|0x0000000710400000, 0x0000000710600000, 0x0000000710600000|100%| E|CS|TAMS 0x0000000710400000| PB 0x0000000710400000| Complete 
| 131|0x0000000710600000, 0x0000000710800000, 0x0000000710800000|100%| E|CS|TAMS 0x0000000710600000| PB 0x0000000710600000| Complete 
| 132|0x0000000710800000, 0x0000000710a00000, 0x0000000710a00000|100%| E|CS|TAMS 0x0000000710800000| PB 0x0000000710800000| Complete 
| 133|0x0000000710a00000, 0x0000000710c00000, 0x0000000710c00000|100%| E|CS|TAMS 0x0000000710a00000| PB 0x0000000710a00000| Complete 
| 134|0x0000000710c00000, 0x0000000710e00000, 0x0000000710e00000|100%| E|CS|TAMS 0x0000000710c00000| PB 0x0000000710c00000| Complete 
| 135|0x0000000710e00000, 0x0000000711000000, 0x0000000711000000|100%| E|CS|TAMS 0x0000000710e00000| PB 0x0000000710e00000| Complete 
| 136|0x0000000711000000, 0x0000000711200000, 0x0000000711200000|100%| E|CS|TAMS 0x0000000711000000| PB 0x0000000711000000| Complete 
| 137|0x0000000711200000, 0x0000000711400000, 0x0000000711400000|100%| E|CS|TAMS 0x0000000711200000| PB 0x0000000711200000| Complete 
| 138|0x0000000711400000, 0x0000000711600000, 0x0000000711600000|100%| E|  |TAMS 0x0000000711400000| PB 0x0000000711400000| Complete 
| 139|0x0000000711600000, 0x0000000711800000, 0x0000000711800000|100%| E|CS|TAMS 0x0000000711600000| PB 0x0000000711600000| Complete 
| 140|0x0000000711800000, 0x0000000711a00000, 0x0000000711a00000|100%| E|CS|TAMS 0x0000000711800000| PB 0x0000000711800000| Complete 
| 141|0x0000000711a00000, 0x0000000711c00000, 0x0000000711c00000|100%| E|CS|TAMS 0x0000000711a00000| PB 0x0000000711a00000| Complete 
|2046|0x00000007ffc00000, 0x00000007ffe00000, 0x00000007ffe00000|100%| E|CS|TAMS 0x00000007ffc00000| PB 0x00000007ffc00000| Complete 
|2047|0x00000007ffe00000, 0x0000000800000000, 0x0000000800000000|100%| O|  |TAMS 0x00000007ffe00000| PB 0x00000007ffe00000| Untracked 

Card table byte_map: [0x000001ab7f6f0000,0x000001ab7fef0000] _byte_map_base: 0x000001ab7bef0000

Marking Bits: (CMBitMap*) 0x000001ab79cd9c00
 Bits: [0x000001ab0f000000, 0x000001ab13000000)

Polling page: 0x000001ab79d30000

Metaspace:

Usage:
  Non-class:     95.30 MB used.
      Class:     15.72 MB used.
       Both:    111.02 MB used.

Virtual space:
  Non-class space:      128.00 MB reserved,      96.69 MB ( 76%) committed,  2 nodes.
      Class space:      416.00 MB reserved,      17.06 MB (  4%) committed,  1 nodes.
             Both:      544.00 MB reserved,     113.75 MB ( 21%) committed. 

Chunk freelists:
   Non-Class:  14.95 MB
       Class:  14.92 MB
        Both:  29.87 MB

MaxMetaspaceSize: 512.00 MB
CompressedClassSpaceSize: 416.00 MB
Initial GC threshold: 21.00 MB
Current GC threshold: 189.06 MB
CDS: on
 - commit_granule_bytes: 65536.
 - commit_granule_words: 8192.
 - virtual_space_node_default_size: 8388608.
 - enlarge_chunks_in_place: 1.
 - use_allocation_guard: 0.


Internal statistics:

num_allocs_failed_limit: 9.
num_arena_births: 4596.
num_arena_deaths: 0.
num_vsnodes_births: 3.
num_vsnodes_deaths: 0.
num_space_committed: 1820.
num_space_uncommitted: 0.
num_chunks_returned_to_freelist: 9.
num_chunks_taken_from_freelist: 10082.
num_chunk_merges: 9.
num_chunk_splits: 6576.
num_chunks_enlarged: 4114.
num_inconsistent_stats: 0.

CodeHeap 'non-profiled nmethods': size=120000Kb used=8370Kb max_used=8370Kb free=111629Kb
 bounds [0x000001ab07ad0000, 0x000001ab08310000, 0x000001ab0f000000]
CodeHeap 'profiled nmethods': size=120000Kb used=25139Kb max_used=25641Kb free=94861Kb
 bounds [0x000001ab00000000, 0x000001ab01910000, 0x000001ab07530000]
CodeHeap 'non-nmethods': size=5760Kb used=2768Kb max_used=2806Kb free=2991Kb
 bounds [0x000001ab07530000, 0x000001ab07800000, 0x000001ab07ad0000]
CodeCache: size=245760Kb, used=36277Kb, max_used=36817Kb, free=209481Kb
 total_blobs=14125, nmethods=13105, adapters=923, full_count=0
Compilation: enabled, stopped_count=0, restarted_count=0

Compilation events (20 events):
Event: 81.989 Thread 0x000001ab15a2cf80 15621       3       org.codehaus.groovy.runtime.metaclass.ClosureMetaClass::getDelegateMethod (232 bytes)
Event: 81.991 Thread 0x000001ab15a2cf80 nmethod 15621 0x000001ab00b91510 code [0x000001ab00b91880, 0x000001ab00b93190]
Event: 81.995 Thread 0x000001ab15a2cf80 15622   !   3       org.codehaus.groovy.runtime.metaclass.ClosureMetaClass::invokeOnDelegationObjects (158 bytes)
Event: 81.995 Thread 0x000001ab15a2cf80 nmethod 15622 0x000001ab00d54090 code [0x000001ab00d54300, 0x000001ab00d55148]
Event: 82.001 Thread 0x000001ab15a2cf80 15623       3       org.gradle.api.internal.project.DefaultDynamicLookupRoutine::property (8 bytes)
Event: 82.001 Thread 0x000001ab15a2cf80 nmethod 15623 0x000001ab0078f790 code [0x000001ab0078f940, 0x000001ab0078fb20]
Event: 82.038 Thread 0x000001ab15a2cf80 15625       3       groovy.lang.MetaClassImpl::fillMethodIndex (190 bytes)
Event: 82.039 Thread 0x000001ab15a2cf80 nmethod 15625 0x000001ab013f7110 code [0x000001ab013f7480, 0x000001ab013f8bc8]
Event: 82.039 Thread 0x000001ab15a2cf80 15626       3       groovy.lang.MetaClassImpl::inheritStaticInterfaceFields (126 bytes)
Event: 82.041 Thread 0x000001ab15a2cf80 nmethod 15626 0x000001ab01685410 code [0x000001ab016857a0, 0x000001ab01687438]
Event: 82.043 Thread 0x000001ab15a2cf80 15627       3       java.lang.Class::getCanonicalName (46 bytes)
Event: 82.044 Thread 0x000001ab15a2cf80 nmethod 15627 0x000001ab0053c210 code [0x000001ab0053c400, 0x000001ab0053c720]
Event: 82.049 Thread 0x000001ab15a2cf80 15628  s    3       java.util.Hashtable::containsKey (65 bytes)
Event: 82.049 Thread 0x000001ab15a2cf80 nmethod 15628 0x000001ab00b02610 code [0x000001ab00b02800, 0x000001ab00b02d48]
Event: 82.052 Thread 0x000001ab15a2cf80 15629       3       org.gradle.api.internal.project.DefaultCrossProjectModelAccess::access (2 bytes)
Event: 82.053 Thread 0x000001ab15a2cf80 nmethod 15629 0x000001ab0008e110 code [0x000001ab0008e2a0, 0x000001ab0008e3b0]
Event: 82.056 Thread 0x000001ab15a2cf80 15630       3       org.codehaus.groovy.reflection.CachedClass$2$$Lambda/0x000001ab1749a3a0::test (8 bytes)
Event: 82.056 Thread 0x000001ab15a2cf80 nmethod 15630 0x000001ab004acc10 code [0x000001ab004acde0, 0x000001ab004ad220]
Event: 82.056 Thread 0x000001ab15a2cf80 15631       3       org.codehaus.groovy.reflection.CachedClass$2::lambda$initValue$0 (13 bytes)
Event: 82.056 Thread 0x000001ab15a2cf80 nmethod 15631 0x000001ab00a18a90 code [0x000001ab00a18c40, 0x000001ab00a18f10]

GC Heap History (20 events):
Event: 52.588 GC heap before
{Heap before GC invocations=46 (full 0):
 garbage-first heap   total 198656K, used 177513K [0x0000000700000000, 0x0000000800000000)
  region size 2048K, 31 young (63488K), 2 survivors (4096K)
 Metaspace       used 99290K, committed 101696K, reserved 557056K
  class space    used 13874K, committed 15040K, reserved 425984K
}
Event: 52.598 GC heap after
{Heap after GC invocations=47 (full 0):
 garbage-first heap   total 239616K, used 120567K [0x0000000700000000, 0x0000000800000000)
  region size 2048K, 4 young (8192K), 4 survivors (8192K)
 Metaspace       used 99290K, committed 101696K, reserved 557056K
  class space    used 13874K, committed 15040K, reserved 425984K
}
Event: 54.637 GC heap before
{Heap before GC invocations=47 (full 0):
 garbage-first heap   total 239616K, used 206583K [0x0000000700000000, 0x0000000800000000)
  region size 2048K, 46 young (94208K), 4 survivors (8192K)
 Metaspace       used 104291K, committed 106752K, reserved 557056K
  class space    used 14647K, committed 15872K, reserved 425984K
}
Event: 54.644 GC heap after
{Heap after GC invocations=48 (full 0):
 garbage-first heap   total 239616K, used 124769K [0x0000000700000000, 0x0000000800000000)
  region size 2048K, 5 young (10240K), 5 survivors (10240K)
 Metaspace       used 104291K, committed 106752K, reserved 557056K
  class space    used 14647K, committed 15872K, reserved 425984K
}
Event: 57.150 GC heap before
{Heap before GC invocations=48 (full 0):
 garbage-first heap   total 239616K, used 210785K [0x0000000700000000, 0x0000000800000000)
  region size 2048K, 47 young (96256K), 5 survivors (10240K)
 Metaspace       used 109098K, committed 111680K, reserved 557056K
  class space    used 15415K, committed 16704K, reserved 425984K
}
Event: 57.161 GC heap after
{Heap after GC invocations=49 (full 0):
 garbage-first heap   total 239616K, used 130304K [0x0000000700000000, 0x0000000800000000)
  region size 2048K, 5 young (10240K), 5 survivors (10240K)
 Metaspace       used 109098K, committed 111680K, reserved 557056K
  class space    used 15415K, committed 16704K, reserved 425984K
}
Event: 59.853 GC heap before
{Heap before GC invocations=49 (full 0):
 garbage-first heap   total 239616K, used 216320K [0x0000000700000000, 0x0000000800000000)
  region size 2048K, 47 young (96256K), 5 survivors (10240K)
 Metaspace       used 111114K, committed 113728K, reserved 557056K
  class space    used 15682K, committed 16960K, reserved 425984K
}
Event: 59.865 GC heap after
{Heap after GC invocations=50 (full 0):
 garbage-first heap   total 239616K, used 139469K [0x0000000700000000, 0x0000000800000000)
  region size 2048K, 6 young (12288K), 6 survivors (12288K)
 Metaspace       used 111114K, committed 113728K, reserved 557056K
  class space    used 15682K, committed 16960K, reserved 425984K
}
Event: 63.969 GC heap before
{Heap before GC invocations=51 (full 0):
 garbage-first heap   total 239616K, used 213197K [0x0000000700000000, 0x0000000800000000)
  region size 2048K, 43 young (88064K), 6 survivors (12288K)
 Metaspace       used 112233K, committed 114944K, reserved 557056K
  class space    used 15925K, committed 17280K, reserved 425984K
}
Event: 63.984 GC heap after
{Heap after GC invocations=52 (full 0):
 garbage-first heap   total 239616K, used 148965K [0x0000000700000000, 0x0000000800000000)
  region size 2048K, 6 young (12288K), 6 survivors (12288K)
 Metaspace       used 112233K, committed 114944K, reserved 557056K
  class space    used 15925K, committed 17280K, reserved 425984K
}
Event: 64.928 GC heap before
{Heap before GC invocations=52 (full 0):
 garbage-first heap   total 239616K, used 218597K [0x0000000700000000, 0x0000000800000000)
  region size 2048K, 38 young (77824K), 6 survivors (12288K)
 Metaspace       used 112336K, committed 115072K, reserved 557056K
  class space    used 15935K, committed 17280K, reserved 425984K
}
Event: 64.939 GC heap after
{Heap after GC invocations=53 (full 0):
 garbage-first heap   total 243712K, used 158679K [0x0000000700000000, 0x0000000800000000)
  region size 2048K, 5 young (10240K), 5 survivors (10240K)
 Metaspace       used 112336K, committed 115072K, reserved 557056K
  class space    used 15935K, committed 17280K, reserved 425984K
}
Event: 68.804 GC heap before
{Heap before GC invocations=53 (full 0):
 garbage-first heap   total 243712K, used 220119K [0x0000000700000000, 0x0000000800000000)
  region size 2048K, 35 young (71680K), 5 survivors (10240K)
 Metaspace       used 112745K, committed 115520K, reserved 557056K
  class space    used 15976K, committed 17344K, reserved 425984K
}
Event: 68.816 GC heap after
{Heap after GC invocations=54 (full 0):
 garbage-first heap   total 243712K, used 165815K [0x0000000700000000, 0x0000000800000000)
  region size 2048K, 5 young (10240K), 5 survivors (10240K)
 Metaspace       used 112745K, committed 115520K, reserved 557056K
  class space    used 15976K, committed 17344K, reserved 425984K
}
Event: 71.207 GC heap before
{Heap before GC invocations=55 (full 0):
 garbage-first heap   total 280576K, used 219063K [0x0000000700000000, 0x0000000800000000)
  region size 2048K, 31 young (63488K), 5 survivors (10240K)
 Metaspace       used 113287K, committed 116032K, reserved 557056K
  class space    used 16051K, committed 17408K, reserved 425984K
}
Event: 71.216 GC heap after
{Heap after GC invocations=56 (full 0):
 garbage-first heap   total 280576K, used 170388K [0x0000000700000000, 0x0000000800000000)
  region size 2048K, 4 young (8192K), 4 survivors (8192K)
 Metaspace       used 113287K, committed 116032K, reserved 557056K
  class space    used 16051K, committed 17408K, reserved 425984K
}
Event: 77.508 GC heap before
{Heap before GC invocations=56 (full 0):
 garbage-first heap   total 280576K, used 246164K [0x0000000700000000, 0x0000000800000000)
  region size 2048K, 42 young (86016K), 4 survivors (8192K)
 Metaspace       used 113445K, committed 116160K, reserved 557056K
  class space    used 16061K, committed 17408K, reserved 425984K
}
Event: 78.195 GC heap after
{Heap after GC invocations=57 (full 0):
 garbage-first heap   total 280576K, used 173198K [0x0000000700000000, 0x0000000800000000)
  region size 2048K, 5 young (10240K), 5 survivors (10240K)
 Metaspace       used 113445K, committed 116160K, reserved 557056K
  class space    used 16061K, committed 17408K, reserved 425984K
}
Event: 78.461 GC heap before
{Heap before GC invocations=57 (full 0):
 garbage-first heap   total 280576K, used 246926K [0x0000000700000000, 0x0000000800000000)
  region size 2048K, 42 young (86016K), 5 survivors (10240K)
 Metaspace       used 113445K, committed 116160K, reserved 557056K
  class space    used 16061K, committed 17408K, reserved 425984K
}
Event: 79.454 GC heap after
{Heap after GC invocations=58 (full 0):
 garbage-first heap   total 280576K, used 174243K [0x0000000700000000, 0x0000000800000000)
  region size 2048K, 3 young (6144K), 3 survivors (6144K)
 Metaspace       used 113445K, committed 116160K, reserved 557056K
  class space    used 16061K, committed 17408K, reserved 425984K
}

Dll operation events (14 events):
Event: 0.021 Loaded shared library C:\Users\Vauras\.vscode\extensions\redhat.java-1.55.0-win32-x64\jre\21.0.11-win32-x86_64\bin\java.dll
Event: 0.138 Loaded shared library C:\Users\Vauras\.vscode\extensions\redhat.java-1.55.0-win32-x64\jre\21.0.11-win32-x86_64\bin\zip.dll
Event: 0.171 Loaded shared library C:\Users\Vauras\.vscode\extensions\redhat.java-1.55.0-win32-x64\jre\21.0.11-win32-x86_64\bin\instrument.dll
Event: 0.180 Loaded shared library C:\Users\Vauras\.vscode\extensions\redhat.java-1.55.0-win32-x64\jre\21.0.11-win32-x86_64\bin\net.dll
Event: 0.185 Loaded shared library C:\Users\Vauras\.vscode\extensions\redhat.java-1.55.0-win32-x64\jre\21.0.11-win32-x86_64\bin\nio.dll
Event: 0.191 Loaded shared library C:\Users\Vauras\.vscode\extensions\redhat.java-1.55.0-win32-x64\jre\21.0.11-win32-x86_64\bin\zip.dll
Event: 0.684 Loaded shared library C:\Users\Vauras\.vscode\extensions\redhat.java-1.55.0-win32-x64\jre\21.0.11-win32-x86_64\bin\jimage.dll
Event: 1.160 Loaded shared library C:\Users\Vauras\.vscode\extensions\redhat.java-1.55.0-win32-x64\jre\21.0.11-win32-x86_64\bin\verify.dll
Event: 1.330 Loaded shared library C:\Users\Vauras\.gradle\native\1def1411415f61bf3af743bc5b6707747c0891f09f0c88961ee8f79bc544acac\windows-amd64\native-platform.dll
Event: 1.356 Loaded shared library C:\Users\Vauras\.gradle\native\0.2.7\x86_64-windows-gnu\gradle-fileevents.dll
Event: 3.411 Loaded shared library C:\Users\Vauras\.vscode\extensions\redhat.java-1.55.0-win32-x64\jre\21.0.11-win32-x86_64\bin\management.dll
Event: 3.419 Loaded shared library C:\Users\Vauras\.vscode\extensions\redhat.java-1.55.0-win32-x64\jre\21.0.11-win32-x86_64\bin\management_ext.dll
Event: 3.771 Loaded shared library C:\Users\Vauras\.vscode\extensions\redhat.java-1.55.0-win32-x64\jre\21.0.11-win32-x86_64\bin\extnet.dll
Event: 4.251 Loaded shared library C:\Users\Vauras\.vscode\extensions\redhat.java-1.55.0-win32-x64\jre\21.0.11-win32-x86_64\bin\sunmscapi.dll

Deoptimization events (20 events):
Event: 70.107 Thread 0x000001ab366f74e0 DEOPT PACKING pc=0x000001ab0817ba8c sp=0x00000089781f8440
Event: 70.107 Thread 0x000001ab366f74e0 DEOPT UNPACKING pc=0x000001ab07584422 sp=0x00000089781f83c8 mode 2
Event: 70.112 Thread 0x000001ab366f74e0 Uncommon trap: trap_request=0xffffffde fr.pc=0x000001ab0817ba8c relative=0x000000000000006c
Event: 70.112 Thread 0x000001ab366f74e0 Uncommon trap: reason=class_check action=maybe_recompile pc=0x000001ab0817ba8c method=groovy.lang.MetaMethod.isStatic()Z @ 1 c2
Event: 70.112 Thread 0x000001ab366f74e0 DEOPT PACKING pc=0x000001ab0817ba8c sp=0x00000089781f8440
Event: 70.112 Thread 0x000001ab366f74e0 DEOPT UNPACKING pc=0x000001ab07584422 sp=0x00000089781f83c8 mode 2
Event: 70.176 Thread 0x000001ab366f74e0 Uncommon trap: trap_request=0xffffffde fr.pc=0x000001ab0817ba8c relative=0x000000000000006c
Event: 70.176 Thread 0x000001ab366f74e0 Uncommon trap: reason=class_check action=maybe_recompile pc=0x000001ab0817ba8c method=groovy.lang.MetaMethod.isStatic()Z @ 1 c2
Event: 70.176 Thread 0x000001ab366f74e0 DEOPT PACKING pc=0x000001ab0817ba8c sp=0x00000089781f8440
Event: 70.176 Thread 0x000001ab366f74e0 DEOPT UNPACKING pc=0x000001ab07584422 sp=0x00000089781f83c8 mode 2
Event: 70.183 Thread 0x000001ab366f74e0 Uncommon trap: trap_request=0xffffffde fr.pc=0x000001ab0817ba8c relative=0x000000000000006c
Event: 70.183 Thread 0x000001ab366f74e0 Uncommon trap: reason=class_check action=maybe_recompile pc=0x000001ab0817ba8c method=groovy.lang.MetaMethod.isStatic()Z @ 1 c2
Event: 70.183 Thread 0x000001ab366f74e0 DEOPT PACKING pc=0x000001ab0817ba8c sp=0x00000089781f8440
Event: 70.183 Thread 0x000001ab366f74e0 DEOPT UNPACKING pc=0x000001ab07584422 sp=0x00000089781f83c8 mode 2
Event: 78.200 Thread 0x000001ab358be4d0 Uncommon trap: trap_request=0xffffff45 fr.pc=0x000001ab08290900 relative=0x00000000000011e0
Event: 78.200 Thread 0x000001ab358be4d0 Uncommon trap: reason=unstable_if action=reinterpret pc=0x000001ab08290900 method=java.util.concurrent.locks.AbstractQueuedSynchronizer.acquire(Ljava/util/concurrent/locks/AbstractQueuedSynchronizer$Node;IZZZJ)I @ 83 c2
Event: 78.200 Thread 0x000001ab358be4d0 DEOPT PACKING pc=0x000001ab08290900 sp=0x000000897c5fd870
Event: 78.200 Thread 0x000001ab358be4d0 DEOPT UNPACKING pc=0x000001ab07584422 sp=0x000000897c5fd808 mode 2
Event: 81.811 Thread 0x000001ab366f74e0 DEOPT PACKING pc=0x000001ab0181adfb sp=0x00000089781f8450
Event: 81.811 Thread 0x000001ab366f74e0 DEOPT UNPACKING pc=0x000001ab07584bc2 sp=0x00000089781f78c0 mode 0

Classes loaded (20 events):
Event: 70.190 Loading class java/lang/IntegerCustomizer
Event: 70.191 Loading class java/lang/IntegerCustomizer done
Event: 70.193 Loading class java/lang/IntegerCustomizer
Event: 70.193 Loading class java/lang/IntegerCustomizer done
Event: 81.729 Loading class java/util/TreeSetBeanInfo
Event: 81.731 Loading class java/util/TreeSetBeanInfo done
Event: 81.935 Loading class java/util/TreeSetBeanInfo
Event: 81.935 Loading class java/util/TreeSetBeanInfo done
Event: 81.935 Loading class java/util/AbstractSetBeanInfo
Event: 81.936 Loading class java/util/AbstractSetBeanInfo done
Event: 81.937 Loading class java/util/AbstractSetBeanInfo
Event: 81.937 Loading class java/util/AbstractSetBeanInfo done
Event: 81.937 Loading class java/util/AbstractSetCustomizer
Event: 81.937 Loading class java/util/AbstractSetCustomizer done
Event: 81.938 Loading class java/util/AbstractSetCustomizer
Event: 81.938 Loading class java/util/AbstractSetCustomizer done
Event: 81.939 Loading class java/util/TreeSetCustomizer
Event: 81.940 Loading class java/util/TreeSetCustomizer done
Event: 81.941 Loading class java/util/TreeSetCustomizer
Event: 81.941 Loading class java/util/TreeSetCustomizer done

Classes unloaded (0 events):
No events

Classes redefined (0 events):
No events

Internal exceptions (20 events):
Event: 71.115 Thread 0x000001ab366f74e0 Exception <a 'java/lang/ClassNotFoundException'{0x000000070da91568}: org/gradle/api/internal/file/CompositeFileCollectionBeanInfo> (0x000000070da91568) 
thrown [s\src\hotspot\share\classfile\systemDictionary.cpp, line 313]
Event: 71.119 Thread 0x000001ab366f74e0 Exception <a 'java/lang/ClassNotFoundException'{0x000000070daa77f0}: org/gradle/api/internal/file/AbstractFileCollectionBeanInfo> (0x000000070daa77f0) 
thrown [s\src\hotspot\share\classfile\systemDictionary.cpp, line 313]
Event: 71.124 Thread 0x000001ab366f74e0 Exception <a 'java/lang/ClassNotFoundException'{0x000000070dabd2a8}: org/gradle/api/internal/file/AbstractFileCollectionCustomizer> (0x000000070dabd2a8) 
thrown [s\src\hotspot\share\classfile\systemDictionary.cpp, line 313]
Event: 71.132 Thread 0x000001ab366f74e0 Exception <a 'java/lang/ClassNotFoundException'{0x000000070daeb7f0}: org/gradle/api/internal/file/CompositeFileCollectionCustomizer> (0x000000070daeb7f0) 
thrown [s\src\hotspot\share\classfile\systemDictionary.cpp, line 313]
Event: 71.137 Thread 0x000001ab366f74e0 Exception <a 'java/lang/ClassNotFoundException'{0x000000070db08898}: org/gradle/api/internal/file/CompositeFileTreeCustomizer> (0x000000070db08898) 
thrown [s\src\hotspot\share\classfile\systemDictionary.cpp, line 313]
Event: 71.143 Thread 0x000001ab366f74e0 Exception <a 'java/lang/ClassNotFoundException'{0x000000070db3df78}: org/gradle/api/internal/file/collections/DefaultConfigurableFileTreeCustomizer> (0x000000070db3df78) 
thrown [s\src\hotspot\share\classfile\systemDictionary.cpp, line 313]
Event: 71.809 Thread 0x000001ab366f74e0 Exception <a 'java/lang/ClassNotFoundException'{0x0000000710b51e10}: build_3ph4gy2vau35h507fbzbsiztqBeanInfo> (0x0000000710b51e10) 
thrown [s\src\hotspot\share\classfile\systemDictionary.cpp, line 313]
Event: 71.812 Thread 0x000001ab366f74e0 Exception <a 'java/lang/ClassNotFoundException'{0x0000000710b58b08}: build_3ph4gy2vau35h507fbzbsiztqCustomizer> (0x0000000710b58b08) 
thrown [s\src\hotspot\share\classfile\systemDictionary.cpp, line 313]
Event: 81.621 Thread 0x000001ab366f74e0 Exception <a 'java/lang/ClassNotFoundException'{0x0000000711b653c0}: build_3ph4gy2vau35h507fbzbsiztqBeanInfo> (0x0000000711b653c0) 
thrown [s\src\hotspot\share\classfile\systemDictionary.cpp, line 313]
Event: 81.622 Thread 0x000001ab366f74e0 Exception <a 'java/lang/ClassNotFoundException'{0x0000000711b6c050}: build_3ph4gy2vau35h507fbzbsiztqCustomizer> (0x0000000711b6c050) 
thrown [s\src\hotspot\share\classfile\systemDictionary.cpp, line 313]
Event: 81.935 Thread 0x000001ab366f74e0 Exception <a 'java/lang/ClassNotFoundException'{0x0000000710f6dc68}: java/util/TreeSetBeanInfo> (0x0000000710f6dc68) 
thrown [s\src\hotspot\share\classfile\systemDictionary.cpp, line 313]
Event: 81.937 Thread 0x000001ab366f74e0 Exception <a 'java/lang/ClassNotFoundException'{0x0000000710f76e78}: java/util/AbstractSetBeanInfo> (0x0000000710f76e78) 
thrown [s\src\hotspot\share\classfile\systemDictionary.cpp, line 313]
Event: 81.938 Thread 0x000001ab366f74e0 Exception <a 'java/lang/ClassNotFoundException'{0x0000000710f800f0}: java/util/AbstractSetCustomizer> (0x0000000710f800f0) 
thrown [s\src\hotspot\share\classfile\systemDictionary.cpp, line 313]
Event: 81.941 Thread 0x000001ab366f74e0 Exception <a 'java/lang/ClassNotFoundException'{0x0000000710faf370}: java/util/TreeSetCustomizer> (0x0000000710faf370) 
thrown [s\src\hotspot\share\classfile\systemDictionary.cpp, line 313]
Event: 81.951 Thread 0x000001ab366f74e0 Exception <a 'java/lang/ClassNotFoundException'{0x000000070f9922d8}: org/gradle/api/internal/plugins/DefaultPluginContainerBeanInfo> (0x000000070f9922d8) 
thrown [s\src\hotspot\share\classfile\systemDictionary.cpp, line 313]
Event: 81.953 Thread 0x000001ab366f74e0 Exception <a 'java/lang/ClassNotFoundException'{0x000000070f9a8588}: org/gradle/api/internal/plugins/DefaultPluginCollectionBeanInfo> (0x000000070f9a8588) 
thrown [s\src\hotspot\share\classfile\systemDictionary.cpp, line 313]
Event: 81.954 Thread 0x000001ab366f74e0 Exception <a 'java/lang/ClassNotFoundException'{0x000000070f9bdc18}: org/gradle/api/internal/plugins/DefaultPluginCollectionCustomizer> (0x000000070f9bdc18) 
thrown [s\src\hotspot\share\classfile\systemDictionary.cpp, line 313]
Event: 81.957 Thread 0x000001ab366f74e0 Exception <a 'java/lang/ClassNotFoundException'{0x000000070f6449f0}: org/gradle/api/internal/plugins/DefaultPluginContainerCustomizer> (0x000000070f6449f0) 
thrown [s\src\hotspot\share\classfile\systemDictionary.cpp, line 313]
Event: 81.971 Thread 0x000001ab366f74e0 Exception <a 'java/lang/ClassNotFoundException'{0x000000070f6ef270}: build_3ph4gy2vau35h507fbzbsiztq$_run_closure2BeanInfo> (0x000000070f6ef270) 
thrown [s\src\hotspot\share\classfile\systemDictionary.cpp, line 313]
Event: 81.972 Thread 0x000001ab366f74e0 Exception <a 'java/lang/ClassNotFoundException'{0x000000070f6fc7f8}: build_3ph4gy2vau35h507fbzbsiztq$_run_closure2Customizer> (0x000000070f6fc7f8) 
thrown [s\src\hotspot\share\classfile\systemDictionary.cpp, line 313]

ZGC Phase Switch (0 events):
No events

VM Operations (20 events):
Event: 72.221 Executing safepoint VM operation: Cleanup
Event: 72.221 Executing safepoint VM operation: Cleanup done
Event: 73.234 Executing safepoint VM operation: Cleanup
Event: 73.234 Executing safepoint VM operation: Cleanup done
Event: 75.251 Executing safepoint VM operation: Cleanup
Event: 75.251 Executing safepoint VM operation: Cleanup done
Event: 77.264 Executing safepoint VM operation: Cleanup
Event: 77.264 Executing safepoint VM operation: Cleanup done
Event: 77.508 Executing safepoint VM operation: G1CollectForAllocation (G1 Evacuation Pause)
Event: 78.195 Executing safepoint VM operation: G1CollectForAllocation (G1 Evacuation Pause) done
Event: 78.461 Executing safepoint VM operation: G1CollectForAllocation (G1 Evacuation Pause)
Event: 79.454 Executing safepoint VM operation: G1CollectForAllocation (G1 Evacuation Pause) done
Event: 79.631 Executing safepoint VM operation: G1PauseRemark
Event: 81.574 Executing safepoint VM operation: G1PauseRemark done
Event: 81.640 Executing safepoint VM operation: G1PauseCleanup
Event: 81.640 Executing safepoint VM operation: G1PauseCleanup done
Event: 82.037 Executing non-safepoint VM operation: HandshakeAllThreads (Deoptimize)
Event: 82.037 Executing non-safepoint VM operation: HandshakeAllThreads (Deoptimize) done
Event: 83.046 Executing safepoint VM operation: Cleanup
Event: 83.046 Executing safepoint VM operation: Cleanup done

Memory protections (0 events):
No events

Nmethod flushes (20 events):
Event: 80.559 Thread 0x000001ab159efc50 flushing  nmethod 0x000001ab00b02610
Event: 80.559 Thread 0x000001ab159efc50 flushing  nmethod 0x000001ab00b02a90
Event: 80.559 Thread 0x000001ab159efc50 flushing  nmethod 0x000001ab00b03e90
Event: 80.559 Thread 0x000001ab159efc50 flushing  nmethod 0x000001ab00b3d390
Event: 80.559 Thread 0x000001ab159efc50 flushing  nmethod 0x000001ab00b45c90
Event: 80.559 Thread 0x000001ab159efc50 flushing  nmethod 0x000001ab00b47290
Event: 80.559 Thread 0x000001ab159efc50 flushing  nmethod 0x000001ab00b48a10
Event: 80.559 Thread 0x000001ab159efc50 flushing  nmethod 0x000001ab00b85090
Event: 80.559 Thread 0x000001ab159efc50 flushing  nmethod 0x000001ab00b86090
Event: 80.559 Thread 0x000001ab159efc50 flushing  nmethod 0x000001ab00b88710
Event: 80.559 Thread 0x000001ab159efc50 flushing  nmethod 0x000001ab00bab610
Event: 80.559 Thread 0x000001ab159efc50 flushing  nmethod 0x000001ab00baf510
Event: 80.559 Thread 0x000001ab159efc50 flushing  nmethod 0x000001ab00bafe90
Event: 80.559 Thread 0x000001ab159efc50 flushing  nmethod 0x000001ab00bb1910
Event: 80.559 Thread 0x000001ab159efc50 flushing  nmethod 0x000001ab00c50290
Event: 80.559 Thread 0x000001ab159efc50 flushing  nmethod 0x000001ab00ca9090
Event: 80.559 Thread 0x000001ab159efc50 flushing  nmethod 0x000001ab00fbea10
Event: 80.559 Thread 0x000001ab159efc50 flushing  nmethod 0x000001ab00fc0510
Event: 80.559 Thread 0x000001ab159efc50 flushing  nmethod 0x000001ab00ff6d10
Event: 80.559 Thread 0x000001ab159efc50 flushing  nmethod 0x000001ab017f3710

Events (20 events):
Event: 43.360 Thread 0x000001ab366f74e0 Thread added: 0x000001ab3728c1b0
Event: 44.376 Thread 0x000001ab366f74e0 Thread added: 0x000001ab3728ced0
Event: 45.271 Thread 0x000001ab38425f00 Thread added: 0x000001ab388f3100
Event: 45.272 Thread 0x000001ab38425f00 Thread added: 0x000001ab388f0310
Event: 45.272 Thread 0x000001ab38425f00 Thread added: 0x000001ab388f16c0
Event: 46.918 Thread 0x000001ab366f74e0 Thread added: 0x000001ab388f2a70
Event: 47.257 Thread 0x000001ab366f74e0 Thread added: 0x000001ab388efc80
Event: 47.274 Thread 0x000001ab366f74e0 Thread added: 0x000001ab388f1d50
Event: 50.432 Thread 0x000001ab366f74e0 Thread added: 0x000001ab388f5860
Event: 51.079 Thread 0x000001ab366f74e0 Thread added: 0x000001ab388fa720
Event: 52.706 Thread 0x000001ab366f74e0 Thread added: 0x000001ab388f7fc0
Event: 52.725 Thread 0x000001ab366f74e0 Thread added: 0x000001ab388f51d0
Event: 53.114 Thread 0x000001ab15a2cf80 Thread added: 0x000001ab3b28ee80
Event: 54.649 Thread 0x000001ab3b28ee80 Thread exited: 0x000001ab3b28ee80
Event: 55.954 Thread 0x000001ab15a29420 Thread added: 0x000001ab3850ceb0
Event: 56.602 Thread 0x000001ab3850ceb0 Thread exited: 0x000001ab3850ceb0
Event: 63.595 Thread 0x000001ab15a29420 Thread added: 0x000001ab3850e320
Event: 65.957 Thread 0x000001ab3850e320 Thread exited: 0x000001ab3850e320
Event: 77.345 Thread 0x000001ab15a2cf80 Thread added: 0x000001ab38510530
Event: 81.931 Thread 0x000001ab38510530 Thread exited: 0x000001ab38510530


Dynamic libraries:
0x00007ff75f980000 - 0x00007ff75f98e000 	C:\Users\Vauras\.vscode\extensions\redhat.java-1.55.0-win32-x64\jre\21.0.11-win32-x86_64\bin\java.exe
0x00007ffa3cd80000 - 0x00007ffa3cfe6000 	C:\Windows\SYSTEM32\ntdll.dll
0x00007ffa3b950000 - 0x00007ffa3ba19000 	C:\Windows\System32\KERNEL32.DLL
0x00007ffa3a1f0000 - 0x00007ffa3a5ea000 	C:\Windows\System32\KERNELBASE.dll
0x00007ffa3a5f0000 - 0x00007ffa3a73c000 	C:\Windows\System32\ucrtbase.dll
0x00007ffa0dbd0000 - 0x00007ffa0dbe8000 	C:\Users\Vauras\.vscode\extensions\redhat.java-1.55.0-win32-x64\jre\21.0.11-win32-x86_64\bin\jli.dll
0x00007ffa3cb30000 - 0x00007ffa3ccf7000 	C:\Windows\System32\USER32.dll
0x00007ffa3a740000 - 0x00007ffa3a767000 	C:\Windows\System32\win32u.dll
0x00007ffa3c5d0000 - 0x00007ffa3c5fb000 	C:\Windows\System32\GDI32.dll
0x00007ffa0dbb0000 - 0x00007ffa0dbce000 	C:\Users\Vauras\.vscode\extensions\redhat.java-1.55.0-win32-x64\jre\21.0.11-win32-x86_64\bin\VCRUNTIME140.dll
0x00007ffa3a0c0000 - 0x00007ffa3a1eb000 	C:\Windows\System32\gdi32full.dll
0x00007ffa3a010000 - 0x00007ffa3a0b3000 	C:\Windows\System32\msvcp_win.dll
0x00007ffa23030000 - 0x00007ffa232c2000 	C:\Windows\WinSxS\amd64_microsoft.windows.common-controls_6595b64144ccf1df_6.0.26100.8521_none_3e08b75ce33403b3\COMCTL32.dll
0x00007ffa3c8a0000 - 0x00007ffa3c949000 	C:\Windows\System32\msvcrt.dll
0x00007ffa3cd00000 - 0x00007ffa3cd32000 	C:\Windows\System32\IMM32.DLL
0x00007ffa2d770000 - 0x00007ffa2d77c000 	C:\Users\Vauras\.vscode\extensions\redhat.java-1.55.0-win32-x64\jre\21.0.11-win32-x86_64\bin\vcruntime140_1.dll
0x00007ffa07360000 - 0x00007ffa073ed000 	C:\Users\Vauras\.vscode\extensions\redhat.java-1.55.0-win32-x64\jre\21.0.11-win32-x86_64\bin\msvcp140.dll
0x00007ff9d6840000 - 0x00007ff9d75e2000 	C:\Users\Vauras\.vscode\extensions\redhat.java-1.55.0-win32-x64\jre\21.0.11-win32-x86_64\bin\server\jvm.dll
0x00007ffa3c270000 - 0x00007ffa3c326000 	C:\Windows\System32\ADVAPI32.dll
0x00007ffa3c1b0000 - 0x00007ffa3c25a000 	C:\Windows\System32\sechost.dll
0x00007ffa3ba20000 - 0x00007ffa3bb38000 	C:\Windows\System32\RPCRT4.dll
0x00007ffa3b7d0000 - 0x00007ffa3b850000 	C:\Windows\System32\WS2_32.dll
0x00007ffa39e70000 - 0x00007ffa39ece000 	C:\Windows\SYSTEM32\POWRPROF.dll
0x00007ffa2bdc0000 - 0x00007ffa2bdcb000 	C:\Windows\SYSTEM32\VERSION.dll
0x00007ffa30330000 - 0x00007ffa30366000 	C:\Windows\SYSTEM32\WINMM.dll
0x00007ffa39e50000 - 0x00007ffa39e64000 	C:\Windows\SYSTEM32\UMPDC.dll
0x00007ffa38d60000 - 0x00007ffa38d7b000 	C:\Windows\SYSTEM32\kernel.appcore.dll
0x00007ffa2d4f0000 - 0x00007ffa2d4fa000 	C:\Users\Vauras\.vscode\extensions\redhat.java-1.55.0-win32-x64\jre\21.0.11-win32-x86_64\bin\jimage.dll
0x00007ffa2a800000 - 0x00007ffa2aa42000 	C:\Windows\SYSTEM32\DBGHELP.DLL
0x00007ffa3bd20000 - 0x00007ffa3c0a3000 	C:\Windows\System32\combase.dll
0x00007ffa3c4f0000 - 0x00007ffa3c5c9000 	C:\Windows\System32\OLEAUT32.dll
0x00007ffa25ef0000 - 0x00007ffa25f2b000 	C:\Windows\SYSTEM32\dbgcore.DLL
0x00007ffa3a830000 - 0x00007ffa3a8d8000 	C:\Windows\System32\bcryptPrimitives.dll
0x00007ffa264e0000 - 0x00007ffa264ef000 	C:\Users\Vauras\.vscode\extensions\redhat.java-1.55.0-win32-x64\jre\21.0.11-win32-x86_64\bin\instrument.dll
0x00007ffa08af0000 - 0x00007ffa08b10000 	C:\Users\Vauras\.vscode\extensions\redhat.java-1.55.0-win32-x64\jre\21.0.11-win32-x86_64\bin\java.dll
0x00007ffa3b020000 - 0x00007ffa3b7a4000 	C:\Windows\System32\SHELL32.dll
0x00007ffa37b50000 - 0x00007ffa383d0000 	C:\Windows\SYSTEM32\windows.storage.dll
0x00007ffa3c330000 - 0x00007ffa3c426000 	C:\Windows\System32\SHCORE.dll
0x00007ffa3c600000 - 0x00007ffa3c667000 	C:\Windows\System32\shlwapi.dll
0x00007ffa39f30000 - 0x00007ffa39f59000 	C:\Windows\SYSTEM32\profapi.dll
0x00007ffa08b20000 - 0x00007ffa08b38000 	C:\Users\Vauras\.vscode\extensions\redhat.java-1.55.0-win32-x64\jre\21.0.11-win32-x86_64\bin\zip.dll
0x00007ffa262d0000 - 0x00007ffa262e0000 	C:\Users\Vauras\.vscode\extensions\redhat.java-1.55.0-win32-x64\jre\21.0.11-win32-x86_64\bin\net.dll
0x00007ffa301d0000 - 0x00007ffa302f9000 	C:\Windows\SYSTEM32\WINHTTP.dll
0x00007ffa392b0000 - 0x00007ffa3931c000 	C:\Windows\system32\mswsock.dll
0x00007ffa08ad0000 - 0x00007ffa08ae6000 	C:\Users\Vauras\.vscode\extensions\redhat.java-1.55.0-win32-x64\jre\21.0.11-win32-x86_64\bin\nio.dll
0x00007ffa10980000 - 0x00007ffa10990000 	C:\Users\Vauras\.vscode\extensions\redhat.java-1.55.0-win32-x64\jre\21.0.11-win32-x86_64\bin\verify.dll
0x00007ffa08910000 - 0x00007ffa08937000 	C:\Users\Vauras\.gradle\native\1def1411415f61bf3af743bc5b6707747c0891f09f0c88961ee8f79bc544acac\windows-amd64\native-platform.dll
0x00007ffa06a30000 - 0x00007ffa06aa8000 	C:\Users\Vauras\.gradle\native\0.2.7\x86_64-windows-gnu\gradle-fileevents.dll
0x00007ffa0f3f0000 - 0x00007ffa0f3fa000 	C:\Users\Vauras\.vscode\extensions\redhat.java-1.55.0-win32-x64\jre\21.0.11-win32-x86_64\bin\management.dll
0x00007ffa0e6f0000 - 0x00007ffa0e6fc000 	C:\Users\Vauras\.vscode\extensions\redhat.java-1.55.0-win32-x64\jre\21.0.11-win32-x86_64\bin\management_ext.dll
0x00007ffa3c260000 - 0x00007ffa3c268000 	C:\Windows\System32\PSAPI.DLL
0x00007ffa386f0000 - 0x00007ffa38723000 	C:\Windows\SYSTEM32\IPHLPAPI.DLL
0x00007ffa3c480000 - 0x00007ffa3c48a000 	C:\Windows\System32\NSI.dll
0x00007ffa0b700000 - 0x00007ffa0b709000 	C:\Users\Vauras\.vscode\extensions\redhat.java-1.55.0-win32-x64\jre\21.0.11-win32-x86_64\bin\extnet.dll
0x00007ffa396b0000 - 0x00007ffa396cb000 	C:\Windows\SYSTEM32\CRYPTSP.dll
0x00007ffa38cc0000 - 0x00007ffa38cf9000 	C:\Windows\system32\rsaenh.dll
0x00007ffa39360000 - 0x00007ffa39393000 	C:\Windows\SYSTEM32\USERENV.dll
0x00007ffa39f00000 - 0x00007ffa39f2a000 	C:\Windows\SYSTEM32\bcrypt.dll
0x00007ffa39510000 - 0x00007ffa3951c000 	C:\Windows\SYSTEM32\CRYPTBASE.dll
0x00007ffa037f0000 - 0x00007ffa037fe000 	C:\Users\Vauras\.vscode\extensions\redhat.java-1.55.0-win32-x64\jre\21.0.11-win32-x86_64\bin\sunmscapi.dll
0x00007ffa3a970000 - 0x00007ffa3aae8000 	C:\Windows\System32\CRYPT32.dll
0x00007ffa39810000 - 0x00007ffa39840000 	C:\Windows\SYSTEM32\ncrypt.dll
0x00007ffa397c0000 - 0x00007ffa397ff000 	C:\Windows\SYSTEM32\NTASN1.dll
0x00007ffa12bc0000 - 0x00007ffa12bc8000 	C:\Windows\system32\wshunix.dll
0x00007ffa1e100000 - 0x00007ffa1e118000 	C:\Windows\system32\napinsp.dll
0x00007ffa38730000 - 0x00007ffa3887a000 	C:\Windows\SYSTEM32\DNSAPI.dll
0x00007ffa390f0000 - 0x00007ffa390fd000 	C:\Windows\SYSTEM32\DSPARSE.dll
0x00007ffa1dfc0000 - 0x00007ffa1dfd3000 	C:\Windows\System32\winrnr.dll
0x00007ffa1df50000 - 0x00007ffa1df72000 	C:\Windows\system32\nlansp_c.dll
0x00007ffa2e8b0000 - 0x00007ffa2e8c6000 	C:\Windows\system32\wshbth.dll
0x00007ffa2e8d0000 - 0x00007ffa2e8db000 	C:\Windows\System32\rasadhlp.dll
0x00007ffa33ae0000 - 0x00007ffa33b66000 	C:\Windows\System32\fwpuclnt.dll

JVMTI agents:
C:\Users\Vauras\.gradle\wrapper\dists\gradle-8.13-bin\5xuhj0ry160q40clulazy9h7d\gradle-8.13\lib\agents\gradle-instrumentation-agent-8.13.jar path:C:\Users\Vauras\.vscode\extensions\redhat.java-1.55.0-win32-x64\jre\21.0.11-win32-x86_64\bin\instrument.dll, loaded, initialized, instrumentlib options:none

dbghelp: loaded successfully - version: 4.0.5 - missing functions: none
symbol engine: initialized successfully - sym options: 0x614 - pdb path: .;C:\Users\Vauras\.vscode\extensions\redhat.java-1.55.0-win32-x64\jre\21.0.11-win32-x86_64\bin;C:\Windows\SYSTEM32;C:\Windows\WinSxS\amd64_microsoft.windows.common-controls_6595b64144ccf1df_6.0.26100.8521_none_3e08b75ce33403b3;C:\Users\Vauras\.vscode\extensions\redhat.java-1.55.0-win32-x64\jre\21.0.11-win32-x86_64\bin\server;C:\Users\Vauras\.gradle\native\1def1411415f61bf3af743bc5b6707747c0891f09f0c88961ee8f79bc544acac\windows-amd64;C:\Users\Vauras\.gradle\native\0.2.7\x86_64-windows-gnu

VM Arguments:
jvm_args: --add-opens=java.base/java.lang=ALL-UNNAMED --add-opens=java.base/java.lang.invoke=ALL-UNNAMED --add-opens=java.base/java.util=ALL-UNNAMED --add-opens=java.prefs/java.util.prefs=ALL-UNNAMED --add-exports=jdk.compiler/com.sun.tools.javac.api=ALL-UNNAMED --add-exports=jdk.compiler/com.sun.tools.javac.util=ALL-UNNAMED --add-opens=java.base/java.util=ALL-UNNAMED --add-opens=java.prefs/java.util.prefs=ALL-UNNAMED --add-opens=java.base/java.nio.charset=ALL-UNNAMED --add-opens=java.base/java.net=ALL-UNNAMED --add-opens=java.base/java.util.concurrent.atomic=ALL-UNNAMED --add-opens=java.xml/javax.xml.namespace=ALL-UNNAMED -XX:MaxMetaspaceSize=512m -Xmx4096m -Dfile.encoding=UTF-8 -Duser.country=IN -Duser.language=en -Duser.variant -javaagent:C:\Users\Vauras\.gradle\wrapper\dists\gradle-8.13-bin\5xuhj0ry160q40clulazy9h7d\gradle-8.13\lib\agents\gradle-instrumentation-agent-8.13.jar 
java_command: org.gradle.launcher.daemon.bootstrap.GradleDaemon 8.13
java_class_path (initial): C:\Users\Vauras\.gradle\wrapper\dists\gradle-8.13-bin\5xuhj0ry160q40clulazy9h7d\gradle-8.13\lib\gradle-daemon-main-8.13.jar
Launcher Type: SUN_STANDARD

[Global flags]
     intx CICompilerCount                          = 4                                         {product} {ergonomic}
   size_t CompressedClassSpaceSize                 = 436207616                                 {product} {ergonomic}
     uint ConcGCThreads                            = 2                                         {product} {ergonomic}
     uint G1ConcRefinementThreads                  = 8                                         {product} {ergonomic}
   size_t G1HeapRegionSize                         = 2097152                                   {product} {ergonomic}
    uintx GCDrainStackTargetSize                   = 64                                        {product} {ergonomic}
   size_t InitialHeapSize                          = 121634816                                 {product} {ergonomic}
   size_t MarkStackSize                            = 4194304                                   {product} {ergonomic}
   size_t MaxHeapSize                              = 4294967296                                {product} {command line}
   size_t MaxMetaspaceSize                         = 536870912                                 {product} {command line}
   size_t MaxNewSize                               = 2575302656                                {product} {ergonomic}
   size_t MinHeapDeltaBytes                        = 2097152                                   {product} {ergonomic}
   size_t MinHeapSize                              = 8388608                                   {product} {ergonomic}
    uintx NonNMethodCodeHeapSize                   = 5839372                                {pd product} {ergonomic}
    uintx NonProfiledCodeHeapSize                  = 122909434                              {pd product} {ergonomic}
    uintx ProfiledCodeHeapSize                     = 122909434                              {pd product} {ergonomic}
    uintx ReservedCodeCacheSize                    = 251658240                              {pd product} {ergonomic}
     bool SegmentedCodeCache                       = true                                      {product} {ergonomic}
   size_t SoftMaxHeapSize                          = 4294967296                             {manageable} {ergonomic}
     bool UseCompressedOops                        = true                           {product lp64_product} {ergonomic}
     bool UseG1GC                                  = true                                      {product} {ergonomic}
     bool UseLargePagesIndividualAllocation        = false                                  {pd product} {ergonomic}

Logging:
Log output configuration:
 #0: stdout all=warning uptime,level,tags foldmultilines=false
 #1: stderr all=off uptime,level,tags foldmultilines=false

Release file:
JAVA_VERSION="21.0.11" 
MODULES="java.base java.compiler java.datatransfer java.xml java.prefs java.desktop java.instrument java.logging java.management java.security.sasl java.naming java.rmi java.management.rmi java.net.http java.scripting java.security.jgss java.transaction.xa java.sql java.sql.rowset java.xml.crypto java.se java.smartcardio jdk.accessibility jdk.internal.jvmstat jdk.attach jdk.charsets jdk.internal.opt jdk.zipfs jdk.compiler jdk.crypto.ec jdk.crypto.cryptoki jdk.crypto.mscapi jdk.dynalink jdk.internal.ed jdk.editpad jdk.hotspot.agent jdk.httpserver jdk.internal.le jdk.internal.vm.ci jdk.internal.vm.compiler jdk.internal.vm.compiler.management jdk.jartool jdk.javadoc jdk.jcmd jdk.management jdk.management.agent jdk.jconsole jdk.jdeps jdk.jdwp.agent jdk.jdi jdk.jfr jdk.jshell jdk.jsobject jdk.jstatd jdk.localedata jdk.management.jfr jdk.naming.dns jdk.naming.rmi jdk.net jdk.nio.mapmode jdk.random jdk.sctp jdk.security.auth jdk.security.jgss jdk.unsupported jdk.unsupported.desktop jdk.xml.dom" 

Environment Variables:
JAVA_HOME=C:\Program Files\OpenLogic\jdk-17.0.14.7-hotspot
PATH=C:\Program Files\OpenLogic\jdk-17.0.14.7-hotspot\bin;C:\Windows\system32;C:\Windows;C:\Windows\System32\Wbem;C:\Windows\System32\WindowsPowerShell\v1.0\;C:\Windows\System32\OpenSSH\;C:\Users\Vauras\AppData\Local\Android\Sdk;C:\Users\Vauras\AppData\Local\Android\Sdk\platform-tools;C:\node-v14.20.0-win-x86\node_modules\npm\bin;C:\Users\Vauras\AppData\Roaming\nvm;C:\Program Files\nodejs;C:\Program Files\nodejs\;C:\Program Files\MongoDB\Server\8.0\bin;C:\mongodb-database-tools-windows-x86_64-100.12.0\bin;C:\Program Files\Git\cmd;C:\Users\Vauras\AppData\Roaming\nvm\v18.20.8;;C:\Program Files\Docker\Docker\resources\bin;C:\Users\Vauras\AppData\Local\Programs\Python\Python311\Scripts\;C:\Users\Vauras\AppData\Local\Programs\Python\Python311\;C:\Users\Vauras\AppData\Local\Microsoft\WindowsApps;C:\Program Files\OpenLogic\jdk-17.0.14.7-hotspot\bin;C:\Users\Vauras\AppData\Local\Android\Sdk\platform-tools;C:\Users\Vauras\AppData\Local\Android\Sdk;C:\Users\Vauras\AppData\Local\Android\Sdk\emulator;C:\Users\Vauras\AppData\Local\Android\Sdk\build-tools;C:\Users\Vauras\AppData\Roaming\nvm;C:\Program Files\nodejs;C:\Users\Vauras\AppData\Roaming\npm;C:\Program Files\nodejs;C:\Program Files\MongoDB\Server\8.0\bin;C:\mongodb-database-tools-windows-x86_64-100.12.0\bin;C:\Users\Vauras\AppData\Local\Programs\Microsoft VS Code\bin;C:\Users\Vauras\AppData\Roaming\nvm\v18.20.8;C:\Users\Vauras\AppData\Local\Programs\cursor\resources\app\bin
USERNAME=Vauras
OS=Windows_NT
PROCESSOR_IDENTIFIER=AMD64 Family 23 Model 160 Stepping 0, AuthenticAMD
TMP=C:\Users\Vauras\AppData\Local\Temp
TEMP=C:\Users\Vauras\AppData\Local\Temp




Periodic native trim disabled

---------------  S Y S T E M  ---------------

OS:
 Windows 11 , 64 bit Build 26100 (10.0.26100.8521)
OS uptime: 1 days 0:45 hours
Hyper-V role detected

CPU: total 8 (initial active 8) (8 cores per cpu, 2 threads per core) family 23 model 160 stepping 0 microcode 0x8a0000b, cx8, cmov, fxsr, ht, mmx, 3dnowpref, sse, sse2, sse3, ssse3, sse4a, sse4.1, sse4.2, popcnt, lzcnt, tsc, tscinvbit, avx, avx2, aes, clmul, bmi1, bmi2, adx, sha, fma, vzeroupper, clflush, clflushopt, hv, rdtscp, rdpid, f16c
Processor Information for the first 8 processors :
  Max Mhz: 2801, Current Mhz: 2801, Mhz Limit: 2801

Memory: 4k page, system-wide physical 7418M (479M free)
TotalPageFile size 29946M (AvailPageFile size 0M)
current process WorkingSet (physical memory assigned to process): 414M, peak: 457M
current process commit charge ("private bytes"): 648M, peak: 649M

vm_info: OpenJDK 64-Bit Server VM (21.0.11+10-LTS) for windows-amd64 JRE (21.0.11+10-LTS), built on 2026-04-21T00:00:00Z by "admin" with MS VC++ 17.12 (VS2022)

END.
