#
# There is insufficient memory for the Java Runtime Environment to continue.
# Native memory allocation (mmap) failed to map 67108864 bytes. Error detail: G1 virtual space
# Possible reasons:
#   The system is out of physical RAM or swap space
#   This process is running with CompressedOops enabled, and the Java Heap may be blocking the growth of the native heap
# Possible solutions:
#   Reduce memory load on the system
#   Increase physical memory or swap space
#   Check if swap backing store is full
#   Decrease Java heap size (-Xmx/-Xms)
#   Decrease number of Java threads
#   Decrease Java thread stack sizes (-Xss)
#   Set larger code cache with -XX:ReservedCodeCacheSize=
#   JVM is running with Zero Based Compressed Oops mode in which the Java heap is
#     placed in the first 32GB address space. The Java Heap base address is the
#     maximum limit for the native heap growth. Please use -XX:HeapBaseMinAddress
#     to set the Java Heap base and to place the Java Heap above 32GB virtual address.
# This output file may be truncated or incomplete.
#
#  Out of Memory Error (os_windows.cpp:3618), pid=21428, tid=14892
#
# JRE version: OpenJDK Runtime Environment OpenLogic-OpenJDK (17.0.14+7) (build 17.0.14+7-adhoc..jdk17u)
# Java VM: OpenJDK 64-Bit Server VM OpenLogic-OpenJDK (17.0.14+7-adhoc..jdk17u, mixed mode, sharing, tiered, compressed oops, compressed class ptrs, g1 gc, windows-amd64)
# No core dump will be written. Minidumps are not enabled by default on client versions of Windows
#

---------------  S U M M A R Y ------------

Command Line: --add-opens=java.base/java.lang=ALL-UNNAMED --add-opens=java.base/java.lang.invoke=ALL-UNNAMED --add-opens=java.base/java.util=ALL-UNNAMED --add-opens=java.prefs/java.util.prefs=ALL-UNNAMED --add-exports=jdk.compiler/com.sun.tools.javac.api=ALL-UNNAMED --add-exports=jdk.compiler/com.sun.tools.javac.util=ALL-UNNAMED --add-opens=java.base/java.util=ALL-UNNAMED --add-opens=java.prefs/java.util.prefs=ALL-UNNAMED --add-opens=java.base/java.nio.charset=ALL-UNNAMED --add-opens=java.base/java.net=ALL-UNNAMED --add-opens=java.base/java.util.concurrent.atomic=ALL-UNNAMED --add-opens=java.xml/javax.xml.namespace=ALL-UNNAMED -XX:MaxMetaspaceSize=512m -Xmx4096m -Dfile.encoding=UTF-8 -Duser.country=IN -Duser.language=en -Duser.variant -javaagent:C:\Users\Vauras\.gradle\wrapper\dists\gradle-8.13-bin\5xuhj0ry160q40clulazy9h7d\gradle-8.13\lib\agents\gradle-instrumentation-agent-8.13.jar org.gradle.launcher.daemon.bootstrap.GradleDaemon 8.13

Host: AMD Ryzen 5 7520U with Radeon Graphics         , 8 cores, 7G,  Windows 11 , 64 bit Build 26100 (10.0.26100.8521)
Time: Tue Jul  7 17:14:01 2026 India Standard Time elapsed time: 45.459423 seconds (0d 0h 0m 45s)

---------------  T H R E A D  ---------------

Current thread (0x00000269239c4d40):  VMThread "VM Thread" [stack: 0x000000c9d3c00000,0x000000c9d3d00000] [id=14892]

Stack: [0x000000c9d3c00000,0x000000c9d3d00000]
Native frames: (J=compiled Java code, j=interpreted, Vv=VM code, C=native code)
V  [jvm.dll+0x681069]
V  [jvm.dll+0x838cca]
V  [jvm.dll+0x83a78e]
V  [jvm.dll+0x83adf3]
V  [jvm.dll+0x24826f]
V  [jvm.dll+0x67dd99]
V  [jvm.dll+0x67286a]
V  [jvm.dll+0x30826b]
V  [jvm.dll+0x30f756]
V  [jvm.dll+0x35face]
V  [jvm.dll+0x35fd0f]
V  [jvm.dll+0x2df21c]
V  [jvm.dll+0x2dd5df]
V  [jvm.dll+0x2dcd0c]
V  [jvm.dll+0x3204ab]
V  [jvm.dll+0x83f2ed]
V  [jvm.dll+0x840032]
V  [jvm.dll+0x84055f]
V  [jvm.dll+0x840944]
V  [jvm.dll+0x840a10]
V  [jvm.dll+0x7e7f6c]
V  [jvm.dll+0x67ff37]
C  [ucrtbase.dll+0x2cd30]
C  [KERNEL32.DLL+0x2e957]
C  [ntdll.dll+0x87c1c]

VM_Operation (0x000000c9d59fec80): G1CollectForAllocation, mode: safepoint, requested by thread 0x00000269433613d0


---------------  P R O C E S S  ---------------

Threads class SMR info:
_java_thread_list=0x00000269457162a0, length=140, elements={
0x000002697d53c3e0, 0x00000269239cb9b0, 0x00000269239ccff0, 0x00000269239e3850,
0x00000269239e7cb0, 0x00000269239e8580, 0x00000269239ea530, 0x00000269239fce00,
0x00000269239fe280, 0x0000026923a1fea0, 0x0000026923c1c980, 0x0000026923cfda30,
0x00000269444a4920, 0x0000026923eb54a0, 0x00000269435d8480, 0x00000269434d1700,
0x00000269435c2ff0, 0x000002694335ff90, 0x0000026943362810, 0x00000269433618e0,
0x0000026943360ec0, 0x000002694335f060, 0x000002694335f570, 0x00000269433613d0,
0x000002694335fa80, 0x00000269433604a0, 0x00000269433609b0, 0x0000026943361df0,
0x0000026946adf280, 0x0000026946adfca0, 0x0000026946ade350, 0x0000026946ae01b0,
0x0000026946ae0bd0, 0x0000026946ade860, 0x0000026946add930, 0x0000026946ae15f0,
0x0000026946adde40, 0x0000026946ae1b00, 0x0000026946ae2010, 0x0000026946ae2520,
0x0000026946ae2a30, 0x0000026946ae2f40, 0x0000026946adf790, 0x0000026946ae4da0,
0x0000026946ae3960, 0x0000026946ae3e70, 0x0000026946ae4380, 0x0000026946ae4890,
0x0000026946ae52b0, 0x00000269461a9210, 0x00000269461aa140, 0x00000269461a9720,
0x00000269461a8d00, 0x00000269461aa650, 0x00000269461aab60, 0x00000269461ad3e0,
0x00000269461ab580, 0x00000269461ab070, 0x00000269461a9c30, 0x00000269461ad8f0,
0x00000269461aed30, 0x00000269461ade00, 0x00000269461ae310, 0x00000269461ac4b0,
0x00000269461ae820, 0x00000269461ac9c0, 0x00000269461af240, 0x00000269461aba90,
0x00000269461af750, 0x00000269461abfa0, 0x00000269461b0170, 0x00000269461b0680,
0x00000269451ae670, 0x00000269451adc50, 0x00000269451aeb80, 0x00000269451ad230,
0x00000269451ac810, 0x00000269451ad740, 0x00000269451afab0, 0x00000269451af090,
0x00000269451af5a0, 0x00000269451affc0, 0x00000269451ae160, 0x00000269451b04d0,
0x00000269451acd20, 0x00000269451b3770, 0x00000269451b09e0, 0x00000269451b1400,
0x00000269451b1910, 0x00000269451b2840, 0x00000269451b2d50, 0x00000269451b3c80,
0x00000269451b1e20, 0x00000269451b3260, 0x00000269451b4190, 0x00000269451b2330,
0x00000269451b0ef0, 0x0000026945334390, 0x0000026945334db0, 0x00000269453348a0,
0x00000269453352c0, 0x0000026945333970, 0x00000269453357d0, 0x0000026945332a40,
0x0000026945333460, 0x0000026945335ce0, 0x0000026945332530, 0x0000026945333e80,
0x0000026945332f50, 0x0000026945326660, 0x0000026945327fb0, 0x0000026945326b70,
0x00000269453293f0, 0x00000269453289d0, 0x00000269453284c0, 0x0000026945328ee0,
0x0000026945329900, 0x0000026945329e10, 0x0000026945327aa0, 0x000002694532a320,
0x000002694532a830, 0x0000026945327080, 0x000002694532ad40, 0x0000026945327590,
0x000002694532bc70, 0x000002694532b760, 0x000002694532d5c0, 0x000002694532b250,
0x000002694532c180, 0x000002694532c690, 0x000002694532dad0, 0x000002694532cba0,
0x000002694532d0b0, 0x000002694532dfe0, 0x0000026946972220, 0x0000026946974aa0,
0x0000026946973b70, 0x0000026946974590, 0x0000026946972730, 0x0000026946974fb0
}

Java Threads: ( => current thread )
  0x000002697d53c3e0 JavaThread "main" [_thread_blocked, id=23152, stack(0x000000c9d3600000,0x000000c9d3700000)]
  0x00000269239cb9b0 JavaThread "Reference Handler" daemon [_thread_blocked, id=748, stack(0x000000c9d3d00000,0x000000c9d3e00000)]
  0x00000269239ccff0 JavaThread "Finalizer" daemon [_thread_blocked, id=22036, stack(0x000000c9d3e00000,0x000000c9d3f00000)]
  0x00000269239e3850 JavaThread "Signal Dispatcher" daemon [_thread_blocked, id=24484, stack(0x000000c9d3f00000,0x000000c9d4000000)]
  0x00000269239e7cb0 JavaThread "Attach Listener" daemon [_thread_blocked, id=23980, stack(0x000000c9d4000000,0x000000c9d4100000)]
  0x00000269239e8580 JavaThread "Service Thread" daemon [_thread_blocked, id=13968, stack(0x000000c9d4100000,0x000000c9d4200000)]
  0x00000269239ea530 JavaThread "Monitor Deflation Thread" daemon [_thread_blocked, id=17668, stack(0x000000c9d4200000,0x000000c9d4300000)]
  0x00000269239fce00 JavaThread "C2 CompilerThread0" daemon [_thread_blocked, id=13540, stack(0x000000c9d4300000,0x000000c9d4400000)]
  0x00000269239fe280 JavaThread "C1 CompilerThread0" daemon [_thread_blocked, id=908, stack(0x000000c9d4400000,0x000000c9d4500000)]
  0x0000026923a1fea0 JavaThread "Sweeper thread" daemon [_thread_blocked, id=10784, stack(0x000000c9d4500000,0x000000c9d4600000)]
  0x0000026923c1c980 JavaThread "Common-Cleaner" daemon [_thread_blocked, id=19520, stack(0x000000c9d4600000,0x000000c9d4700000)]
  0x0000026923cfda30 JavaThread "Notification Thread" daemon [_thread_blocked, id=9004, stack(0x000000c9d4800000,0x000000c9d4900000)]
  0x00000269444a4920 JavaThread "Daemon health stats" [_thread_blocked, id=17024, stack(0x000000c9d4f00000,0x000000c9d5000000)]
  0x0000026923eb54a0 JavaThread "Incoming local TCP Connector on port 49276" [_thread_in_native, id=11928, stack(0x000000c9d4e00000,0x000000c9d4f00000)]
  0x00000269435d8480 JavaThread "Daemon periodic checks" [_thread_blocked, id=12844, stack(0x000000c9d5000000,0x000000c9d5100000)]
  0x00000269434d1700 JavaThread "Daemon" [_thread_blocked, id=5192, stack(0x000000c9d5100000,0x000000c9d5200000)]
  0x00000269435c2ff0 JavaThread "Handler for socket connection from /127.0.0.1:49276 to /127.0.0.1:49277" [_thread_in_native, id=19424, stack(0x000000c9d5200000,0x000000c9d5300000)]
  0x000002694335ff90 JavaThread "Cancel handler" [_thread_blocked, id=23736, stack(0x000000c9d5300000,0x000000c9d5400000)]
  0x0000026943362810 JavaThread "Daemon worker" [_thread_blocked, id=7020, stack(0x000000c9d5400000,0x000000c9d5500000)]
  0x00000269433618e0 JavaThread "Asynchronous log dispatcher for DefaultDaemonConnection: socket connection from /127.0.0.1:49276 to /127.0.0.1:49277" [_thread_blocked, id=24068, stack(0x000000c9d5500000,0x000000c9d5600000)]
  0x0000026943360ec0 JavaThread "Stdin handler" [_thread_blocked, id=19660, stack(0x000000c9d5600000,0x000000c9d5700000)]
  0x000002694335f060 JavaThread "Daemon client event forwarder" [_thread_blocked, id=4588, stack(0x000000c9d5700000,0x000000c9d5800000)]
  0x000002694335f570 JavaThread "Cache worker for journal cache (C:\Users\Vauras\.gradle\caches\journal-1)" [_thread_blocked, id=22708, stack(0x000000c9d5800000,0x000000c9d5900000)]
  0x00000269433613d0 JavaThread "File lock request listener" [_thread_blocked, id=9608, stack(0x000000c9d5900000,0x000000c9d5a00000)]
  0x000002694335fa80 JavaThread "Cache worker for file hash cache (C:\Users\Vauras\.gradle\caches\8.13\fileHashes)" [_thread_blocked, id=16784, stack(0x000000c9d5b00000,0x000000c9d5c00000)]
  0x00000269433604a0 JavaThread "Cache worker for file hash cache (D:\salarybooks_mobileapp\Salarybooks-App\android\.gradle\8.13\fileHashes)" [_thread_blocked, id=18880, stack(0x000000c9d5a00000,0x000000c9d5b00000)]
  0x00000269433609b0 JavaThread "Cache worker for Build Output Cleanup Cache (D:\salarybooks_mobileapp\Salarybooks-App\android\.gradle\buildOutputCleanup)" [_thread_blocked, id=20496, stack(0x000000c9d5e00000,0x000000c9d5f00000)]
  0x0000026943361df0 JavaThread "File watcher server" daemon [_thread_in_native, id=800, stack(0x000000c9d6100000,0x000000c9d6200000)]
  0x0000026946adf280 JavaThread "File watcher consumer" daemon [_thread_blocked, id=7132, stack(0x000000c9d6200000,0x000000c9d6300000)]
  0x0000026946adfca0 JavaThread "jar transforms" [_thread_blocked, id=11540, stack(0x000000c9d6300000,0x000000c9d6400000)]
  0x0000026946ade350 JavaThread "jar transforms Thread 2" [_thread_blocked, id=18492, stack(0x000000c9d6400000,0x000000c9d6500000)]
  0x0000026946ae01b0 JavaThread "jar transforms Thread 3" [_thread_blocked, id=6464, stack(0x000000c9d6500000,0x000000c9d6600000)]
  0x0000026946ae0bd0 JavaThread "jar transforms Thread 4" [_thread_blocked, id=20864, stack(0x000000c9d6600000,0x000000c9d6700000)]
  0x0000026946ade860 JavaThread "jar transforms Thread 5" [_thread_blocked, id=14856, stack(0x000000c9d6000000,0x000000c9d6100000)]
  0x0000026946add930 JavaThread "Cache worker for checksums cache (D:\salarybooks_mobileapp\Salarybooks-App\android\.gradle\8.13\checksums)" [_thread_blocked, id=3980, stack(0x000000c9d6900000,0x000000c9d6a00000)]
  0x0000026946ae15f0 JavaThread "Cache worker for file content cache (C:\Users\Vauras\.gradle\caches\8.13\fileContent)" [_thread_blocked, id=7408, stack(0x000000c9d6a00000,0x000000c9d6b00000)]
  0x0000026946adde40 JavaThread "jar transforms Thread 6" [_thread_blocked, id=23952, stack(0x000000c9d6b00000,0x000000c9d6c00000)]
  0x0000026946ae1b00 JavaThread "jar transforms Thread 7" [_thread_blocked, id=7696, stack(0x000000c9d6c00000,0x000000c9d6d00000)]
  0x0000026946ae2010 JavaThread "jar transforms Thread 8" [_thread_blocked, id=11168, stack(0x000000c9d6d00000,0x000000c9d6e00000)]
  0x0000026946ae2520 JavaThread "File lock release action executor" [_thread_blocked, id=8940, stack(0x000000c9d6e00000,0x000000c9d6f00000)]
  0x0000026946ae2a30 JavaThread "Cache worker for cache directory md-supplier (C:\Users\Vauras\.gradle\caches\8.13\md-supplier)" [_thread_blocked, id=8004, stack(0x000000c9d6800000,0x000000c9d6900000)]
  0x0000026946ae2f40 JavaThread "Cache worker for cache directory md-rule (C:\Users\Vauras\.gradle\caches\8.13\md-rule)" [_thread_blocked, id=3608, stack(0x000000c9d6f00000,0x000000c9d7000000)]
  0x0000026946adf790 JavaThread "Cache worker for Build Output Cleanup Cache (D:\salarybooks_mobileapp\Salarybooks-App\node_modules\@react-native\gradle-plugin\.gradle\buildOutputCleanup)" [_thread_blocked, id=16376, stack(0x000000c9d7000000,0x000000c9d7100000)]
  0x0000026946ae4da0 JavaThread "Unconstrained build operations" [_thread_blocked, id=18592, stack(0x000000c9d6700000,0x000000c9d6800000)]
  0x0000026946ae3960 JavaThread "Unconstrained build operations Thread 2" [_thread_blocked, id=10160, stack(0x000000c9d7100000,0x000000c9d7200000)]
  0x0000026946ae3e70 JavaThread "Unconstrained build operations Thread 3" [_thread_blocked, id=14296, stack(0x000000c9d7200000,0x000000c9d7300000)]
  0x0000026946ae4380 JavaThread "Unconstrained build operations Thread 4" [_thread_blocked, id=9120, stack(0x000000c9d7300000,0x000000c9d7400000)]
  0x0000026946ae4890 JavaThread "Unconstrained build operations Thread 5" [_thread_blocked, id=3036, stack(0x000000c9d7500000,0x000000c9d7600000)]
  0x0000026946ae52b0 JavaThread "Unconstrained build operations Thread 6" [_thread_blocked, id=8508, stack(0x000000c9d7600000,0x000000c9d7700000)]
  0x00000269461a9210 JavaThread "Unconstrained build operations Thread 7" [_thread_blocked, id=24384, stack(0x000000c9d7700000,0x000000c9d7800000)]
  0x00000269461aa140 JavaThread "Unconstrained build operations Thread 8" [_thread_blocked, id=22988, stack(0x000000c9d7800000,0x000000c9d7900000)]
  0x00000269461a9720 JavaThread "Unconstrained build operations Thread 9" [_thread_blocked, id=20520, stack(0x000000c9d7900000,0x000000c9d7a00000)]
  0x00000269461a8d00 JavaThread "Unconstrained build operations Thread 10" [_thread_blocked, id=2468, stack(0x000000c9d7a00000,0x000000c9d7b00000)]
  0x00000269461aa650 JavaThread "Unconstrained build operations Thread 11" [_thread_blocked, id=21572, stack(0x000000c9d7b00000,0x000000c9d7c00000)]
  0x00000269461aab60 JavaThread "Unconstrained build operations Thread 12" [_thread_blocked, id=2568, stack(0x000000c9d7c00000,0x000000c9d7d00000)]
  0x00000269461ad3e0 JavaThread "Unconstrained build operations Thread 13" [_thread_blocked, id=7724, stack(0x000000c9d7d00000,0x000000c9d7e00000)]
  0x00000269461ab580 JavaThread "Unconstrained build operations Thread 14" [_thread_blocked, id=20812, stack(0x000000c9d7e00000,0x000000c9d7f00000)]
  0x00000269461ab070 JavaThread "Unconstrained build operations Thread 15" [_thread_blocked, id=18928, stack(0x000000c9d7f00000,0x000000c9d8000000)]
  0x00000269461a9c30 JavaThread "Unconstrained build operations Thread 16" [_thread_blocked, id=14868, stack(0x000000c9d8000000,0x000000c9d8100000)]
  0x00000269461ad8f0 JavaThread "Unconstrained build operations Thread 17" [_thread_blocked, id=7048, stack(0x000000c9d8100000,0x000000c9d8200000)]
  0x00000269461aed30 JavaThread "Unconstrained build operations Thread 18" [_thread_blocked, id=23348, stack(0x000000c9d8200000,0x000000c9d8300000)]
  0x00000269461ade00 JavaThread "Unconstrained build operations Thread 19" [_thread_blocked, id=18184, stack(0x000000c9d8300000,0x000000c9d8400000)]
  0x00000269461ae310 JavaThread "Unconstrained build operations Thread 20" [_thread_blocked, id=22392, stack(0x000000c9d8400000,0x000000c9d8500000)]
  0x00000269461ac4b0 JavaThread "Unconstrained build operations Thread 21" [_thread_blocked, id=624, stack(0x000000c9d8500000,0x000000c9d8600000)]
  0x00000269461ae820 JavaThread "Unconstrained build operations Thread 22" [_thread_blocked, id=13332, stack(0x000000c9d8600000,0x000000c9d8700000)]
  0x00000269461ac9c0 JavaThread "Unconstrained build operations Thread 23" [_thread_blocked, id=1652, stack(0x000000c9d8700000,0x000000c9d8800000)]
  0x00000269461af240 JavaThread "Unconstrained build operations Thread 24" [_thread_blocked, id=17736, stack(0x000000c9d8800000,0x000000c9d8900000)]
  0x00000269461aba90 JavaThread "Unconstrained build operations Thread 25" [_thread_blocked, id=5424, stack(0x000000c9d8900000,0x000000c9d8a00000)]
  0x00000269461af750 JavaThread "Unconstrained build operations Thread 26" [_thread_blocked, id=13100, stack(0x000000c9d8a00000,0x000000c9d8b00000)]
  0x00000269461abfa0 JavaThread "Unconstrained build operations Thread 27" [_thread_blocked, id=12864, stack(0x000000c9d8b00000,0x000000c9d8c00000)]
  0x00000269461b0170 JavaThread "build event listener" [_thread_blocked, id=13084, stack(0x000000c9d8c00000,0x000000c9d8d00000)]
  0x00000269461b0680 JavaThread "Memory manager" [_thread_blocked, id=15524, stack(0x000000c9d8d00000,0x000000c9d8e00000)]
  0x00000269451ae670 JavaThread "ForkJoinPool.commonPool-worker-1" daemon [_thread_blocked, id=25224, stack(0x000000c9d9000000,0x000000c9d9100000)]
  0x00000269451adc50 JavaThread "ForkJoinPool.commonPool-worker-2" daemon [_thread_blocked, id=3508, stack(0x000000c9d9100000,0x000000c9d9200000)]
  0x00000269451aeb80 JavaThread "ForkJoinPool.commonPool-worker-3" daemon [_thread_blocked, id=24320, stack(0x000000c9d9200000,0x000000c9d9300000)]
  0x00000269451ad230 JavaThread "ForkJoinPool.commonPool-worker-4" daemon [_thread_blocked, id=1892, stack(0x000000c9d9300000,0x000000c9d9400000)]
  0x00000269451ac810 JavaThread "ForkJoinPool.commonPool-worker-5" daemon [_thread_blocked, id=9968, stack(0x000000c9d9400000,0x000000c9d9500000)]
  0x00000269451ad740 JavaThread "ForkJoinPool.commonPool-worker-6" daemon [_thread_blocked, id=3472, stack(0x000000c9d9500000,0x000000c9d9600000)]
  0x00000269451afab0 JavaThread "Exec process" [_thread_blocked, id=4252, stack(0x000000c9d7400000,0x000000c9d7500000)]
  0x00000269451af090 JavaThread "Exec process Thread 2" [_thread_blocked, id=17076, stack(0x000000c9d9600000,0x000000c9d9700000)]
  0x00000269451af5a0 JavaThread "Exec process Thread 3" [_thread_blocked, id=21008, stack(0x000000c9d9700000,0x000000c9d9800000)]
  0x00000269451affc0 JavaThread "included builds" [_thread_blocked, id=24180, stack(0x000000c9d9900000,0x000000c9d9a00000)]
  0x00000269451ae160 JavaThread "Execution worker" [_thread_blocked, id=12592, stack(0x000000c9d9a00000,0x000000c9d9b00000)]
  0x00000269451b04d0 JavaThread "Execution worker Thread 2" [_thread_blocked, id=17204, stack(0x000000c9d9b00000,0x000000c9d9c00000)]
  0x00000269451acd20 JavaThread "Execution worker Thread 3" [_thread_blocked, id=21840, stack(0x000000c9d9c00000,0x000000c9d9d00000)]
  0x00000269451b3770 JavaThread "Execution worker Thread 4" [_thread_blocked, id=5184, stack(0x000000c9d9d00000,0x000000c9d9e00000)]
  0x00000269451b09e0 JavaThread "Execution worker Thread 5" [_thread_blocked, id=24884, stack(0x000000c9d9e00000,0x000000c9d9f00000)]
  0x00000269451b1400 JavaThread "Execution worker Thread 6" [_thread_blocked, id=10888, stack(0x000000c9d9f00000,0x000000c9da000000)]
  0x00000269451b1910 JavaThread "Execution worker Thread 7" [_thread_blocked, id=11688, stack(0x000000c9da000000,0x000000c9da100000)]
  0x00000269451b2840 JavaThread "Cache worker for execution history cache (D:\salarybooks_mobileapp\Salarybooks-App\node_modules\@react-native\gradle-plugin\.gradle\8.13\executionHistory)" [_thread_blocked, id=9380, stack(0x000000c9da100000,0x000000c9da200000)]
  0x00000269451b2d50 JavaThread "Unconstrained build operations Thread 28" [_thread_blocked, id=21740, stack(0x000000c9d9800000,0x000000c9d9900000)]
  0x00000269451b3c80 JavaThread "Unconstrained build operations Thread 29" [_thread_blocked, id=24960, stack(0x000000c9da200000,0x000000c9da300000)]
  0x00000269451b1e20 JavaThread "Unconstrained build operations Thread 30" [_thread_blocked, id=23196, stack(0x000000c9da300000,0x000000c9da400000)]
  0x00000269451b3260 JavaThread "Unconstrained build operations Thread 31" [_thread_blocked, id=22276, stack(0x000000c9da400000,0x000000c9da500000)]
  0x00000269451b4190 JavaThread "Unconstrained build operations Thread 32" [_thread_blocked, id=22332, stack(0x000000c9da500000,0x000000c9da600000)]
  0x00000269451b2330 JavaThread "Unconstrained build operations Thread 33" [_thread_blocked, id=10688, stack(0x000000c9da600000,0x000000c9da700000)]
  0x00000269451b0ef0 JavaThread "Unconstrained build operations Thread 34" [_thread_blocked, id=23368, stack(0x000000c9da700000,0x000000c9da800000)]
  0x0000026945334390 JavaThread "Unconstrained build operations Thread 35" [_thread_blocked, id=976, stack(0x000000c9da800000,0x000000c9da900000)]
  0x0000026945334db0 JavaThread "Unconstrained build operations Thread 36" [_thread_blocked, id=7996, stack(0x000000c9da900000,0x000000c9daa00000)]
  0x00000269453348a0 JavaThread "Unconstrained build operations Thread 37" [_thread_blocked, id=16352, stack(0x000000c9daa00000,0x000000c9dab00000)]
  0x00000269453352c0 JavaThread "Unconstrained build operations Thread 38" [_thread_blocked, id=1812, stack(0x000000c9dab00000,0x000000c9dac00000)]
  0x0000026945333970 JavaThread "Unconstrained build operations Thread 39" [_thread_blocked, id=8616, stack(0x000000c9dac00000,0x000000c9dad00000)]
  0x00000269453357d0 JavaThread "Unconstrained build operations Thread 40" [_thread_blocked, id=2256, stack(0x000000c9dad00000,0x000000c9dae00000)]
  0x0000026945332a40 JavaThread "Unconstrained build operations Thread 41" [_thread_blocked, id=2892, stack(0x000000c9dae00000,0x000000c9daf00000)]
  0x0000026945333460 JavaThread "Unconstrained build operations Thread 42" [_thread_blocked, id=13244, stack(0x000000c9daf00000,0x000000c9db000000)]
  0x0000026945335ce0 JavaThread "Unconstrained build operations Thread 43" [_thread_blocked, id=18776, stack(0x000000c9db000000,0x000000c9db100000)]
  0x0000026945332530 JavaThread "Unconstrained build operations Thread 44" [_thread_blocked, id=10424, stack(0x000000c9db100000,0x000000c9db200000)]
  0x0000026945333e80 JavaThread "Unconstrained build operations Thread 45" [_thread_blocked, id=21312, stack(0x000000c9db200000,0x000000c9db300000)]
  0x0000026945332f50 JavaThread "Unconstrained build operations Thread 46" [_thread_blocked, id=19244, stack(0x000000c9db300000,0x000000c9db400000)]
  0x0000026945326660 JavaThread "Unconstrained build operations Thread 47" [_thread_blocked, id=2944, stack(0x000000c9db400000,0x000000c9db500000)]
  0x0000026945327fb0 JavaThread "Unconstrained build operations Thread 48" [_thread_blocked, id=18976, stack(0x000000c9db500000,0x000000c9db600000)]
  0x0000026945326b70 JavaThread "Unconstrained build operations Thread 49" [_thread_blocked, id=17964, stack(0x000000c9db700000,0x000000c9db800000)]
  0x00000269453293f0 JavaThread "Unconstrained build operations Thread 50" [_thread_blocked, id=18316, stack(0x000000c9db600000,0x000000c9db700000)]
  0x00000269453289d0 JavaThread "Unconstrained build operations Thread 51" [_thread_blocked, id=6796, stack(0x000000c9db800000,0x000000c9db900000)]
  0x00000269453284c0 JavaThread "Unconstrained build operations Thread 52" [_thread_blocked, id=20336, stack(0x000000c9db900000,0x000000c9dba00000)]
  0x0000026945328ee0 JavaThread "Unconstrained build operations Thread 53" [_thread_blocked, id=22484, stack(0x000000c9dba00000,0x000000c9dbb00000)]
  0x0000026945329900 JavaThread "Unconstrained build operations Thread 54" [_thread_blocked, id=11808, stack(0x000000c9dbb00000,0x000000c9dbc00000)]
  0x0000026945329e10 JavaThread "Unconstrained build operations Thread 55" [_thread_blocked, id=14312, stack(0x000000c9dbc00000,0x000000c9dbd00000)]
  0x0000026945327aa0 JavaThread "Unconstrained build operations Thread 56" [_thread_blocked, id=17688, stack(0x000000c9dbd00000,0x000000c9dbe00000)]
  0x000002694532a320 JavaThread "Unconstrained build operations Thread 57" [_thread_blocked, id=4492, stack(0x000000c9dbe00000,0x000000c9dbf00000)]
  0x000002694532a830 JavaThread "Unconstrained build operations Thread 58" [_thread_blocked, id=7128, stack(0x000000c9dbf00000,0x000000c9dc000000)]
  0x0000026945327080 JavaThread "Unconstrained build operations Thread 59" [_thread_blocked, id=16280, stack(0x000000c9dc000000,0x000000c9dc100000)]
  0x000002694532ad40 JavaThread "Unconstrained build operations Thread 60" [_thread_blocked, id=6972, stack(0x000000c9dc100000,0x000000c9dc200000)]
  0x0000026945327590 JavaThread "Unconstrained build operations Thread 61" [_thread_blocked, id=5696, stack(0x000000c9dc200000,0x000000c9dc300000)]
  0x000002694532bc70 JavaThread "Unconstrained build operations Thread 62" [_thread_blocked, id=12016, stack(0x000000c9dc300000,0x000000c9dc400000)]
  0x000002694532b760 JavaThread "Unconstrained build operations Thread 63" [_thread_blocked, id=9416, stack(0x000000c9dc400000,0x000000c9dc500000)]
  0x000002694532d5c0 JavaThread "Unconstrained build operations Thread 64" [_thread_blocked, id=3556, stack(0x000000c9dc500000,0x000000c9dc600000)]
  0x000002694532b250 JavaThread "Unconstrained build operations Thread 65" [_thread_blocked, id=17948, stack(0x000000c9dc600000,0x000000c9dc700000)]
  0x000002694532c180 JavaThread "Unconstrained build operations Thread 66" [_thread_blocked, id=23768, stack(0x000000c9dc700000,0x000000c9dc800000)]
  0x000002694532c690 JavaThread "Unconstrained build operations Thread 67" [_thread_blocked, id=18712, stack(0x000000c9dc800000,0x000000c9dc900000)]
  0x000002694532dad0 JavaThread "Unconstrained build operations Thread 68" [_thread_blocked, id=16512, stack(0x000000c9dc900000,0x000000c9dca00000)]
  0x000002694532cba0 JavaThread "Unconstrained build operations Thread 69" [_thread_blocked, id=22584, stack(0x000000c9dca00000,0x000000c9dcb00000)]
  0x000002694532d0b0 JavaThread "Unconstrained build operations Thread 70" [_thread_blocked, id=22096, stack(0x000000c9dcb00000,0x000000c9dcc00000)]
  0x000002694532dfe0 JavaThread "Unconstrained build operations Thread 71" [_thread_blocked, id=11256, stack(0x000000c9dcc00000,0x000000c9dcd00000)]
  0x0000026946972220 JavaThread "Unconstrained build operations Thread 72" [_thread_blocked, id=4164, stack(0x000000c9dcd00000,0x000000c9dce00000)]
  0x0000026946974aa0 JavaThread "Unconstrained build operations Thread 73" [_thread_blocked, id=8748, stack(0x000000c9dce00000,0x000000c9dcf00000)]
  0x0000026946973b70 JavaThread "Unconstrained build operations Thread 74" [_thread_blocked, id=23608, stack(0x000000c9dcf00000,0x000000c9dd000000)]
  0x0000026946974590 JavaThread "Unconstrained build operations Thread 75" [_thread_blocked, id=23896, stack(0x000000c9dd000000,0x000000c9dd100000)]
  0x0000026946972730 JavaThread "Unconstrained build operations Thread 76" [_thread_blocked, id=9488, stack(0x000000c9dd100000,0x000000c9dd200000)]
  0x0000026946974fb0 JavaThread "Unconstrained build operations Thread 77" [_thread_blocked, id=3696, stack(0x000000c9dd200000,0x000000c9dd300000)]

Other Threads:
=>0x00000269239c4d40 VMThread "VM Thread" [stack: 0x000000c9d3c00000,0x000000c9d3d00000] [id=14892]
  0x0000026923cfdf10 WatcherThread [stack: 0x000000c9d4900000,0x000000c9d4a00000] [id=12232]
  0x000002697d5a9c00 GCTaskThread "GC Thread#0" [stack: 0x000000c9d3700000,0x000000c9d3800000] [id=24980]
  0x00000269430564c0 GCTaskThread "GC Thread#1" [stack: 0x000000c9d4a00000,0x000000c9d4b00000] [id=23880]
  0x0000026943056780 GCTaskThread "GC Thread#2" [stack: 0x000000c9d4b00000,0x000000c9d4c00000] [id=820]
  0x00000269430eb500 GCTaskThread "GC Thread#3" [stack: 0x000000c9d4c00000,0x000000c9d4d00000] [id=24244]
  0x0000026943cdc6e0 GCTaskThread "GC Thread#4" [stack: 0x000000c9d4d00000,0x000000c9d4e00000] [id=25200]
  0x0000026943f95810 GCTaskThread "GC Thread#5" [stack: 0x000000c9d4700000,0x000000c9d4800000] [id=2728]
  0x0000026943342c00 GCTaskThread "GC Thread#6" [stack: 0x000000c9d5c00000,0x000000c9d5d00000] [id=2632]
  0x0000026944664b90 GCTaskThread "GC Thread#7" [stack: 0x000000c9d5d00000,0x000000c9d5e00000] [id=19464]
  0x000002697d5bc740 ConcurrentGCThread "G1 Main Marker" [stack: 0x000000c9d3800000,0x000000c9d3900000] [id=21864]
  0x000002697d5bd810 ConcurrentGCThread "G1 Conc#0" [stack: 0x000000c9d3900000,0x000000c9d3a00000] [id=15704]
  0x00000269462fdd40 ConcurrentGCThread "G1 Conc#1" [stack: 0x000000c9d5f00000,0x000000c9d6000000] [id=19816]
  0x000002697d5ee840 ConcurrentGCThread "G1 Refine#0" [stack: 0x000000c9d3a00000,0x000000c9d3b00000] [id=22856]
  0x00000269238823d0 ConcurrentGCThread "G1 Service" [stack: 0x000000c9d3b00000,0x000000c9d3c00000] [id=3876]

Threads with active compile tasks:

VM state: at safepoint (normal execution)

VM Mutex/Monitor currently owned by a thread:  ([mutex/lock_event])
[0x000002697d537f60] Threads_lock - owner thread: 0x00000269239c4d40
[0x000002697d537e40] Heap_lock - owner thread: 0x00000269433613d0

Heap address: 0x0000000700000000, size: 4096 MB, Compressed Oops mode: Zero based, Oop shift amount: 3

CDS archive(s) mapped at: [0x0000026924000000-0x0000026924bc0000-0x0000026924bc0000), size 12320768, SharedBaseAddress: 0x0000026924000000, ArchiveRelocationMode: 1.
Compressed class space mapped at: 0x0000026925000000-0x000002693f000000, reserved size: 436207616
Narrow klass base: 0x0000026924000000, Narrow klass shift: 0, Narrow klass range: 0x100000000

GC Precious Log:
 CPUs: 8 total, 8 available
 Memory: 7418M
 Large Page Support: Disabled
 NUMA Support: Disabled
 Compressed Oops: Enabled (Zero based)
 Heap Region Size: 2M
 Heap Min Capacity: 8M
 Heap Initial Capacity: 116M
 Heap Max Capacity: 4G
 Pre-touch: Disabled
 Parallel Workers: 8
 Concurrent Workers: 2
 Concurrent Refinement Workers: 8
 Periodic GC: Disabled

Heap:
 garbage-first heap   total 157696K, used 93743K [0x0000000700000000, 0x0000000800000000)
  region size 2048K, 3 young (6144K), 3 survivors (6144K)
 Metaspace       used 81572K, committed 82624K, reserved 557056K
  class space    used 11326K, committed 11840K, reserved 425984K

Heap Regions: E=young(eden), S=young(survivor), O=old, HS=humongous(starts), HC=humongous(continues), CS=collection set, F=free, OA=open archive, CA=closed archive, TAMS=top-at-mark-start (previous, next)
|   0|0x0000000700000000, 0x0000000700200000, 0x0000000700200000|100%|HS|  |TAMS 0x0000000700200000, 0x0000000700000000| Complete 
|   1|0x0000000700200000, 0x0000000700400000, 0x0000000700400000|100%|HC|  |TAMS 0x0000000700400000, 0x0000000700200000| Complete 
|   2|0x0000000700400000, 0x0000000700600000, 0x0000000700600000|100%| O|  |TAMS 0x0000000700600000, 0x0000000700400000| Untracked 
|   3|0x0000000700600000, 0x0000000700800000, 0x0000000700800000|100%| O|  |TAMS 0x0000000700800000, 0x0000000700600000| Untracked 
|   4|0x0000000700800000, 0x0000000700a00000, 0x0000000700a00000|100%| O|  |TAMS 0x0000000700a00000, 0x0000000700800000| Untracked 
|   5|0x0000000700a00000, 0x0000000700c00000, 0x0000000700c00000|100%| O|  |TAMS 0x0000000700c00000, 0x0000000700a00000| Untracked 
|   6|0x0000000700c00000, 0x0000000700e00000, 0x0000000700e00000|100%| O|  |TAMS 0x0000000700e00000, 0x0000000700c00000| Untracked 
|   7|0x0000000700e00000, 0x0000000701000000, 0x0000000701000000|100%| O|  |TAMS 0x0000000701000000, 0x0000000700e00000| Untracked 
|   8|0x0000000701000000, 0x0000000701200000, 0x0000000701200000|100%| O|  |TAMS 0x0000000701200000, 0x0000000701000000| Untracked 
|   9|0x0000000701200000, 0x0000000701400000, 0x0000000701400000|100%| O|  |TAMS 0x0000000701400000, 0x0000000701200000| Untracked 
|  10|0x0000000701400000, 0x0000000701600000, 0x0000000701600000|100%| O|  |TAMS 0x0000000701600000, 0x0000000701400000| Untracked 
|  11|0x0000000701600000, 0x0000000701800000, 0x0000000701800000|100%| O|  |TAMS 0x0000000701800000, 0x0000000701600000| Untracked 
|  12|0x0000000701800000, 0x0000000701a00000, 0x0000000701a00000|100%| O|  |TAMS 0x0000000701a00000, 0x0000000701800000| Untracked 
|  13|0x0000000701a00000, 0x0000000701c00000, 0x0000000701c00000|100%| O|  |TAMS 0x0000000701c00000, 0x0000000701a00000| Untracked 
|  14|0x0000000701c00000, 0x0000000701e00000, 0x0000000701e00000|100%| O|  |TAMS 0x0000000701e00000, 0x0000000701c00000| Untracked 
|  15|0x0000000701e00000, 0x0000000702000000, 0x0000000702000000|100%| O|  |TAMS 0x0000000702000000, 0x0000000701e00000| Untracked 
|  16|0x0000000702000000, 0x0000000702200000, 0x0000000702200000|100%| O|  |TAMS 0x0000000702200000, 0x0000000702000000| Untracked 
|  17|0x0000000702200000, 0x0000000702400000, 0x0000000702400000|100%| O|  |TAMS 0x0000000702400000, 0x0000000702200000| Untracked 
|  18|0x0000000702400000, 0x0000000702600000, 0x0000000702600000|100%| O|  |TAMS 0x0000000702600000, 0x0000000702400000| Untracked 
|  19|0x0000000702600000, 0x0000000702600000, 0x0000000702800000|  0%| F|  |TAMS 0x0000000702600000, 0x0000000702600000| Untracked 
|  20|0x0000000702800000, 0x0000000702a00000, 0x0000000702a00000|100%| O|  |TAMS 0x0000000702a00000, 0x0000000702800000| Untracked 
|  21|0x0000000702a00000, 0x0000000702c00000, 0x0000000702c00000|100%| O|  |TAMS 0x0000000702c00000, 0x0000000702a00000| Untracked 
|  22|0x0000000702c00000, 0x0000000702e00000, 0x0000000702e00000|100%| O|  |TAMS 0x0000000702e00000, 0x0000000702c00000| Untracked 
|  23|0x0000000702e00000, 0x0000000703000000, 0x0000000703000000|100%| O|  |TAMS 0x0000000703000000, 0x0000000702e00000| Untracked 
|  24|0x0000000703000000, 0x0000000703200000, 0x0000000703200000|100%| O|  |TAMS 0x0000000703200000, 0x0000000703000000| Untracked 
|  25|0x0000000703200000, 0x0000000703200000, 0x0000000703400000|  0%| F|  |TAMS 0x0000000703200000, 0x0000000703200000| Untracked 
|  26|0x0000000703400000, 0x0000000703600000, 0x0000000703600000|100%| O|  |TAMS 0x0000000703600000, 0x0000000703400000| Untracked 
|  27|0x0000000703600000, 0x0000000703800000, 0x0000000703800000|100%|HS|  |TAMS 0x0000000703800000, 0x0000000703600000| Complete 
|  28|0x0000000703800000, 0x0000000703a00000, 0x0000000703a00000|100%|HS|  |TAMS 0x0000000703a00000, 0x0000000703800000| Complete 
|  29|0x0000000703a00000, 0x0000000703c00000, 0x0000000703c00000|100%|HC|  |TAMS 0x0000000703c00000, 0x0000000703a00000| Complete 
|  30|0x0000000703c00000, 0x0000000703e00000, 0x0000000703e00000|100%|HS|  |TAMS 0x0000000703e00000, 0x0000000703c00000| Complete 
|  31|0x0000000703e00000, 0x0000000704000000, 0x0000000704000000|100%| O|  |TAMS 0x0000000704000000, 0x0000000703e00000| Untracked 
|  32|0x0000000704000000, 0x0000000704200000, 0x0000000704200000|100%| O|  |TAMS 0x0000000704200000, 0x0000000704000000| Untracked 
|  33|0x0000000704200000, 0x0000000704400000, 0x0000000704400000|100%|HS|  |TAMS 0x0000000704400000, 0x0000000704200000| Complete 
|  34|0x0000000704400000, 0x0000000704600000, 0x0000000704600000|100%|HC|  |TAMS 0x0000000704600000, 0x0000000704400000| Complete 
|  35|0x0000000704600000, 0x0000000704800000, 0x0000000704800000|100%| O|  |TAMS 0x0000000704800000, 0x0000000704600000| Untracked 
|  36|0x0000000704800000, 0x0000000704a00000, 0x0000000704a00000|100%| O|  |TAMS 0x0000000704a00000, 0x0000000704800000| Untracked 
|  37|0x0000000704a00000, 0x0000000704c00000, 0x0000000704c00000|100%| O|  |TAMS 0x0000000704c00000, 0x0000000704a00000| Untracked 
|  38|0x0000000704c00000, 0x0000000704c00000, 0x0000000704e00000|  0%| F|  |TAMS 0x0000000704c00000, 0x0000000704c00000| Untracked 
|  39|0x0000000704e00000, 0x0000000705000000, 0x0000000705000000|100%| O|  |TAMS 0x0000000704e00000, 0x0000000704e00000| Untracked 
|  40|0x0000000705000000, 0x0000000705200000, 0x0000000705200000|100%| O|  |TAMS 0x0000000705000000, 0x0000000705000000| Untracked 
|  41|0x0000000705200000, 0x0000000705400000, 0x0000000705400000|100%| O|  |TAMS 0x0000000705200000, 0x0000000705200000| Untracked 
|  42|0x0000000705400000, 0x0000000705600000, 0x0000000705600000|100%| O|  |TAMS 0x0000000705400000, 0x0000000705400000| Untracked 
|  43|0x0000000705600000, 0x0000000705800000, 0x0000000705800000|100%| O|  |TAMS 0x0000000705600000, 0x0000000705600000| Untracked 
|  44|0x0000000705800000, 0x0000000705a00000, 0x0000000705a00000|100%| O|  |TAMS 0x0000000705800000, 0x0000000705800000| Untracked 
|  45|0x0000000705a00000, 0x0000000705c00000, 0x0000000705c00000|100%| O|  |TAMS 0x0000000705a00000, 0x0000000705a00000| Untracked 
|  46|0x0000000705c00000, 0x0000000705c31400, 0x0000000705e00000|  9%| O|  |TAMS 0x0000000705c00000, 0x0000000705c00000| Untracked 
|  47|0x0000000705e00000, 0x0000000705e00000, 0x0000000706000000|  0%| F|  |TAMS 0x0000000705e00000, 0x0000000705e00000| Untracked 
|  48|0x0000000706000000, 0x0000000706000000, 0x0000000706200000|  0%| F|  |TAMS 0x0000000706000000, 0x0000000706000000| Untracked 
|  49|0x0000000706200000, 0x0000000706200000, 0x0000000706400000|  0%| F|  |TAMS 0x0000000706200000, 0x0000000706200000| Untracked 
|  50|0x0000000706400000, 0x0000000706400000, 0x0000000706600000|  0%| F|  |TAMS 0x0000000706400000, 0x0000000706400000| Untracked 
|  51|0x0000000706600000, 0x0000000706600000, 0x0000000706800000|  0%| F|  |TAMS 0x0000000706600000, 0x0000000706600000| Untracked 
|  52|0x0000000706800000, 0x0000000706800000, 0x0000000706a00000|  0%| F|  |TAMS 0x0000000706800000, 0x0000000706800000| Untracked 
|  53|0x0000000706a00000, 0x0000000706a00000, 0x0000000706c00000|  0%| F|  |TAMS 0x0000000706a00000, 0x0000000706a00000| Untracked 
|  54|0x0000000706c00000, 0x0000000706c00000, 0x0000000706e00000|  0%| F|  |TAMS 0x0000000706c00000, 0x0000000706c00000| Untracked 
|  55|0x0000000706e00000, 0x0000000706e00000, 0x0000000707000000|  0%| F|  |TAMS 0x0000000706e00000, 0x0000000706e00000| Untracked 
|  56|0x0000000707000000, 0x000000070715a9a0, 0x0000000707200000| 67%| S|CS|TAMS 0x0000000707000000, 0x0000000707000000| Complete 
|  57|0x0000000707200000, 0x0000000707400000, 0x0000000707400000|100%| S|CS|TAMS 0x0000000707200000, 0x0000000707200000| Complete 
|  58|0x0000000707400000, 0x0000000707600000, 0x0000000707600000|100%| S|CS|TAMS 0x0000000707400000, 0x0000000707400000| Complete 
|  59|0x0000000707600000, 0x0000000707600000, 0x0000000707800000|  0%| F|  |TAMS 0x0000000707600000, 0x0000000707600000| Untracked 
|  60|0x0000000707800000, 0x0000000707800000, 0x0000000707a00000|  0%| F|  |TAMS 0x0000000707800000, 0x0000000707800000| Untracked 
|  61|0x0000000707a00000, 0x0000000707a00000, 0x0000000707c00000|  0%| F|  |TAMS 0x0000000707a00000, 0x0000000707a00000| Untracked 
|  62|0x0000000707c00000, 0x0000000707c00000, 0x0000000707e00000|  0%| F|  |TAMS 0x0000000707c00000, 0x0000000707c00000| Untracked 
|  63|0x0000000707e00000, 0x0000000707e00000, 0x0000000708000000|  0%| F|  |TAMS 0x0000000707e00000, 0x0000000707e00000| Untracked 
|  64|0x0000000708000000, 0x0000000708000000, 0x0000000708200000|  0%| F|  |TAMS 0x0000000708000000, 0x0000000708000000| Untracked 
|  65|0x0000000708200000, 0x0000000708200000, 0x0000000708400000|  0%| F|  |TAMS 0x0000000708200000, 0x0000000708200000| Untracked 
|  66|0x0000000708400000, 0x0000000708400000, 0x0000000708600000|  0%| F|  |TAMS 0x0000000708400000, 0x0000000708400000| Untracked 
|  67|0x0000000708600000, 0x0000000708600000, 0x0000000708800000|  0%| F|  |TAMS 0x0000000708600000, 0x0000000708600000| Untracked 
|  68|0x0000000708800000, 0x0000000708800000, 0x0000000708a00000|  0%| F|  |TAMS 0x0000000708800000, 0x0000000708800000| Untracked 
|  69|0x0000000708a00000, 0x0000000708a00000, 0x0000000708c00000|  0%| F|  |TAMS 0x0000000708a00000, 0x0000000708a00000| Untracked 
|  70|0x0000000708c00000, 0x0000000708c00000, 0x0000000708e00000|  0%| F|  |TAMS 0x0000000708c00000, 0x0000000708c00000| Untracked 
|  71|0x0000000708e00000, 0x0000000708e00000, 0x0000000709000000|  0%| F|  |TAMS 0x0000000708e00000, 0x0000000708e00000| Untracked 
|  72|0x0000000709000000, 0x0000000709000000, 0x0000000709200000|  0%| F|  |TAMS 0x0000000709000000, 0x0000000709000000| Untracked 
|  73|0x0000000709200000, 0x0000000709200000, 0x0000000709400000|  0%| F|  |TAMS 0x0000000709200000, 0x0000000709200000| Untracked 
|  74|0x0000000709400000, 0x0000000709400000, 0x0000000709600000|  0%| F|  |TAMS 0x0000000709400000, 0x0000000709400000| Untracked 
|  75|0x0000000709600000, 0x0000000709600000, 0x0000000709800000|  0%| F|  |TAMS 0x0000000709600000, 0x0000000709600000| Untracked 
|  76|0x0000000709800000, 0x0000000709800000, 0x0000000709a00000|  0%| F|  |TAMS 0x0000000709800000, 0x0000000709800000| Untracked 

Card table byte_map: [0x0000026918610000,0x0000026918e10000] _byte_map_base: 0x0000026914e10000

Marking Bits (Prev, Next): (CMBitMap*) 0x000002697d5ab180, (CMBitMap*) 0x000002697d5ab140
 Prev Bits: [0x000002691d610000, 0x0000026921610000)
 Next Bits: [0x0000026919610000, 0x000002691d610000)

Polling page: 0x000002697d4d0000

Metaspace:

Usage:
  Non-class:     68.60 MB used.
      Class:     11.06 MB used.
       Both:     79.66 MB used.

Virtual space:
  Non-class space:      128.00 MB reserved,      69.12 MB ( 54%) committed,  2 nodes.
      Class space:      416.00 MB reserved,      11.56 MB (  3%) committed,  1 nodes.
             Both:      544.00 MB reserved,      80.69 MB ( 15%) committed. 

Chunk freelists:
   Non-Class:  10.91 MB
       Class:  4.47 MB
        Both:  15.38 MB

MaxMetaspaceSize: 512.00 MB
CompressedClassSpaceSize: 416.00 MB
Initial GC threshold: 21.00 MB
Current GC threshold: 128.75 MB
CDS: on
MetaspaceReclaimPolicy: balanced
 - commit_granule_bytes: 65536.
 - commit_granule_words: 8192.
 - virtual_space_node_default_size: 8388608.
 - enlarge_chunks_in_place: 1.
 - new_chunks_are_fully_committed: 0.
 - uncommit_free_chunks: 1.
 - use_allocation_guard: 0.
 - handle_deallocations: 1.


Internal statistics:

num_allocs_failed_limit: 6.
num_arena_births: 1360.
num_arena_deaths: 0.
num_vsnodes_births: 3.
num_vsnodes_deaths: 0.
num_space_committed: 1291.
num_space_uncommitted: 0.
num_chunks_returned_to_freelist: 6.
num_chunks_taken_from_freelist: 5090.
num_chunk_merges: 6.
num_chunk_splits: 3166.
num_chunks_enlarged: 1880.
num_inconsistent_stats: 0.

CodeHeap 'non-profiled nmethods': size=120000Kb used=6107Kb max_used=6107Kb free=113892Kb
 bounds [0x00000269108e0000, 0x0000026910ee0000, 0x0000026917e10000]
CodeHeap 'profiled nmethods': size=120000Kb used=18992Kb max_used=18992Kb free=101008Kb
 bounds [0x0000026908e10000, 0x000002690a0a0000, 0x0000026910340000]
CodeHeap 'non-nmethods': size=5760Kb used=2392Kb max_used=2448Kb free=3367Kb
 bounds [0x0000026910340000, 0x00000269105c0000, 0x00000269108e0000]
 total_blobs=10803 nmethods=9878 adapters=837
 compilation: enabled
              stopped_count=0, restarted_count=0
 full_count=0

Compilation events (20 events):
Event: 43.415 Thread 0x00000269239fe280 11392       3       org.gradle.api.internal.artifacts.ivyservice.resolveengine.graph.builder.DependencyState::maybeAddReason (37 bytes)
Event: 43.415 Thread 0x00000269239fe280 nmethod 11392 0x000002690a096890 code [0x000002690a096a60, 0x000002690a096e78]
Event: 43.415 Thread 0x00000269239fe280 11393       3       org.gradle.api.internal.artifacts.ivyservice.resolveengine.graph.builder.NodeState::createAndLinkEdgeState (64 bytes)
Event: 43.417 Thread 0x00000269239fe280 nmethod 11393 0x000002690a096f90 code [0x000002690a097200, 0x000002690a097df8]
Event: 43.417 Thread 0x00000269239fe280 11394       3       org.gradle.api.internal.artifacts.ivyservice.resolveengine.graph.builder.NodeState$$Lambda$828/0x000002692566a8b0::<init> (15 bytes)
Event: 43.417 Thread 0x00000269239fe280 nmethod 11394 0x000002690a098290 code [0x000002690a098440, 0x000002690a098678]
Event: 43.417 Thread 0x00000269239fe280 11395       3       org.gradle.api.internal.artifacts.ivyservice.resolveengine.graph.builder.NodeState$$Lambda$828/0x000002692566a8b0::apply (16 bytes)
Event: 43.417 Thread 0x00000269239fe280 nmethod 11395 0x000002690a098710 code [0x000002690a0988c0, 0x000002690a098b28]
Event: 43.417 Thread 0x00000269239fe280 11396       3       org.gradle.api.internal.artifacts.ivyservice.resolveengine.graph.builder.NodeState::lambda$createAndLinkEdgeState$0 (15 bytes)
Event: 43.417 Thread 0x00000269239fe280 nmethod 11396 0x000002690a098c10 code [0x000002690a098dc0, 0x000002690a098f88]
Event: 43.417 Thread 0x00000269239fe280 11397       3       org.gradle.api.internal.artifacts.ivyservice.resolveengine.graph.builder.EdgeState::<init> (94 bytes)
Event: 43.418 Thread 0x00000269239fe280 nmethod 11397 0x000002690a099090 code [0x000002690a0992a0, 0x000002690a099be8]
Event: 43.418 Thread 0x00000269239fe280 11398       3       org.gradle.api.internal.artifacts.ivyservice.resolveengine.graph.builder.EdgeState::computeHashCode (43 bytes)
Event: 43.419 Thread 0x00000269239fe280 nmethod 11398 0x000002690a099e90 code [0x000002690a09a040, 0x000002690a09a358]
Event: 43.419 Thread 0x00000269239fe280 11390       3       org.gradle.api.internal.artifacts.ivyservice.resolveengine.graph.builder.NodeState::visitOwners (127 bytes)
Event: 43.420 Thread 0x00000269239fe280 nmethod 11390 0x000002690a09a490 code [0x000002690a09a7a0, 0x000002690a09bbb8]
Event: 43.420 Thread 0x00000269239fe280 11391       3       org.gradle.api.internal.artifacts.ivyservice.resolveengine.graph.builder.ComponentState::getMetadata (14 bytes)
Event: 43.420 Thread 0x00000269239fe280 nmethod 11391 0x000002690a09c290 code [0x000002690a09c440, 0x000002690a09c688]
Event: 43.420 Thread 0x00000269239fe280 11399       3       org.gradle.internal.component.model.GraphVariantSelector::selectByAttributeMatchingLenient (256 bytes)
Event: 43.422 Thread 0x00000269239fe280 nmethod 11399 0x000002690a09c790 code [0x000002690a09cb00, 0x000002690a09df08]

GC Heap History (20 events):
Event: 27.287 GC heap after
{Heap after GC invocations=33 (full 0):
 garbage-first heap   total 120832K, used 71572K [0x0000000700000000, 0x0000000800000000)
  region size 2048K, 2 young (4096K), 2 survivors (4096K)
 Metaspace       used 65641K, committed 66432K, reserved 491520K
  class space    used 9229K, committed 9600K, reserved 425984K
}
Event: 27.383 GC heap before
{Heap before GC invocations=33 (full 0):
 garbage-first heap   total 120832K, used 73620K [0x0000000700000000, 0x0000000800000000)
  region size 2048K, 3 young (6144K), 2 survivors (4096K)
 Metaspace       used 65743K, committed 66496K, reserved 491520K
  class space    used 9241K, committed 9600K, reserved 425984K
}
Event: 27.389 GC heap after
{Heap after GC invocations=34 (full 0):
 garbage-first heap   total 120832K, used 71194K [0x0000000700000000, 0x0000000800000000)
  region size 2048K, 1 young (2048K), 1 survivors (2048K)
 Metaspace       used 65743K, committed 66496K, reserved 491520K
  class space    used 9241K, committed 9600K, reserved 425984K
}
Event: 28.755 GC heap before
{Heap before GC invocations=34 (full 0):
 garbage-first heap   total 120832K, used 95770K [0x0000000700000000, 0x0000000800000000)
  region size 2048K, 13 young (26624K), 1 survivors (2048K)
 Metaspace       used 66939K, committed 67712K, reserved 491520K
  class space    used 9434K, committed 9792K, reserved 425984K
}
Event: 28.759 GC heap after
{Heap after GC invocations=35 (full 0):
 garbage-first heap   total 153600K, used 71692K [0x0000000700000000, 0x0000000800000000)
  region size 2048K, 1 young (2048K), 1 survivors (2048K)
 Metaspace       used 66939K, committed 67712K, reserved 491520K
  class space    used 9434K, committed 9792K, reserved 425984K
}
Event: 32.235 GC heap before
{Heap before GC invocations=36 (full 0):
 garbage-first heap   total 153600K, used 120844K [0x0000000700000000, 0x0000000800000000)
  region size 2048K, 25 young (51200K), 1 survivors (2048K)
 Metaspace       used 68448K, committed 69312K, reserved 491520K
  class space    used 9632K, committed 10048K, reserved 425984K
}
Event: 32.242 GC heap after
{Heap after GC invocations=37 (full 0):
 garbage-first heap   total 153600K, used 76167K [0x0000000700000000, 0x0000000800000000)
  region size 2048K, 3 young (6144K), 3 survivors (6144K)
 Metaspace       used 68448K, committed 69312K, reserved 491520K
  class space    used 9632K, committed 10048K, reserved 425984K
}
Event: 32.414 GC heap before
{Heap before GC invocations=37 (full 0):
 garbage-first heap   total 153600K, used 78215K [0x0000000700000000, 0x0000000800000000)
  region size 2048K, 4 young (8192K), 3 survivors (6144K)
 Metaspace       used 68449K, committed 69312K, reserved 491520K
  class space    used 9632K, committed 10048K, reserved 425984K
}
Event: 32.421 GC heap after
{Heap after GC invocations=38 (full 0):
 garbage-first heap   total 153600K, used 75547K [0x0000000700000000, 0x0000000800000000)
  region size 2048K, 1 young (2048K), 1 survivors (2048K)
 Metaspace       used 68449K, committed 69312K, reserved 491520K
  class space    used 9632K, committed 10048K, reserved 425984K
}
Event: 35.251 GC heap before
{Heap before GC invocations=38 (full 0):
 garbage-first heap   total 153600K, used 120603K [0x0000000700000000, 0x0000000800000000)
  region size 2048K, 23 young (47104K), 1 survivors (2048K)
 Metaspace       used 70719K, committed 71552K, reserved 491520K
  class space    used 9957K, committed 10368K, reserved 425984K
}
Event: 35.257 GC heap after
{Heap after GC invocations=39 (full 0):
 garbage-first heap   total 153600K, used 79363K [0x0000000700000000, 0x0000000800000000)
  region size 2048K, 3 young (6144K), 3 survivors (6144K)
 Metaspace       used 70719K, committed 71552K, reserved 491520K
  class space    used 9957K, committed 10368K, reserved 425984K
}
Event: 38.335 GC heap before
{Heap before GC invocations=39 (full 0):
 garbage-first heap   total 153600K, used 120323K [0x0000000700000000, 0x0000000800000000)
  region size 2048K, 23 young (47104K), 3 survivors (6144K)
 Metaspace       used 74052K, committed 74944K, reserved 491520K
  class space    used 10494K, committed 10944K, reserved 425984K
}
Event: 38.347 GC heap after
{Heap after GC invocations=40 (full 0):
 garbage-first heap   total 153600K, used 82535K [0x0000000700000000, 0x0000000800000000)
  region size 2048K, 2 young (4096K), 2 survivors (4096K)
 Metaspace       used 74052K, committed 74944K, reserved 491520K
  class space    used 10494K, committed 10944K, reserved 425984K
}
Event: 40.702 GC heap before
{Heap before GC invocations=40 (full 0):
 garbage-first heap   total 153600K, used 121447K [0x0000000700000000, 0x0000000800000000)
  region size 2048K, 22 young (45056K), 2 survivors (4096K)
 Metaspace       used 77657K, committed 78592K, reserved 557056K
  class space    used 10868K, committed 11328K, reserved 425984K
}
Event: 40.711 GC heap after
{Heap after GC invocations=41 (full 0):
 garbage-first heap   total 153600K, used 89027K [0x0000000700000000, 0x0000000800000000)
  region size 2048K, 3 young (6144K), 3 survivors (6144K)
 Metaspace       used 77657K, committed 78592K, reserved 557056K
  class space    used 10868K, committed 11328K, reserved 425984K
}
Event: 41.722 GC heap before
{Heap before GC invocations=42 (full 0):
 garbage-first heap   total 157696K, used 121795K [0x0000000700000000, 0x0000000800000000)
  region size 2048K, 20 young (40960K), 3 survivors (6144K)
 Metaspace       used 79990K, committed 80960K, reserved 557056K
  class space    used 11134K, committed 11584K, reserved 425984K
}
Event: 41.735 GC heap after
{Heap after GC invocations=43 (full 0):
 garbage-first heap   total 157696K, used 92831K [0x0000000700000000, 0x0000000800000000)
  region size 2048K, 3 young (6144K), 3 survivors (6144K)
 Metaspace       used 79990K, committed 80960K, reserved 557056K
  class space    used 11134K, committed 11584K, reserved 425984K
}
Event: 41.816 GC heap before
{Heap before GC invocations=43 (full 0):
 garbage-first heap   total 157696K, used 92831K [0x0000000700000000, 0x0000000800000000)
  region size 2048K, 4 young (8192K), 3 survivors (6144K)
 Metaspace       used 80037K, committed 81088K, reserved 557056K
  class space    used 11140K, committed 11648K, reserved 425984K
}
Event: 41.824 GC heap after
{Heap after GC invocations=44 (full 0):
 garbage-first heap   total 157696K, used 89472K [0x0000000700000000, 0x0000000800000000)
  region size 2048K, 1 young (2048K), 1 survivors (2048K)
 Metaspace       used 80037K, committed 81088K, reserved 557056K
  class space    used 11140K, committed 11648K, reserved 425984K
}
Event: 43.428 GC heap before
{Heap before GC invocations=44 (full 0):
 garbage-first heap   total 157696K, used 124288K [0x0000000700000000, 0x0000000800000000)
  region size 2048K, 18 young (36864K), 1 survivors (2048K)
 Metaspace       used 81572K, committed 82624K, reserved 557056K
  class space    used 11326K, committed 11840K, reserved 425984K
}

Dll operation events (15 events):
Event: 0.018 Loaded shared library C:\Program Files\OpenLogic\jdk-17.0.14.7-hotspot\bin\java.dll
Event: 0.042 Loaded shared library C:\Program Files\OpenLogic\jdk-17.0.14.7-hotspot\bin\jsvml.dll
Event: 0.143 Loaded shared library C:\Program Files\OpenLogic\jdk-17.0.14.7-hotspot\bin\zip.dll
Event: 0.148 Loaded shared library C:\Program Files\OpenLogic\jdk-17.0.14.7-hotspot\bin\instrument.dll
Event: 0.156 Loaded shared library C:\Program Files\OpenLogic\jdk-17.0.14.7-hotspot\bin\net.dll
Event: 0.159 Loaded shared library C:\Program Files\OpenLogic\jdk-17.0.14.7-hotspot\bin\nio.dll
Event: 0.163 Loaded shared library C:\Program Files\OpenLogic\jdk-17.0.14.7-hotspot\bin\zip.dll
Event: 0.620 Loaded shared library C:\Program Files\OpenLogic\jdk-17.0.14.7-hotspot\bin\jimage.dll
Event: 2.904 Loaded shared library C:\Program Files\OpenLogic\jdk-17.0.14.7-hotspot\bin\verify.dll
Event: 3.072 Loaded shared library C:\Users\Vauras\.gradle\native\1def1411415f61bf3af743bc5b6707747c0891f09f0c88961ee8f79bc544acac\windows-amd64\native-platform.dll
Event: 3.098 Loaded shared library C:\Users\Vauras\.gradle\native\0.2.7\x86_64-windows-gnu\gradle-fileevents.dll
Event: 4.925 Loaded shared library C:\Program Files\OpenLogic\jdk-17.0.14.7-hotspot\bin\management.dll
Event: 4.927 Loaded shared library C:\Program Files\OpenLogic\jdk-17.0.14.7-hotspot\bin\management_ext.dll
Event: 5.529 Loaded shared library C:\Program Files\OpenLogic\jdk-17.0.14.7-hotspot\bin\extnet.dll
Event: 5.955 Loaded shared library C:\Program Files\OpenLogic\jdk-17.0.14.7-hotspot\bin\sunmscapi.dll

Deoptimization events (20 events):
Event: 42.145 Thread 0x0000026943362810 DEOPT PACKING pc=0x0000026909f65755 sp=0x000000c9d54f9ba0
Event: 42.145 Thread 0x0000026943362810 DEOPT UNPACKING pc=0x0000026910397143 sp=0x000000c9d54f90d8 mode 0
Event: 42.173 Thread 0x0000026943362810 Uncommon trap: trap_request=0xffffffc6 fr.pc=0x0000026910e71364 relative=0x0000000000000c64
Event: 42.173 Thread 0x0000026943362810 Uncommon trap: reason=bimorphic_or_optimized_type_check action=maybe_recompile pc=0x0000026910e71364 method=java.util.Properties$LineReader.readLine()I @ 479 c2
Event: 42.173 Thread 0x0000026943362810 DEOPT PACKING pc=0x0000026910e71364 sp=0x000000c9d54fa270
Event: 42.173 Thread 0x0000026943362810 DEOPT UNPACKING pc=0x00000269103969a3 sp=0x000000c9d54fa208 mode 2
Event: 42.176 Thread 0x0000026943362810 Uncommon trap: trap_request=0xffffffc6 fr.pc=0x0000026910e71364 relative=0x0000000000000c64
Event: 42.176 Thread 0x0000026943362810 Uncommon trap: reason=bimorphic_or_optimized_type_check action=maybe_recompile pc=0x0000026910e71364 method=java.util.Properties$LineReader.readLine()I @ 479 c2
Event: 42.176 Thread 0x0000026943362810 DEOPT PACKING pc=0x0000026910e71364 sp=0x000000c9d54fa270
Event: 42.176 Thread 0x0000026943362810 DEOPT UNPACKING pc=0x00000269103969a3 sp=0x000000c9d54fa208 mode 2
Event: 42.184 Thread 0x0000026943362810 Uncommon trap: trap_request=0xffffffde fr.pc=0x00000269109142c8 relative=0x00000000000008c8
Event: 42.184 Thread 0x0000026943362810 Uncommon trap: reason=class_check action=maybe_recompile pc=0x00000269109142c8 method=java.util.Properties$LineReader.readLine()I @ 479 c2
Event: 42.184 Thread 0x0000026943362810 DEOPT PACKING pc=0x00000269109142c8 sp=0x000000c9d54fa280
Event: 42.184 Thread 0x0000026943362810 DEOPT UNPACKING pc=0x00000269103969a3 sp=0x000000c9d54fa208 mode 2
Event: 42.257 Thread 0x0000026943362810 Uncommon trap: trap_request=0xffffffc6 fr.pc=0x0000026910ea2c18 relative=0x0000000000000c38
Event: 42.257 Thread 0x0000026943362810 Uncommon trap: reason=bimorphic_or_optimized_type_check action=maybe_recompile pc=0x0000026910ea2c18 method=com.google.common.collect.AbstractMultimap.keySet()Ljava/util/Set; @ 11 c2
Event: 42.257 Thread 0x0000026943362810 DEOPT PACKING pc=0x0000026910ea2c18 sp=0x000000c9d54f4db0
Event: 42.257 Thread 0x0000026943362810 DEOPT UNPACKING pc=0x00000269103969a3 sp=0x000000c9d54f4d80 mode 2
Event: 42.786 Thread 0x0000026943362810 DEOPT PACKING pc=0x0000026909f65655 sp=0x000000c9d54f5fa0
Event: 42.786 Thread 0x0000026943362810 DEOPT UNPACKING pc=0x0000026910397143 sp=0x000000c9d54f54d8 mode 0

Classes loaded (20 events):
Event: 41.155 Loading class sun/net/DefaultProgressMeteringPolicy
Event: 41.155 Loading class sun/net/ProgressMeteringPolicy
Event: 41.155 Loading class sun/net/ProgressMeteringPolicy done
Event: 41.155 Loading class sun/net/DefaultProgressMeteringPolicy done
Event: 41.171 Loading class java/util/concurrent/ConcurrentLinkedQueue$Itr
Event: 41.172 Loading class java/util/concurrent/ConcurrentLinkedQueue$Itr done
Event: 41.885 Loading class java/util/concurrent/atomic/AtomicIntegerArray
Event: 41.885 Loading class java/util/concurrent/atomic/AtomicIntegerArray done
Event: 41.888 Loading class java/util/Currency
Event: 41.889 Loading class java/util/Currency done
Event: 41.893 Loading class java/util/concurrent/atomic/AtomicLongArray
Event: 41.895 Loading class java/util/concurrent/atomic/AtomicLongArray done
Event: 41.933 Loading class sun/reflect/generics/repository/FieldRepository
Event: 41.933 Loading class sun/reflect/generics/repository/FieldRepository done
Event: 41.942 Loading class jdk/internal/vm/annotation/ForceInline
Event: 41.943 Loading class jdk/internal/vm/annotation/ForceInline done
Event: 41.955 Loading class java/util/AbstractMap$2
Event: 41.956 Loading class java/util/AbstractMap$2 done
Event: 41.956 Loading class java/util/AbstractMap$2$1
Event: 41.956 Loading class java/util/AbstractMap$2$1 done

Classes unloaded (0 events):
No events

Classes redefined (0 events):
No events

Internal exceptions (20 events):
Event: 41.965 Thread 0x0000026943362810 Exception <a 'java/lang/ClassNotFoundException'{0x00000007091d23b0}: org/gradle/initialization/DefaultProjectDescriptorBeanInfo> (0x00000007091d23b0) 
thrown [s\src\hotspot\share\classfile\systemDictionary.cpp, line 256]
Event: 41.966 Thread 0x0000026943362810 Exception <a 'java/lang/ClassNotFoundException'{0x00000007091e44a0}: org/gradle/initialization/DefaultProjectDescriptorCustomizer> (0x00000007091e44a0) 
thrown [s\src\hotspot\share\classfile\systemDictionary.cpp, line 256]
Event: 42.557 Thread 0x0000026943362810 Exception <a 'java/lang/ClassNotFoundException'{0x00000007087ee530}: build_cxniiqsa6a8py810p312lri8bBeanInfo> (0x00000007087ee530) 
thrown [s\src\hotspot\share\classfile\systemDictionary.cpp, line 256]
Event: 42.560 Thread 0x0000026943362810 Exception <a 'java/lang/ClassNotFoundException'{0x00000007087fa6d0}: org/gradle/api/internal/project/ProjectScriptBeanInfo> (0x00000007087fa6d0) 
thrown [s\src\hotspot\share\classfile\systemDictionary.cpp, line 256]
Event: 42.560 Thread 0x0000026943362810 Exception <a 'java/lang/ClassNotFoundException'{0x0000000708406e80}: org/gradle/api/internal/project/ProjectScriptCustomizer> (0x0000000708406e80) 
thrown [s\src\hotspot\share\classfile\systemDictionary.cpp, line 256]
Event: 42.564 Thread 0x0000026943362810 Exception <a 'java/lang/ClassNotFoundException'{0x000000070841edd0}: build_cxniiqsa6a8py810p312lri8bCustomizer> (0x000000070841edd0) 
thrown [s\src\hotspot\share\classfile\systemDictionary.cpp, line 256]
Event: 42.608 Thread 0x0000026943362810 Exception <a 'java/lang/ClassNotFoundException'{0x0000000708056110}: org/gradle/api/internal/artifacts/dsl/DefaultRepositoryHandler_DecoratedBeanInfo> (0x0000000708056110) 
thrown [s\src\hotspot\share\classfile\systemDictionary.cpp, line 256]
Event: 42.610 Thread 0x0000026943362810 Exception <a 'java/lang/ClassNotFoundException'{0x000000070806ec78}: org/gradle/api/internal/artifacts/dsl/DefaultRepositoryHandlerBeanInfo> (0x000000070806ec78) 
thrown [s\src\hotspot\share\classfile\systemDictionary.cpp, line 256]
Event: 42.615 Thread 0x0000026943362810 Exception <a 'java/lang/ClassNotFoundException'{0x0000000708087c58}: org/gradle/api/internal/artifacts/DefaultArtifactRepositoryContainerBeanInfo> (0x0000000708087c58) 
thrown [s\src\hotspot\share\classfile\systemDictionary.cpp, line 256]
Event: 42.619 Thread 0x0000026943362810 Exception <a 'java/lang/ClassNotFoundException'{0x000000070809e650}: org/gradle/api/internal/DefaultNamedDomainObjectListBeanInfo> (0x000000070809e650) 
thrown [s\src\hotspot\share\classfile\systemDictionary.cpp, line 256]
Event: 42.624 Thread 0x0000026943362810 Exception <a 'java/lang/ClassNotFoundException'{0x00000007080b57a0}: org/gradle/api/internal/DefaultNamedDomainObjectCollectionBeanInfo> (0x00000007080b57a0) 
thrown [s\src\hotspot\share\classfile\systemDictionary.cpp, line 256]
Event: 42.626 Thread 0x0000026943362810 Exception <a 'java/lang/ClassNotFoundException'{0x00000007080cc3a8}: org/gradle/api/internal/DefaultNamedDomainObjectCollectionCustomizer> (0x00000007080cc3a8) 
thrown [s\src\hotspot\share\classfile\systemDictionary.cpp, line 256]
Event: 42.632 Thread 0x0000026943362810 Exception <a 'java/lang/ClassNotFoundException'{0x00000007081189b8}: org/gradle/api/internal/DefaultNamedDomainObjectListCustomizer> (0x00000007081189b8) 
thrown [s\src\hotspot\share\classfile\systemDictionary.cpp, line 256]
Event: 42.638 Thread 0x0000026943362810 Exception <a 'java/lang/ClassNotFoundException'{0x0000000708161990}: org/gradle/api/internal/artifacts/DefaultArtifactRepositoryContainerCustomizer> (0x0000000708161990) 
thrown [s\src\hotspot\share\classfile\systemDictionary.cpp, line 256]
Event: 42.643 Thread 0x0000026943362810 Exception <a 'java/lang/ClassNotFoundException'{0x00000007081a4390}: org/gradle/api/internal/artifacts/dsl/DefaultRepositoryHandlerCustomizer> (0x00000007081a4390) 
thrown [s\src\hotspot\share\classfile\systemDictionary.cpp, line 256]
Event: 42.649 Thread 0x0000026943362810 Exception <a 'java/lang/ClassNotFoundException'{0x00000007081f61d8}: org/gradle/api/internal/artifacts/dsl/DefaultRepositoryHandler_DecoratedCustomizer> (0x00000007081f61d8) 
thrown [s\src\hotspot\share\classfile\systemDictionary.cpp, line 256]
Event: 42.668 Thread 0x0000026943362810 Exception <a 'java/lang/ClassNotFoundException'{0x0000000707ea6460}: org/gradle/api/internal/artifacts/dsl/dependencies/DefaultDependencyHandler_DecoratedBeanInfo> (0x0000000707ea6460) 
thrown [s\src\hotspot\share\classfile\systemDictionary.cpp, line 256]
Event: 42.670 Thread 0x0000026943362810 Exception <a 'java/lang/ClassNotFoundException'{0x0000000707ebf880}: org/gradle/api/internal/artifacts/dsl/dependencies/DefaultDependencyHandlerBeanInfo> (0x0000000707ebf880) 
thrown [s\src\hotspot\share\classfile\systemDictionary.cpp, line 256]
Event: 42.673 Thread 0x0000026943362810 Exception <a 'java/lang/ClassNotFoundException'{0x0000000707ed8c60}: org/gradle/api/internal/artifacts/dsl/dependencies/DefaultDependencyHandlerCustomizer> (0x0000000707ed8c60) 
thrown [s\src\hotspot\share\classfile\systemDictionary.cpp, line 256]
Event: 42.677 Thread 0x0000026943362810 Exception <a 'java/lang/ClassNotFoundException'{0x0000000707f25638}: org/gradle/api/internal/artifacts/dsl/dependencies/DefaultDependencyHandler_DecoratedCustomizer> (0x0000000707f25638) 
thrown [s\src\hotspot\share\classfile\systemDictionary.cpp, line 256]

VM Operations (20 events):
Event: 39.836 Executing VM operation: HandshakeAllThreads done
Event: 40.392 Executing VM operation: ICBufferFull
Event: 40.392 Executing VM operation: ICBufferFull done
Event: 40.702 Executing VM operation: G1CollectForAllocation
Event: 40.711 Executing VM operation: G1CollectForAllocation done
Event: 40.775 Executing VM operation: G1PauseRemark
Event: 40.782 Executing VM operation: G1PauseRemark done
Event: 40.806 Executing VM operation: G1PauseCleanup
Event: 40.806 Executing VM operation: G1PauseCleanup done
Event: 41.614 Executing VM operation: ICBufferFull
Event: 41.615 Executing VM operation: ICBufferFull done
Event: 41.721 Executing VM operation: G1CollectForAllocation
Event: 41.735 Executing VM operation: G1CollectForAllocation done
Event: 41.794 Executing VM operation: G1CollectForAllocation
Event: 41.824 Executing VM operation: G1CollectForAllocation done
Event: 42.768 Executing VM operation: HandshakeAllThreads
Event: 42.768 Executing VM operation: HandshakeAllThreads done
Event: 43.097 Executing VM operation: ICBufferFull
Event: 43.097 Executing VM operation: ICBufferFull done
Event: 43.427 Executing VM operation: G1CollectForAllocation

Memory protections (0 events):
No events

Nmethod flushes (20 events):
Event: 38.285 Thread 0x0000026923a1fea0 flushing  nmethod 0x0000026909b40710
Event: 38.285 Thread 0x0000026923a1fea0 flushing  nmethod 0x0000026909b97290
Event: 38.285 Thread 0x0000026923a1fea0 flushing  nmethod 0x0000026909b99790
Event: 38.285 Thread 0x0000026923a1fea0 flushing  nmethod 0x0000026909ba6410
Event: 38.285 Thread 0x0000026923a1fea0 flushing  nmethod 0x0000026909bb0b10
Event: 38.285 Thread 0x0000026923a1fea0 flushing  nmethod 0x0000026909be7690
Event: 38.286 Thread 0x0000026923a1fea0 flushing  nmethod 0x0000026909c56510
Event: 38.286 Thread 0x0000026923a1fea0 flushing  nmethod 0x0000026909c81110
Event: 38.286 Thread 0x0000026923a1fea0 flushing  nmethod 0x0000026909c8df10
Event: 38.286 Thread 0x0000026923a1fea0 flushing  nmethod 0x0000026909c8eb10
Event: 38.286 Thread 0x0000026923a1fea0 flushing  nmethod 0x0000026909cde190
Event: 38.287 Thread 0x0000026923a1fea0 flushing  nmethod 0x0000026909d66c10
Event: 38.288 Thread 0x0000026923a1fea0 flushing  nmethod 0x0000026909e2b810
Event: 38.288 Thread 0x0000026923a1fea0 flushing  nmethod 0x0000026909e2bc90
Event: 38.288 Thread 0x0000026923a1fea0 flushing  nmethod 0x0000026909e33090
Event: 38.288 Thread 0x0000026923a1fea0 flushing  nmethod 0x0000026909e33a90
Event: 38.288 Thread 0x0000026923a1fea0 flushing  nmethod 0x0000026909e34e10
Event: 38.288 Thread 0x0000026923a1fea0 flushing  nmethod 0x0000026909e3cb10
Event: 38.288 Thread 0x0000026923a1fea0 flushing  nmethod 0x0000026909e44590
Event: 38.288 Thread 0x0000026923a1fea0 flushing  nmethod 0x0000026909e4c790

Events (20 events):
Event: 41.235 Thread 0x0000026943362810 Thread added: 0x000002694532bc70
Event: 41.236 Thread 0x0000026943362810 Thread added: 0x000002694532b760
Event: 41.266 Thread 0x0000026943362810 Thread added: 0x000002694532d5c0
Event: 41.269 Thread 0x0000026943362810 Thread added: 0x000002694532b250
Event: 41.270 Thread 0x0000026943362810 Thread added: 0x000002694532c180
Event: 41.272 Thread 0x0000026943362810 Thread added: 0x000002694532c690
Event: 41.273 Thread 0x0000026943362810 Thread added: 0x000002694532dad0
Event: 41.276 Thread 0x0000026943362810 Thread added: 0x000002694532cba0
Event: 41.277 Thread 0x0000026943362810 Thread added: 0x000002694532d0b0
Event: 41.369 Thread 0x0000026943362810 Thread added: 0x000002694532dfe0
Event: 41.371 Thread 0x0000026943362810 Thread added: 0x0000026946972220
Event: 41.372 Thread 0x0000026943362810 Thread added: 0x0000026946974aa0
Event: 41.374 Thread 0x0000026943362810 Thread added: 0x0000026946973b70
Event: 41.376 Thread 0x0000026943362810 Thread added: 0x0000026946974590
Event: 41.377 Thread 0x0000026943362810 Thread added: 0x0000026946972730
Event: 41.379 Thread 0x0000026943362810 Thread added: 0x0000026946974fb0
Event: 41.602 Thread 0x00000269239fe280 Thread added: 0x0000026944ed30b0
Event: 41.920 Thread 0x0000026944ed30b0 Thread exited: 0x0000026944ed30b0
Event: 41.956 Thread 0x00000269239fe280 Thread added: 0x000002694669db50
Event: 43.265 Thread 0x000002694669db50 Thread exited: 0x000002694669db50


Dynamic libraries:
0x00007ff7e3c50000 - 0x00007ff7e3c5e000 	C:\Program Files\OpenLogic\jdk-17.0.14.7-hotspot\bin\java.exe
0x00007ffa3cd80000 - 0x00007ffa3cfe6000 	C:\Windows\SYSTEM32\ntdll.dll
0x00007ffa3b950000 - 0x00007ffa3ba19000 	C:\Windows\System32\KERNEL32.DLL
0x00007ffa3a1f0000 - 0x00007ffa3a5ea000 	C:\Windows\System32\KERNELBASE.dll
0x00007ffa3a5f0000 - 0x00007ffa3a73c000 	C:\Windows\System32\ucrtbase.dll
0x00007ffa1ee30000 - 0x00007ffa1ee47000 	C:\Program Files\OpenLogic\jdk-17.0.14.7-hotspot\bin\jli.dll
0x00007ffa178d0000 - 0x00007ffa178eb000 	C:\Program Files\OpenLogic\jdk-17.0.14.7-hotspot\bin\VCRUNTIME140.dll
0x00007ffa3cb30000 - 0x00007ffa3ccf7000 	C:\Windows\System32\USER32.dll
0x00007ffa23030000 - 0x00007ffa232c2000 	C:\Windows\WinSxS\amd64_microsoft.windows.common-controls_6595b64144ccf1df_6.0.26100.8521_none_3e08b75ce33403b3\COMCTL32.dll
0x00007ffa3a740000 - 0x00007ffa3a767000 	C:\Windows\System32\win32u.dll
0x00007ffa3c8a0000 - 0x00007ffa3c949000 	C:\Windows\System32\msvcrt.dll
0x00007ffa3c5d0000 - 0x00007ffa3c5fb000 	C:\Windows\System32\GDI32.dll
0x00007ffa3a0c0000 - 0x00007ffa3a1eb000 	C:\Windows\System32\gdi32full.dll
0x00007ffa3a010000 - 0x00007ffa3a0b3000 	C:\Windows\System32\msvcp_win.dll
0x00007ffa3cd00000 - 0x00007ffa3cd32000 	C:\Windows\System32\IMM32.DLL
0x00007ffa2d9b0000 - 0x00007ffa2d9bc000 	C:\Program Files\OpenLogic\jdk-17.0.14.7-hotspot\bin\vcruntime140_1.dll
0x00007ffa0c1e0000 - 0x00007ffa0c26d000 	C:\Program Files\OpenLogic\jdk-17.0.14.7-hotspot\bin\msvcp140.dll
0x00007ff9d1050000 - 0x00007ff9d1cbc000 	C:\Program Files\OpenLogic\jdk-17.0.14.7-hotspot\bin\server\jvm.dll
0x00007ffa3c270000 - 0x00007ffa3c326000 	C:\Windows\System32\ADVAPI32.dll
0x00007ffa3c1b0000 - 0x00007ffa3c25a000 	C:\Windows\System32\sechost.dll
0x00007ffa3ba20000 - 0x00007ffa3bb38000 	C:\Windows\System32\RPCRT4.dll
0x00007ffa3b7d0000 - 0x00007ffa3b850000 	C:\Windows\System32\WS2_32.dll
0x00007ffa39e70000 - 0x00007ffa39ece000 	C:\Windows\SYSTEM32\POWRPROF.dll
0x00007ffa30330000 - 0x00007ffa30366000 	C:\Windows\SYSTEM32\WINMM.dll
0x00007ffa2bdc0000 - 0x00007ffa2bdcb000 	C:\Windows\SYSTEM32\VERSION.dll
0x00007ffa39e50000 - 0x00007ffa39e64000 	C:\Windows\SYSTEM32\UMPDC.dll
0x00007ffa38d60000 - 0x00007ffa38d7b000 	C:\Windows\SYSTEM32\kernel.appcore.dll
0x00007ffa27770000 - 0x00007ffa2777a000 	C:\Program Files\OpenLogic\jdk-17.0.14.7-hotspot\bin\jimage.dll
0x00007ffa2a800000 - 0x00007ffa2aa42000 	C:\Windows\SYSTEM32\DBGHELP.DLL
0x00007ffa3bd20000 - 0x00007ffa3c0a3000 	C:\Windows\System32\combase.dll
0x00007ffa3c4f0000 - 0x00007ffa3c5c9000 	C:\Windows\System32\OLEAUT32.dll
0x00007ffa25ef0000 - 0x00007ffa25f2b000 	C:\Windows\SYSTEM32\dbgcore.DLL
0x00007ffa3a830000 - 0x00007ffa3a8d8000 	C:\Windows\System32\bcryptPrimitives.dll
0x00007ffa17840000 - 0x00007ffa1784e000 	C:\Program Files\OpenLogic\jdk-17.0.14.7-hotspot\bin\instrument.dll
0x00007ffa145b0000 - 0x00007ffa145d5000 	C:\Program Files\OpenLogic\jdk-17.0.14.7-hotspot\bin\java.dll
0x00007ffa06950000 - 0x00007ffa06a26000 	C:\Program Files\OpenLogic\jdk-17.0.14.7-hotspot\bin\jsvml.dll
0x00007ffa3b020000 - 0x00007ffa3b7a4000 	C:\Windows\System32\SHELL32.dll
0x00007ffa37b50000 - 0x00007ffa383d0000 	C:\Windows\SYSTEM32\windows.storage.dll
0x00007ffa3c330000 - 0x00007ffa3c426000 	C:\Windows\System32\SHCORE.dll
0x00007ffa3c600000 - 0x00007ffa3c667000 	C:\Windows\System32\shlwapi.dll
0x00007ffa39f30000 - 0x00007ffa39f59000 	C:\Windows\SYSTEM32\profapi.dll
0x00007ffa14730000 - 0x00007ffa14748000 	C:\Program Files\OpenLogic\jdk-17.0.14.7-hotspot\bin\zip.dll
0x00007ffa17870000 - 0x00007ffa17889000 	C:\Program Files\OpenLogic\jdk-17.0.14.7-hotspot\bin\net.dll
0x00007ffa301d0000 - 0x00007ffa302f9000 	C:\Windows\SYSTEM32\WINHTTP.dll
0x00007ffa392b0000 - 0x00007ffa3931c000 	C:\Windows\system32\mswsock.dll
0x00007ffa149f0000 - 0x00007ffa14a06000 	C:\Program Files\OpenLogic\jdk-17.0.14.7-hotspot\bin\nio.dll
0x00007ffa258d0000 - 0x00007ffa258e0000 	C:\Program Files\OpenLogic\jdk-17.0.14.7-hotspot\bin\verify.dll
0x00007ffa08910000 - 0x00007ffa08937000 	C:\Users\Vauras\.gradle\native\1def1411415f61bf3af743bc5b6707747c0891f09f0c88961ee8f79bc544acac\windows-amd64\native-platform.dll
0x00007ffa06a30000 - 0x00007ffa06aa8000 	C:\Users\Vauras\.gradle\native\0.2.7\x86_64-windows-gnu\gradle-fileevents.dll
0x00007ffa25850000 - 0x00007ffa25859000 	C:\Program Files\OpenLogic\jdk-17.0.14.7-hotspot\bin\management.dll
0x00007ffa25800000 - 0x00007ffa2580b000 	C:\Program Files\OpenLogic\jdk-17.0.14.7-hotspot\bin\management_ext.dll
0x00007ffa3c260000 - 0x00007ffa3c268000 	C:\Windows\System32\PSAPI.DLL
0x00007ffa386f0000 - 0x00007ffa38723000 	C:\Windows\SYSTEM32\IPHLPAPI.DLL
0x00007ffa3c480000 - 0x00007ffa3c48a000 	C:\Windows\System32\NSI.dll
0x00007ffa30390000 - 0x00007ffa303ad000 	C:\Windows\SYSTEM32\dhcpcsvc6.DLL
0x00007ffa30300000 - 0x00007ffa30325000 	C:\Windows\SYSTEM32\dhcpcsvc.DLL
0x00007ffa38730000 - 0x00007ffa3887a000 	C:\Windows\SYSTEM32\DNSAPI.dll
0x00007ffa390f0000 - 0x00007ffa390fd000 	C:\Windows\SYSTEM32\DSPARSE.dll
0x00007ffa1ee20000 - 0x00007ffa1ee28000 	C:\Program Files\OpenLogic\jdk-17.0.14.7-hotspot\bin\extnet.dll
0x00007ffa396b0000 - 0x00007ffa396cb000 	C:\Windows\SYSTEM32\CRYPTSP.dll
0x00007ffa38cc0000 - 0x00007ffa38cf9000 	C:\Windows\system32\rsaenh.dll
0x00007ffa39360000 - 0x00007ffa39393000 	C:\Windows\SYSTEM32\USERENV.dll
0x00007ffa39f00000 - 0x00007ffa39f2a000 	C:\Windows\SYSTEM32\bcrypt.dll
0x00007ffa39510000 - 0x00007ffa3951c000 	C:\Windows\SYSTEM32\CRYPTBASE.dll
0x00007ffa178c0000 - 0x00007ffa178ce000 	C:\Program Files\OpenLogic\jdk-17.0.14.7-hotspot\bin\sunmscapi.dll
0x00007ffa3a970000 - 0x00007ffa3aae8000 	C:\Windows\System32\CRYPT32.dll
0x00007ffa39810000 - 0x00007ffa39840000 	C:\Windows\SYSTEM32\ncrypt.dll
0x00007ffa397c0000 - 0x00007ffa397ff000 	C:\Windows\SYSTEM32\NTASN1.dll
0x00007ffa12bc0000 - 0x00007ffa12bc8000 	C:\Windows\system32\wshunix.dll
0x00007ffa1e100000 - 0x00007ffa1e118000 	C:\Windows\system32\napinsp.dll
0x00007ffa1dfc0000 - 0x00007ffa1dfd3000 	C:\Windows\System32\winrnr.dll
0x00007ffa1df50000 - 0x00007ffa1df72000 	C:\Windows\system32\nlansp_c.dll
0x00007ffa2e8b0000 - 0x00007ffa2e8c6000 	C:\Windows\system32\wshbth.dll
0x00007ffa2e8d0000 - 0x00007ffa2e8db000 	C:\Windows\System32\rasadhlp.dll
0x00007ffa33ae0000 - 0x00007ffa33b66000 	C:\Windows\System32\fwpuclnt.dll

dbghelp: loaded successfully - version: 4.0.5 - missing functions: none
symbol engine: initialized successfully - sym options: 0x614 - pdb path: .;C:\Program Files\OpenLogic\jdk-17.0.14.7-hotspot\bin;C:\Windows\SYSTEM32;C:\Windows\WinSxS\amd64_microsoft.windows.common-controls_6595b64144ccf1df_6.0.26100.8521_none_3e08b75ce33403b3;C:\Program Files\OpenLogic\jdk-17.0.14.7-hotspot\bin\server;C:\Users\Vauras\.gradle\native\1def1411415f61bf3af743bc5b6707747c0891f09f0c88961ee8f79bc544acac\windows-amd64;C:\Users\Vauras\.gradle\native\0.2.7\x86_64-windows-gnu

VM Arguments:
jvm_args: --add-opens=java.base/java.lang=ALL-UNNAMED --add-opens=java.base/java.lang.invoke=ALL-UNNAMED --add-opens=java.base/java.util=ALL-UNNAMED --add-opens=java.prefs/java.util.prefs=ALL-UNNAMED --add-exports=jdk.compiler/com.sun.tools.javac.api=ALL-UNNAMED --add-exports=jdk.compiler/com.sun.tools.javac.util=ALL-UNNAMED --add-opens=java.base/java.util=ALL-UNNAMED --add-opens=java.prefs/java.util.prefs=ALL-UNNAMED --add-opens=java.base/java.nio.charset=ALL-UNNAMED --add-opens=java.base/java.net=ALL-UNNAMED --add-opens=java.base/java.util.concurrent.atomic=ALL-UNNAMED --add-opens=java.xml/javax.xml.namespace=ALL-UNNAMED -XX:MaxMetaspaceSize=512m -Xmx4096m -Dfile.encoding=UTF-8 -Duser.country=IN -Duser.language=en -Duser.variant -javaagent:C:\Users\Vauras\.gradle\wrapper\dists\gradle-8.13-bin\5xuhj0ry160q40clulazy9h7d\gradle-8.13\lib\agents\gradle-instrumentation-agent-8.13.jar 
java_command: org.gradle.launcher.daemon.bootstrap.GradleDaemon 8.13
java_class_path (initial): C:\Users\Vauras\.gradle\wrapper\dists\gradle-8.13-bin\5xuhj0ry160q40clulazy9h7d\gradle-8.13\lib\gradle-daemon-main-8.13.jar
Launcher Type: SUN_STANDARD

[Global flags]
     intx CICompilerCount                          = 4                                         {product} {ergonomic}
   size_t CompressedClassSpaceSize                 = 436207616                                 {product} {ergonomic}
     uint ConcGCThreads                            = 2                                         {product} {ergonomic}
     uint G1ConcRefinementThreads                  = 8                                         {product} {ergonomic}
   size_t G1HeapRegionSize                         = 2097152                                   {product} {ergonomic}
    uintx GCDrainStackTargetSize                   = 64                                        {product} {ergonomic}
   size_t InitialHeapSize                          = 121634816                                 {product} {ergonomic}
   size_t MarkStackSize                            = 4194304                                   {product} {ergonomic}
   size_t MaxHeapSize                              = 4294967296                                {product} {command line}
   size_t MaxMetaspaceSize                         = 536870912                                 {product} {command line}
   size_t MaxNewSize                               = 2575302656                                {product} {ergonomic}
   size_t MinHeapDeltaBytes                        = 2097152                                   {product} {ergonomic}
   size_t MinHeapSize                              = 8388608                                   {product} {ergonomic}
    uintx NonNMethodCodeHeapSize                   = 5839372                                {pd product} {ergonomic}
    uintx NonProfiledCodeHeapSize                  = 122909434                              {pd product} {ergonomic}
    uintx ProfiledCodeHeapSize                     = 122909434                              {pd product} {ergonomic}
    uintx ReservedCodeCacheSize                    = 251658240                              {pd product} {ergonomic}
     bool SegmentedCodeCache                       = true                                      {product} {ergonomic}
   size_t SoftMaxHeapSize                          = 4294967296                             {manageable} {ergonomic}
     bool UseCompressedClassPointers               = true                           {product lp64_product} {ergonomic}
     bool UseCompressedOops                        = true                           {product lp64_product} {ergonomic}
     bool UseG1GC                                  = true                                      {product} {ergonomic}
     bool UseLargePagesIndividualAllocation        = false                                  {pd product} {ergonomic}

Logging:
Log output configuration:
 #0: stdout all=warning uptime,level,tags
 #1: stderr all=off uptime,level,tags

Environment Variables:
JAVA_HOME=C:\Program Files\OpenLogic\jdk-17.0.14.7-hotspot
PATH=C:\Program Files\OpenLogic\jdk-17.0.14.7-hotspot\bin;C:\Windows\system32;C:\Windows;C:\Windows\System32\Wbem;C:\Windows\System32\WindowsPowerShell\v1.0\;C:\Windows\System32\OpenSSH\;C:\Users\Vauras\AppData\Local\Android\Sdk;C:\Users\Vauras\AppData\Local\Android\Sdk\platform-tools;C:\node-v14.20.0-win-x86\node_modules\npm\bin;C:\Users\Vauras\AppData\Roaming\nvm;C:\Program Files\nodejs;C:\Program Files\nodejs\;C:\Program Files\MongoDB\Server\8.0\bin;C:\mongodb-database-tools-windows-x86_64-100.12.0\bin;C:\Program Files\Git\cmd;C:\Users\Vauras\AppData\Roaming\nvm\v18.20.8;;C:\Program Files\Docker\Docker\resources\bin;C:\Users\Vauras\AppData\Local\Programs\Python\Python311\Scripts\;C:\Users\Vauras\AppData\Local\Programs\Python\Python311\;C:\Users\Vauras\AppData\Local\Microsoft\WindowsApps;C:\Program Files\OpenLogic\jdk-17.0.14.7-hotspot\bin;C:\Users\Vauras\AppData\Local\Android\Sdk\platform-tools;C:\Users\Vauras\AppData\Local\Android\Sdk;C:\Users\Vauras\AppData\Local\Android\Sdk\emulator;C:\Users\Vauras\AppData\Local\Android\Sdk\build-tools;C:\Users\Vauras\AppData\Roaming\nvm;C:\Program Files\nodejs;C:\Users\Vauras\AppData\Roaming\npm;C:\Program Files\nodejs;C:\Program Files\MongoDB\Server\8.0\bin;C:\mongodb-database-tools-windows-x86_64-100.12.0\bin;C:\Users\Vauras\AppData\Local\Programs\Microsoft VS Code\bin;C:\Users\Vauras\AppData\Roaming\nvm\v18.20.8;C:\Users\Vauras\AppData\Local\Programs\cursor\resources\app\bin
USERNAME=Vauras
OS=Windows_NT
PROCESSOR_IDENTIFIER=AMD64 Family 23 Model 160 Stepping 0, AuthenticAMD
TMP=C:\Users\Vauras\AppData\Local\Temp
TEMP=C:\Users\Vauras\AppData\Local\Temp



Periodic native trim disabled


---------------  S Y S T E M  ---------------

OS:
 Windows 11 , 64 bit Build 26100 (10.0.26100.8521)
OS uptime: 1 days 1:06 hours
Hyper-V role detected

CPU: total 8 (initial active 8) (8 cores per cpu, 2 threads per core) family 23 model 160 stepping 0 microcode 0x8a0000b, cx8, cmov, fxsr, ht, mmx, 3dnowpref, sse, sse2, sse3, ssse3, sse4a, sse4.1, sse4.2, popcnt, lzcnt, tsc, tscinvbit, avx, avx2, aes, clmul, bmi1, bmi2, adx, sha, fma, vzeroupper, clflush, clflushopt, hv
Processor Information for all 8 processors :
  Max Mhz: 2801, Current Mhz: 2801, Mhz Limit: 2801

Memory: 4k page, system-wide physical 7418M (438M free)
TotalPageFile size 29946M (AvailPageFile size 42M)
current process WorkingSet (physical memory assigned to process): 301M, peak: 320M
current process commit charge ("private bytes"): 438M, peak: 502M

vm_info: OpenJDK 64-Bit Server VM (17.0.14+7-adhoc..jdk17u) for windows-amd64 JRE (17.0.14+7-adhoc..jdk17u), built on Jul  2 2025 17:59:17 by "" with MS VC++ 16.10 / 16.11 (VS2019)

END.
