#
# There is insufficient memory for the Java Runtime Environment to continue.
# Native memory allocation (malloc) failed to allocate 2044432 bytes. Error detail: Chunk::new
# Possible reasons:
#   The system is out of physical RAM or swap space
#   This process is running with CompressedOops enabled, and the Java Heap may be blocking the growth of the native heap
# Possible solutions:
#   Reduce memory load on the system
#   Increase physical memory or swap space
#   Check if swap backing store is full
#   Decrease Java heap size (-Xmx/-Xms)
#   Decrease number of Java threads
#   Decrease Java thread stack sizes (-Xss)
#   Set larger code cache with -XX:ReservedCodeCacheSize=
#   JVM is running with Unscaled Compressed Oops mode in which the Java heap is
#     placed in the first 4GB address space. The Java Heap base address is the
#     maximum limit for the native heap growth. Please use -XX:HeapBaseMinAddress
#     to set the Java Heap base and to place the Java Heap above 4GB virtual address.
# This output file may be truncated or incomplete.
#
#  Out of Memory Error (arena.cpp:168), pid=4276, tid=23176
#
# JRE version: OpenJDK Runtime Environment Temurin-21.0.11+10 (21.0.11+10) (build 21.0.11+10-LTS)
# Java VM: OpenJDK 64-Bit Server VM Temurin-21.0.11+10 (21.0.11+10-LTS, mixed mode, sharing, tiered, compressed oops, compressed class ptrs, g1 gc, windows-amd64)
# No core dump will be written. Minidumps are not enabled by default on client versions of Windows
#

---------------  S U M M A R Y ------------

Command Line: --add-opens=java.base/java.util=ALL-UNNAMED --add-opens=java.base/java.lang=ALL-UNNAMED --add-opens=java.base/java.lang.invoke=ALL-UNNAMED --add-opens=java.base/java.util=ALL-UNNAMED --add-opens=java.prefs/java.util.prefs=ALL-UNNAMED --add-opens=java.prefs/java.util.prefs=ALL-UNNAMED --add-opens=java.base/java.nio.charset=ALL-UNNAMED --add-opens=java.base/java.net=ALL-UNNAMED --add-opens=java.base/java.util.concurrent.atomic=ALL-UNNAMED -XX:MaxMetaspaceSize=256m -XX:+HeapDumpOnOutOfMemoryError -Xms256m -Xmx512m -Dfile.encoding=utf8 -Duser.country=IN -Duser.language=en -Duser.variant org.gradle.launcher.daemon.bootstrap.GradleDaemon 7.5.1

Host: AMD Ryzen 5 7520U with Radeon Graphics         , 8 cores, 7G,  Windows 11 , 64 bit Build 26100 (10.0.26100.8521)
Time: Tue Jul  7 16:50:47 2026 India Standard Time elapsed time: 14.664953 seconds (0d 0h 0m 14s)

---------------  T H R E A D  ---------------

Current thread (0x000001f1cb7739e0):  JavaThread "C2 CompilerThread2" daemon [_thread_in_native, id=23176, stack(0x000000a747800000,0x000000a747900000) (1024K)]


Current CompileTask:
C2:14665 3816   !   4       java.net.URLClassLoader::findClass (47 bytes)

Stack: [0x000000a747800000,0x000000a747900000]
Native frames: (J=compiled Java code, j=interpreted, Vv=VM code, C=native code)
V  [jvm.dll+0x6d7e19]
V  [jvm.dll+0x8b5096]
V  [jvm.dll+0x8b764e]
V  [jvm.dll+0x8b7d33]
V  [jvm.dll+0x284596]
V  [jvm.dll+0xc685d]
V  [jvm.dll+0xc6da1]
V  [jvm.dll+0x3bed6b]
V  [jvm.dll+0x38b2b2]
V  [jvm.dll+0x38a6fa]
V  [jvm.dll+0x24c700]
V  [jvm.dll+0x24bce0]
V  [jvm.dll+0x1cb4ae]
V  [jvm.dll+0x25baad]
V  [jvm.dll+0x25a03a]
V  [jvm.dll+0x3f868e]
V  [jvm.dll+0x85fb0d]
V  [jvm.dll+0x6d664d]
C  [ucrtbase.dll+0x2cd30]
C  [KERNEL32.DLL+0x2e957]
C  [ntdll.dll+0x87c1c]


---------------  P R O C E S S  ---------------

Threads class SMR info:
_java_thread_list=0x000001f1c862d360, length=36, elements={
0x000001f19f1f1f90, 0x000001f1b4b96950, 0x000001f1b4b9bf00, 0x000001f1b4b9d360,
0x000001f1b4b9def0, 0x000001f1b4ba8ad0, 0x000001f1b4bacde0, 0x000001f1b4bb2d30,
0x000001f1b4bb37d0, 0x000001f1b4d02110, 0x000001f1b4d083b0, 0x000001f1c801f840,
0x000001f1c843bfe0, 0x000001f1c82e8790, 0x000001f1c84ad730, 0x000001f1c84b56c0,
0x000001f1c8565ab0, 0x000001f1c8564d90, 0x000001f1c8566140, 0x000001f1c8565420,
0x000001f1c85667d0, 0x000001f1c8567b80, 0x000001f1c8564700, 0x000001f1c8566e60,
0x000001f1c85674f0, 0x000001f1cb08f3d0, 0x000001f1cb08d300, 0x000001f1cb08e6b0,
0x000001f1cb08e020, 0x000001f1cb08fa60, 0x000001f1cb08d990, 0x000001f1cb08cc70,
0x000001f1cb0900f0, 0x000001f1cb093c00, 0x000001f1cb87f7e0, 0x000001f1cb7739e0
}

Java Threads: ( => current thread )
  0x000001f19f1f1f90 JavaThread "main"                              [_thread_blocked, id=13528, stack(0x000000a744600000,0x000000a744700000) (1024K)]
  0x000001f1b4b96950 JavaThread "Reference Handler"          daemon [_thread_blocked, id=6136, stack(0x000000a744e00000,0x000000a744f00000) (1024K)]
  0x000001f1b4b9bf00 JavaThread "Finalizer"                  daemon [_thread_blocked, id=11592, stack(0x000000a744f00000,0x000000a745000000) (1024K)]
  0x000001f1b4b9d360 JavaThread "Signal Dispatcher"          daemon [_thread_blocked, id=19300, stack(0x000000a745000000,0x000000a745100000) (1024K)]
  0x000001f1b4b9def0 JavaThread "Attach Listener"            daemon [_thread_blocked, id=8648, stack(0x000000a745100000,0x000000a745200000) (1024K)]
  0x000001f1b4ba8ad0 JavaThread "Service Thread"             daemon [_thread_blocked, id=17704, stack(0x000000a745200000,0x000000a745300000) (1024K)]
  0x000001f1b4bacde0 JavaThread "Monitor Deflation Thread"   daemon [_thread_blocked, id=13796, stack(0x000000a745300000,0x000000a745400000) (1024K)]
  0x000001f1b4bb2d30 JavaThread "C2 CompilerThread0"         daemon [_thread_in_native, id=6192, stack(0x000000a745400000,0x000000a745500000) (1024K)]
  0x000001f1b4bb37d0 JavaThread "C1 CompilerThread0"         daemon [_thread_blocked, id=20248, stack(0x000000a745500000,0x000000a745600000) (1024K)]
  0x000001f1b4d02110 JavaThread "Notification Thread"        daemon [_thread_blocked, id=21192, stack(0x000000a745600000,0x000000a745700000) (1024K)]
  0x000001f1b4d083b0 JavaThread "Common-Cleaner"             daemon [_thread_blocked, id=20220, stack(0x000000a745700000,0x000000a745800000) (1024K)]
  0x000001f1c801f840 JavaThread "Daemon health stats"               [_thread_blocked, id=16448, stack(0x000000a745e00000,0x000000a745f00000) (1024K)]
  0x000001f1c843bfe0 JavaThread "Incoming local TCP Connector on port 55212"        [_thread_in_native, id=11332, stack(0x000000a745f00000,0x000000a746000000) (1024K)]
  0x000001f1c82e8790 JavaThread "Daemon periodic checks"            [_thread_in_vm, id=12864, stack(0x000000a746000000,0x000000a746100000) (1024K)]
  0x000001f1c84ad730 JavaThread "Daemon"                            [_thread_blocked, id=17036, stack(0x000000a746100000,0x000000a746200000) (1024K)]
  0x000001f1c84b56c0 JavaThread "Handler for socket connection from /127.0.0.1:55212 to /127.0.0.1:55213"        [_thread_in_native, id=21968, stack(0x000000a746200000,0x000000a746300000) (1024K)]
  0x000001f1c8565ab0 JavaThread "Cancel handler"                    [_thread_blocked, id=13568, stack(0x000000a746300000,0x000000a746400000) (1024K)]
  0x000001f1c8564d90 JavaThread "Daemon worker"                     [_thread_in_vm, id=14360, stack(0x000000a746400000,0x000000a746500000) (1024K)]
  0x000001f1c8566140 JavaThread "Asynchronous log dispatcher for DefaultDaemonConnection: socket connection from /127.0.0.1:55212 to /127.0.0.1:55213"        [_thread_blocked, id=7356, stack(0x000000a746500000,0x000000a746600000) (1024K)]
  0x000001f1c8565420 JavaThread "Stdin handler"                     [_thread_blocked, id=14344, stack(0x000000a746600000,0x000000a746700000) (1024K)]
  0x000001f1c85667d0 JavaThread "Daemon client event forwarder"        [_thread_blocked, id=16784, stack(0x000000a746700000,0x000000a746800000) (1024K)]
  0x000001f1c8567b80 JavaThread "Cache worker for journal cache (C:\Users\Vauras\.gradle\caches\journal-1)"        [_thread_blocked, id=24476, stack(0x000000a745d00000,0x000000a745e00000) (1024K)]
  0x000001f1c8564700 JavaThread "File lock request listener"        [_thread_in_native, id=4032, stack(0x000000a746800000,0x000000a746900000) (1024K)]
  0x000001f1c8566e60 JavaThread "File lock release action executor"        [_thread_blocked, id=17784, stack(0x000000a746900000,0x000000a746a00000) (1024K)]
  0x000001f1c85674f0 JavaThread "Cache worker for file hash cache (C:\Users\Vauras\.gradle\caches\7.5.1\fileHashes)"        [_thread_blocked, id=22776, stack(0x000000a746b00000,0x000000a746c00000) (1024K)]
  0x000001f1cb08f3d0 JavaThread "File watcher server"        daemon [_thread_in_native, id=15116, stack(0x000000a746a00000,0x000000a746b00000) (1024K)]
  0x000001f1cb08d300 JavaThread "File watcher consumer"      daemon [_thread_blocked, id=5424, stack(0x000000a746c00000,0x000000a746d00000) (1024K)]
  0x000001f1cb08e6b0 JavaThread "Cache worker for checksums cache (D:\salarybooks_mobileapp\Salarybooks-App\node_modules\react-native-svg\android\.gradle\7.5.1\checksums)"        [_thread_blocked, id=24140, stack(0x000000a746e00000,0x000000a746f00000) (1024K)]
  0x000001f1cb08e020 JavaThread "Cache worker for cache directory md-rule (C:\Users\Vauras\.gradle\caches\7.5.1\md-rule)"        [_thread_blocked, id=14592, stack(0x000000a747200000,0x000000a747300000) (1024K)]
  0x000001f1cb08fa60 JavaThread "Cache worker for file content cache (C:\Users\Vauras\.gradle\caches\7.5.1\fileContent)"        [_thread_blocked, id=13328, stack(0x000000a747300000,0x000000a747400000) (1024K)]
  0x000001f1cb08d990 JavaThread "Cache worker for file hash cache (D:\salarybooks_mobileapp\Salarybooks-App\node_modules\react-native-svg\android\.gradle\7.5.1\fileHashes)"        [_thread_blocked, id=23136, stack(0x000000a747400000,0x000000a747500000) (1024K)]
  0x000001f1cb08cc70 JavaThread "Cache worker for cache directory md-supplier (C:\Users\Vauras\.gradle\caches\7.5.1\md-supplier)"        [_thread_blocked, id=14040, stack(0x000000a747500000,0x000000a747600000) (1024K)]
  0x000001f1cb0900f0 JavaThread "Cache worker for execution history cache (C:\Users\Vauras\.gradle\caches\7.5.1\executionHistory)"        [_thread_blocked, id=12648, stack(0x000000a746d00000,0x000000a746e00000) (1024K)]
  0x000001f1cb093c00 JavaThread "jar transforms"                    [_thread_blocked, id=13080, stack(0x000000a747600000,0x000000a747700000) (1024K)]
  0x000001f1cb87f7e0 JavaThread "C2 CompilerThread1"         daemon [_thread_in_native, id=2880, stack(0x000000a747700000,0x000000a747800000) (1024K)]
=>0x000001f1cb7739e0 JavaThread "C2 CompilerThread2"         daemon [_thread_in_native, id=23176, stack(0x000000a747800000,0x000000a747900000) (1024K)]
Total: 36

Other Threads:
  0x000001f1b4b7bcd0 VMThread "VM Thread"                           [id=22480, stack(0x000000a744d00000,0x000000a744e00000) (1024K)]
  0x000001f1b4b6f3d0 WatcherThread "VM Periodic Task Thread"        [id=21872, stack(0x000000a744c00000,0x000000a744d00000) (1024K)]
  0x000001f19f21ad10 WorkerThread "GC Thread#0"                     [id=13496, stack(0x000000a744700000,0x000000a744800000) (1024K)]
  0x000001f1c7a39b60 WorkerThread "GC Thread#1"                     [id=12452, stack(0x000000a745800000,0x000000a745900000) (1024K)]
  0x000001f1c7a39f10 WorkerThread "GC Thread#2"                     [id=11492, stack(0x000000a745900000,0x000000a745a00000) (1024K)]
  0x000001f1c7a3aa60 WorkerThread "GC Thread#3"                     [id=7984, stack(0x000000a745a00000,0x000000a745b00000) (1024K)]
  0x000001f1c7a3ba30 WorkerThread "GC Thread#4"                     [id=5320, stack(0x000000a745b00000,0x000000a745c00000) (1024K)]
  0x000001f1c7a4ae60 WorkerThread "GC Thread#5"                     [id=17792, stack(0x000000a745c00000,0x000000a745d00000) (1024K)]
  0x000001f1c80d88c0 WorkerThread "GC Thread#6"                     [id=1524, stack(0x000000a746f00000,0x000000a747000000) (1024K)]
  0x000001f1c8f89010 WorkerThread "GC Thread#7"                     [id=20192, stack(0x000000a747000000,0x000000a747100000) (1024K)]
  0x000001f19f221240 ConcurrentGCThread "G1 Main Marker"            [id=11200, stack(0x000000a744800000,0x000000a744900000) (1024K)]
  0x000001f19f221c60 WorkerThread "G1 Conc#0"                       [id=21956, stack(0x000000a744900000,0x000000a744a00000) (1024K)]
  0x000001f1c8f8a280 WorkerThread "G1 Conc#1"                       [id=5024, stack(0x000000a747100000,0x000000a747200000) (1024K)]
  0x000001f1b4a38200 ConcurrentGCThread "G1 Refine#0"               [id=24032, stack(0x000000a744a00000,0x000000a744b00000) (1024K)]
  0x000001f1b4a39ba0 ConcurrentGCThread "G1 Service"                [id=7796, stack(0x000000a744b00000,0x000000a744c00000) (1024K)]
Total: 15

Threads with active compile tasks:
C2 CompilerThread0  15718 3817       4       java.net.URLClassLoader$1::run (5 bytes)
C2 CompilerThread1  15718 3818   !   4       java.net.URLClassLoader$1::run (81 bytes)
C2 CompilerThread2  15718 3816   !   4       java.net.URLClassLoader::findClass (47 bytes)
Total: 3

VM state: not at safepoint (normal execution)

VM Mutex/Monitor currently owned by a thread:  ([mutex/lock_event])
[0x00007ff9d74ffbf0] SystemDictionary_lock - owner thread: 0x0000000000000000

Heap address: 0x00000000e0000000, size: 512 MB, Compressed Oops mode: 32-bit

CDS archive(s) mapped at: [0x000001f1b5000000-0x000001f1b5ba0000-0x000001f1b5ba0000), size 12189696, SharedBaseAddress: 0x000001f1b5000000, ArchiveRelocationMode: 1.
Compressed class space mapped at: 0x000001f1b6000000-0x000001f1c3000000, reserved size: 218103808
Narrow klass base: 0x000001f1b5000000, Narrow klass shift: 0, Narrow klass range: 0x100000000

GC Precious Log:
 CardTable entry size: 512
 Card Set container configuration: InlinePtr #cards 5 size 8 Array Of Cards #cards 12 size 40 Howl #buckets 4 coarsen threshold 1843 Howl Bitmap #cards 512 size 80 coarsen threshold 460 Card regions per heap region 1 cards per card region 2048
 CPUs: 8 total, 8 available
 Memory: 7418M
 Large Page Support: Disabled
 NUMA Support: Disabled
 Compressed Oops: Enabled (32-bit)
 Heap Region Size: 1M
 Heap Min Capacity: 256M
 Heap Initial Capacity: 256M
 Heap Max Capacity: 512M
 Pre-touch: Disabled
 Parallel Workers: 8
 Concurrent Workers: 2
 Concurrent Refinement Workers: 8
 Periodic GC: Disabled

Heap:
 garbage-first heap   total 262144K, used 93122K [0x00000000e0000000, 0x0000000100000000)
  region size 1024K, 84 young (86016K), 12 survivors (12288K)
 Metaspace       used 30120K, committed 31296K, reserved 278528K
  class space    used 4555K, committed 5120K, reserved 212992K

Heap Regions: E=young(eden), S=young(survivor), O=old, HS=humongous(starts), HC=humongous(continues), CS=collection set, F=free, TAMS=top-at-mark-start, PB=parsable bottom
|   0|0x00000000e0000000, 0x00000000e0000000, 0x00000000e0100000|  0%| F|  |TAMS 0x00000000e0000000| PB 0x00000000e0000000| Untracked 
|   1|0x00000000e0100000, 0x00000000e0200000, 0x00000000e0200000|100%| O|  |TAMS 0x00000000e0100000| PB 0x00000000e0100000| Untracked 
|   2|0x00000000e0200000, 0x00000000e0300000, 0x00000000e0300000|100%| O|  |TAMS 0x00000000e0200000| PB 0x00000000e0200000| Untracked 
|   3|0x00000000e0300000, 0x00000000e0400000, 0x00000000e0400000|100%|HS|  |TAMS 0x00000000e0300000| PB 0x00000000e0300000| Complete 
|   4|0x00000000e0400000, 0x00000000e0500000, 0x00000000e0500000|100%|HC|  |TAMS 0x00000000e0400000| PB 0x00000000e0400000| Complete 
|   5|0x00000000e0500000, 0x00000000e0600000, 0x00000000e0600000|100%|HC|  |TAMS 0x00000000e0500000| PB 0x00000000e0500000| Complete 
|   6|0x00000000e0600000, 0x00000000e0700000, 0x00000000e0700000|100%| O|Cm|TAMS 0x00000000e0600000| PB 0x00000000e0600000| Complete 
|   7|0x00000000e0700000, 0x00000000e0800000, 0x00000000e0800000|100%| O|  |TAMS 0x00000000e0700000| PB 0x00000000e0700000| Untracked 
|   8|0x00000000e0800000, 0x00000000e0900000, 0x00000000e0900000|100%| O|  |TAMS 0x00000000e0800000| PB 0x00000000e0800000| Untracked 
|   9|0x00000000e0900000, 0x00000000e0a00000, 0x00000000e0a00000|100%| O|  |TAMS 0x00000000e0900000| PB 0x00000000e0900000| Untracked 
|  10|0x00000000e0a00000, 0x00000000e0a54450, 0x00000000e0b00000| 32%| O|  |TAMS 0x00000000e0a00000| PB 0x00000000e0a00000| Untracked 
|  11|0x00000000e0b00000, 0x00000000e0b00000, 0x00000000e0c00000|  0%| F|  |TAMS 0x00000000e0b00000| PB 0x00000000e0b00000| Untracked 
|  12|0x00000000e0c00000, 0x00000000e0c00000, 0x00000000e0d00000|  0%| F|  |TAMS 0x00000000e0c00000| PB 0x00000000e0c00000| Untracked 
|  13|0x00000000e0d00000, 0x00000000e0d00000, 0x00000000e0e00000|  0%| F|  |TAMS 0x00000000e0d00000| PB 0x00000000e0d00000| Untracked 
|  14|0x00000000e0e00000, 0x00000000e0e00000, 0x00000000e0f00000|  0%| F|  |TAMS 0x00000000e0e00000| PB 0x00000000e0e00000| Untracked 
|  15|0x00000000e0f00000, 0x00000000e0f00000, 0x00000000e1000000|  0%| F|  |TAMS 0x00000000e0f00000| PB 0x00000000e0f00000| Untracked 
|  16|0x00000000e1000000, 0x00000000e1000000, 0x00000000e1100000|  0%| F|  |TAMS 0x00000000e1000000| PB 0x00000000e1000000| Untracked 
|  17|0x00000000e1100000, 0x00000000e1100000, 0x00000000e1200000|  0%| F|  |TAMS 0x00000000e1100000| PB 0x00000000e1100000| Untracked 
|  18|0x00000000e1200000, 0x00000000e1200000, 0x00000000e1300000|  0%| F|  |TAMS 0x00000000e1200000| PB 0x00000000e1200000| Untracked 
|  19|0x00000000e1300000, 0x00000000e1300000, 0x00000000e1400000|  0%| F|  |TAMS 0x00000000e1300000| PB 0x00000000e1300000| Untracked 
|  20|0x00000000e1400000, 0x00000000e1400000, 0x00000000e1500000|  0%| F|  |TAMS 0x00000000e1400000| PB 0x00000000e1400000| Untracked 
|  21|0x00000000e1500000, 0x00000000e1500000, 0x00000000e1600000|  0%| F|  |TAMS 0x00000000e1500000| PB 0x00000000e1500000| Untracked 
|  22|0x00000000e1600000, 0x00000000e1600000, 0x00000000e1700000|  0%| F|  |TAMS 0x00000000e1600000| PB 0x00000000e1600000| Untracked 
|  23|0x00000000e1700000, 0x00000000e1700000, 0x00000000e1800000|  0%| F|  |TAMS 0x00000000e1700000| PB 0x00000000e1700000| Untracked 
|  24|0x00000000e1800000, 0x00000000e1800000, 0x00000000e1900000|  0%| F|  |TAMS 0x00000000e1800000| PB 0x00000000e1800000| Untracked 
|  25|0x00000000e1900000, 0x00000000e1900000, 0x00000000e1a00000|  0%| F|  |TAMS 0x00000000e1900000| PB 0x00000000e1900000| Untracked 
|  26|0x00000000e1a00000, 0x00000000e1a00000, 0x00000000e1b00000|  0%| F|  |TAMS 0x00000000e1a00000| PB 0x00000000e1a00000| Untracked 
|  27|0x00000000e1b00000, 0x00000000e1b00000, 0x00000000e1c00000|  0%| F|  |TAMS 0x00000000e1b00000| PB 0x00000000e1b00000| Untracked 
|  28|0x00000000e1c00000, 0x00000000e1c00000, 0x00000000e1d00000|  0%| F|  |TAMS 0x00000000e1c00000| PB 0x00000000e1c00000| Untracked 
|  29|0x00000000e1d00000, 0x00000000e1d00000, 0x00000000e1e00000|  0%| F|  |TAMS 0x00000000e1d00000| PB 0x00000000e1d00000| Untracked 
|  30|0x00000000e1e00000, 0x00000000e1e00000, 0x00000000e1f00000|  0%| F|  |TAMS 0x00000000e1e00000| PB 0x00000000e1e00000| Untracked 
|  31|0x00000000e1f00000, 0x00000000e1f00000, 0x00000000e2000000|  0%| F|  |TAMS 0x00000000e1f00000| PB 0x00000000e1f00000| Untracked 
|  32|0x00000000e2000000, 0x00000000e2000000, 0x00000000e2100000|  0%| F|  |TAMS 0x00000000e2000000| PB 0x00000000e2000000| Untracked 
|  33|0x00000000e2100000, 0x00000000e2100000, 0x00000000e2200000|  0%| F|  |TAMS 0x00000000e2100000| PB 0x00000000e2100000| Untracked 
|  34|0x00000000e2200000, 0x00000000e2200000, 0x00000000e2300000|  0%| F|  |TAMS 0x00000000e2200000| PB 0x00000000e2200000| Untracked 
|  35|0x00000000e2300000, 0x00000000e2300000, 0x00000000e2400000|  0%| F|  |TAMS 0x00000000e2300000| PB 0x00000000e2300000| Untracked 
|  36|0x00000000e2400000, 0x00000000e2400000, 0x00000000e2500000|  0%| F|  |TAMS 0x00000000e2400000| PB 0x00000000e2400000| Untracked 
|  37|0x00000000e2500000, 0x00000000e2500000, 0x00000000e2600000|  0%| F|  |TAMS 0x00000000e2500000| PB 0x00000000e2500000| Untracked 
|  38|0x00000000e2600000, 0x00000000e2600000, 0x00000000e2700000|  0%| F|  |TAMS 0x00000000e2600000| PB 0x00000000e2600000| Untracked 
|  39|0x00000000e2700000, 0x00000000e2700000, 0x00000000e2800000|  0%| F|  |TAMS 0x00000000e2700000| PB 0x00000000e2700000| Untracked 
|  40|0x00000000e2800000, 0x00000000e2800000, 0x00000000e2900000|  0%| F|  |TAMS 0x00000000e2800000| PB 0x00000000e2800000| Untracked 
|  41|0x00000000e2900000, 0x00000000e2900000, 0x00000000e2a00000|  0%| F|  |TAMS 0x00000000e2900000| PB 0x00000000e2900000| Untracked 
|  42|0x00000000e2a00000, 0x00000000e2a00000, 0x00000000e2b00000|  0%| F|  |TAMS 0x00000000e2a00000| PB 0x00000000e2a00000| Untracked 
|  43|0x00000000e2b00000, 0x00000000e2b00000, 0x00000000e2c00000|  0%| F|  |TAMS 0x00000000e2b00000| PB 0x00000000e2b00000| Untracked 
|  44|0x00000000e2c00000, 0x00000000e2c00000, 0x00000000e2d00000|  0%| F|  |TAMS 0x00000000e2c00000| PB 0x00000000e2c00000| Untracked 
|  45|0x00000000e2d00000, 0x00000000e2d00000, 0x00000000e2e00000|  0%| F|  |TAMS 0x00000000e2d00000| PB 0x00000000e2d00000| Untracked 
|  46|0x00000000e2e00000, 0x00000000e2e00000, 0x00000000e2f00000|  0%| F|  |TAMS 0x00000000e2e00000| PB 0x00000000e2e00000| Untracked 
|  47|0x00000000e2f00000, 0x00000000e2f00000, 0x00000000e3000000|  0%| F|  |TAMS 0x00000000e2f00000| PB 0x00000000e2f00000| Untracked 
|  48|0x00000000e3000000, 0x00000000e3000000, 0x00000000e3100000|  0%| F|  |TAMS 0x00000000e3000000| PB 0x00000000e3000000| Untracked 
|  49|0x00000000e3100000, 0x00000000e3100000, 0x00000000e3200000|  0%| F|  |TAMS 0x00000000e3100000| PB 0x00000000e3100000| Untracked 
|  50|0x00000000e3200000, 0x00000000e3200000, 0x00000000e3300000|  0%| F|  |TAMS 0x00000000e3200000| PB 0x00000000e3200000| Untracked 
|  51|0x00000000e3300000, 0x00000000e3300000, 0x00000000e3400000|  0%| F|  |TAMS 0x00000000e3300000| PB 0x00000000e3300000| Untracked 
|  52|0x00000000e3400000, 0x00000000e3400000, 0x00000000e3500000|  0%| F|  |TAMS 0x00000000e3400000| PB 0x00000000e3400000| Untracked 
|  53|0x00000000e3500000, 0x00000000e3500000, 0x00000000e3600000|  0%| F|  |TAMS 0x00000000e3500000| PB 0x00000000e3500000| Untracked 
|  54|0x00000000e3600000, 0x00000000e3600000, 0x00000000e3700000|  0%| F|  |TAMS 0x00000000e3600000| PB 0x00000000e3600000| Untracked 
|  55|0x00000000e3700000, 0x00000000e3700000, 0x00000000e3800000|  0%| F|  |TAMS 0x00000000e3700000| PB 0x00000000e3700000| Untracked 
|  56|0x00000000e3800000, 0x00000000e3800000, 0x00000000e3900000|  0%| F|  |TAMS 0x00000000e3800000| PB 0x00000000e3800000| Untracked 
|  57|0x00000000e3900000, 0x00000000e3900000, 0x00000000e3a00000|  0%| F|  |TAMS 0x00000000e3900000| PB 0x00000000e3900000| Untracked 
|  58|0x00000000e3a00000, 0x00000000e3a00000, 0x00000000e3b00000|  0%| F|  |TAMS 0x00000000e3a00000| PB 0x00000000e3a00000| Untracked 
|  59|0x00000000e3b00000, 0x00000000e3b00000, 0x00000000e3c00000|  0%| F|  |TAMS 0x00000000e3b00000| PB 0x00000000e3b00000| Untracked 
|  60|0x00000000e3c00000, 0x00000000e3c00000, 0x00000000e3d00000|  0%| F|  |TAMS 0x00000000e3c00000| PB 0x00000000e3c00000| Untracked 
|  61|0x00000000e3d00000, 0x00000000e3d00000, 0x00000000e3e00000|  0%| F|  |TAMS 0x00000000e3d00000| PB 0x00000000e3d00000| Untracked 
|  62|0x00000000e3e00000, 0x00000000e3e00000, 0x00000000e3f00000|  0%| F|  |TAMS 0x00000000e3e00000| PB 0x00000000e3e00000| Untracked 
|  63|0x00000000e3f00000, 0x00000000e3f00000, 0x00000000e4000000|  0%| F|  |TAMS 0x00000000e3f00000| PB 0x00000000e3f00000| Untracked 
|  64|0x00000000e4000000, 0x00000000e4000000, 0x00000000e4100000|  0%| F|  |TAMS 0x00000000e4000000| PB 0x00000000e4000000| Untracked 
|  65|0x00000000e4100000, 0x00000000e4100000, 0x00000000e4200000|  0%| F|  |TAMS 0x00000000e4100000| PB 0x00000000e4100000| Untracked 
|  66|0x00000000e4200000, 0x00000000e4200000, 0x00000000e4300000|  0%| F|  |TAMS 0x00000000e4200000| PB 0x00000000e4200000| Untracked 
|  67|0x00000000e4300000, 0x00000000e4300000, 0x00000000e4400000|  0%| F|  |TAMS 0x00000000e4300000| PB 0x00000000e4300000| Untracked 
|  68|0x00000000e4400000, 0x00000000e4400000, 0x00000000e4500000|  0%| F|  |TAMS 0x00000000e4400000| PB 0x00000000e4400000| Untracked 
|  69|0x00000000e4500000, 0x00000000e4500000, 0x00000000e4600000|  0%| F|  |TAMS 0x00000000e4500000| PB 0x00000000e4500000| Untracked 
|  70|0x00000000e4600000, 0x00000000e4600000, 0x00000000e4700000|  0%| F|  |TAMS 0x00000000e4600000| PB 0x00000000e4600000| Untracked 
|  71|0x00000000e4700000, 0x00000000e4700000, 0x00000000e4800000|  0%| F|  |TAMS 0x00000000e4700000| PB 0x00000000e4700000| Untracked 
|  72|0x00000000e4800000, 0x00000000e4800000, 0x00000000e4900000|  0%| F|  |TAMS 0x00000000e4800000| PB 0x00000000e4800000| Untracked 
|  73|0x00000000e4900000, 0x00000000e4900000, 0x00000000e4a00000|  0%| F|  |TAMS 0x00000000e4900000| PB 0x00000000e4900000| Untracked 
|  74|0x00000000e4a00000, 0x00000000e4a00000, 0x00000000e4b00000|  0%| F|  |TAMS 0x00000000e4a00000| PB 0x00000000e4a00000| Untracked 
|  75|0x00000000e4b00000, 0x00000000e4b00000, 0x00000000e4c00000|  0%| F|  |TAMS 0x00000000e4b00000| PB 0x00000000e4b00000| Untracked 
|  76|0x00000000e4c00000, 0x00000000e4c00000, 0x00000000e4d00000|  0%| F|  |TAMS 0x00000000e4c00000| PB 0x00000000e4c00000| Untracked 
|  77|0x00000000e4d00000, 0x00000000e4d00000, 0x00000000e4e00000|  0%| F|  |TAMS 0x00000000e4d00000| PB 0x00000000e4d00000| Untracked 
|  78|0x00000000e4e00000, 0x00000000e4e00000, 0x00000000e4f00000|  0%| F|  |TAMS 0x00000000e4e00000| PB 0x00000000e4e00000| Untracked 
|  79|0x00000000e4f00000, 0x00000000e4f00000, 0x00000000e5000000|  0%| F|  |TAMS 0x00000000e4f00000| PB 0x00000000e4f00000| Untracked 
|  80|0x00000000e5000000, 0x00000000e5000000, 0x00000000e5100000|  0%| F|  |TAMS 0x00000000e5000000| PB 0x00000000e5000000| Untracked 
|  81|0x00000000e5100000, 0x00000000e5100000, 0x00000000e5200000|  0%| F|  |TAMS 0x00000000e5100000| PB 0x00000000e5100000| Untracked 
|  82|0x00000000e5200000, 0x00000000e5200000, 0x00000000e5300000|  0%| F|  |TAMS 0x00000000e5200000| PB 0x00000000e5200000| Untracked 
|  83|0x00000000e5300000, 0x00000000e5300000, 0x00000000e5400000|  0%| F|  |TAMS 0x00000000e5300000| PB 0x00000000e5300000| Untracked 
|  84|0x00000000e5400000, 0x00000000e5400000, 0x00000000e5500000|  0%| F|  |TAMS 0x00000000e5400000| PB 0x00000000e5400000| Untracked 
|  85|0x00000000e5500000, 0x00000000e5500000, 0x00000000e5600000|  0%| F|  |TAMS 0x00000000e5500000| PB 0x00000000e5500000| Untracked 
|  86|0x00000000e5600000, 0x00000000e5600000, 0x00000000e5700000|  0%| F|  |TAMS 0x00000000e5600000| PB 0x00000000e5600000| Untracked 
|  87|0x00000000e5700000, 0x00000000e5700000, 0x00000000e5800000|  0%| F|  |TAMS 0x00000000e5700000| PB 0x00000000e5700000| Untracked 
|  88|0x00000000e5800000, 0x00000000e5800000, 0x00000000e5900000|  0%| F|  |TAMS 0x00000000e5800000| PB 0x00000000e5800000| Untracked 
|  89|0x00000000e5900000, 0x00000000e5900000, 0x00000000e5a00000|  0%| F|  |TAMS 0x00000000e5900000| PB 0x00000000e5900000| Untracked 
|  90|0x00000000e5a00000, 0x00000000e5a00000, 0x00000000e5b00000|  0%| F|  |TAMS 0x00000000e5a00000| PB 0x00000000e5a00000| Untracked 
|  91|0x00000000e5b00000, 0x00000000e5b00000, 0x00000000e5c00000|  0%| F|  |TAMS 0x00000000e5b00000| PB 0x00000000e5b00000| Untracked 
|  92|0x00000000e5c00000, 0x00000000e5c00000, 0x00000000e5d00000|  0%| F|  |TAMS 0x00000000e5c00000| PB 0x00000000e5c00000| Untracked 
|  93|0x00000000e5d00000, 0x00000000e5d00000, 0x00000000e5e00000|  0%| F|  |TAMS 0x00000000e5d00000| PB 0x00000000e5d00000| Untracked 
|  94|0x00000000e5e00000, 0x00000000e5e00000, 0x00000000e5f00000|  0%| F|  |TAMS 0x00000000e5e00000| PB 0x00000000e5e00000| Untracked 
|  95|0x00000000e5f00000, 0x00000000e5f00000, 0x00000000e6000000|  0%| F|  |TAMS 0x00000000e5f00000| PB 0x00000000e5f00000| Untracked 
|  96|0x00000000e6000000, 0x00000000e6000000, 0x00000000e6100000|  0%| F|  |TAMS 0x00000000e6000000| PB 0x00000000e6000000| Untracked 
|  97|0x00000000e6100000, 0x00000000e6100000, 0x00000000e6200000|  0%| F|  |TAMS 0x00000000e6100000| PB 0x00000000e6100000| Untracked 
|  98|0x00000000e6200000, 0x00000000e6200000, 0x00000000e6300000|  0%| F|  |TAMS 0x00000000e6200000| PB 0x00000000e6200000| Untracked 
|  99|0x00000000e6300000, 0x00000000e6300000, 0x00000000e6400000|  0%| F|  |TAMS 0x00000000e6300000| PB 0x00000000e6300000| Untracked 
| 100|0x00000000e6400000, 0x00000000e6400000, 0x00000000e6500000|  0%| F|  |TAMS 0x00000000e6400000| PB 0x00000000e6400000| Untracked 
| 101|0x00000000e6500000, 0x00000000e6500000, 0x00000000e6600000|  0%| F|  |TAMS 0x00000000e6500000| PB 0x00000000e6500000| Untracked 
| 102|0x00000000e6600000, 0x00000000e6600000, 0x00000000e6700000|  0%| F|  |TAMS 0x00000000e6600000| PB 0x00000000e6600000| Untracked 
| 103|0x00000000e6700000, 0x00000000e6700000, 0x00000000e6800000|  0%| F|  |TAMS 0x00000000e6700000| PB 0x00000000e6700000| Untracked 
| 104|0x00000000e6800000, 0x00000000e6800000, 0x00000000e6900000|  0%| F|  |TAMS 0x00000000e6800000| PB 0x00000000e6800000| Untracked 
| 105|0x00000000e6900000, 0x00000000e6900000, 0x00000000e6a00000|  0%| F|  |TAMS 0x00000000e6900000| PB 0x00000000e6900000| Untracked 
| 106|0x00000000e6a00000, 0x00000000e6a00000, 0x00000000e6b00000|  0%| F|  |TAMS 0x00000000e6a00000| PB 0x00000000e6a00000| Untracked 
| 107|0x00000000e6b00000, 0x00000000e6b00000, 0x00000000e6c00000|  0%| F|  |TAMS 0x00000000e6b00000| PB 0x00000000e6b00000| Untracked 
| 108|0x00000000e6c00000, 0x00000000e6c00000, 0x00000000e6d00000|  0%| F|  |TAMS 0x00000000e6c00000| PB 0x00000000e6c00000| Untracked 
| 109|0x00000000e6d00000, 0x00000000e6d00000, 0x00000000e6e00000|  0%| F|  |TAMS 0x00000000e6d00000| PB 0x00000000e6d00000| Untracked 
| 110|0x00000000e6e00000, 0x00000000e6e00000, 0x00000000e6f00000|  0%| F|  |TAMS 0x00000000e6e00000| PB 0x00000000e6e00000| Untracked 
| 111|0x00000000e6f00000, 0x00000000e6f00000, 0x00000000e7000000|  0%| F|  |TAMS 0x00000000e6f00000| PB 0x00000000e6f00000| Untracked 
| 112|0x00000000e7000000, 0x00000000e7000000, 0x00000000e7100000|  0%| F|  |TAMS 0x00000000e7000000| PB 0x00000000e7000000| Untracked 
| 113|0x00000000e7100000, 0x00000000e7100000, 0x00000000e7200000|  0%| F|  |TAMS 0x00000000e7100000| PB 0x00000000e7100000| Untracked 
| 114|0x00000000e7200000, 0x00000000e7200000, 0x00000000e7300000|  0%| F|  |TAMS 0x00000000e7200000| PB 0x00000000e7200000| Untracked 
| 115|0x00000000e7300000, 0x00000000e7300000, 0x00000000e7400000|  0%| F|  |TAMS 0x00000000e7300000| PB 0x00000000e7300000| Untracked 
| 116|0x00000000e7400000, 0x00000000e7400000, 0x00000000e7500000|  0%| F|  |TAMS 0x00000000e7400000| PB 0x00000000e7400000| Untracked 
| 117|0x00000000e7500000, 0x00000000e7500000, 0x00000000e7600000|  0%| F|  |TAMS 0x00000000e7500000| PB 0x00000000e7500000| Untracked 
| 118|0x00000000e7600000, 0x00000000e7600000, 0x00000000e7700000|  0%| F|  |TAMS 0x00000000e7600000| PB 0x00000000e7600000| Untracked 
| 119|0x00000000e7700000, 0x00000000e7700000, 0x00000000e7800000|  0%| F|  |TAMS 0x00000000e7700000| PB 0x00000000e7700000| Untracked 
| 120|0x00000000e7800000, 0x00000000e7800000, 0x00000000e7900000|  0%| F|  |TAMS 0x00000000e7800000| PB 0x00000000e7800000| Untracked 
| 121|0x00000000e7900000, 0x00000000e7900000, 0x00000000e7a00000|  0%| F|  |TAMS 0x00000000e7900000| PB 0x00000000e7900000| Untracked 
| 122|0x00000000e7a00000, 0x00000000e7a00000, 0x00000000e7b00000|  0%| F|  |TAMS 0x00000000e7a00000| PB 0x00000000e7a00000| Untracked 
| 123|0x00000000e7b00000, 0x00000000e7b00000, 0x00000000e7c00000|  0%| F|  |TAMS 0x00000000e7b00000| PB 0x00000000e7b00000| Untracked 
| 124|0x00000000e7c00000, 0x00000000e7c00000, 0x00000000e7d00000|  0%| F|  |TAMS 0x00000000e7c00000| PB 0x00000000e7c00000| Untracked 
| 125|0x00000000e7d00000, 0x00000000e7d00000, 0x00000000e7e00000|  0%| F|  |TAMS 0x00000000e7d00000| PB 0x00000000e7d00000| Untracked 
| 126|0x00000000e7e00000, 0x00000000e7e00000, 0x00000000e7f00000|  0%| F|  |TAMS 0x00000000e7e00000| PB 0x00000000e7e00000| Untracked 
| 127|0x00000000e7f00000, 0x00000000e7f00000, 0x00000000e8000000|  0%| F|  |TAMS 0x00000000e7f00000| PB 0x00000000e7f00000| Untracked 
| 128|0x00000000e8000000, 0x00000000e8000000, 0x00000000e8100000|  0%| F|  |TAMS 0x00000000e8000000| PB 0x00000000e8000000| Untracked 
| 129|0x00000000e8100000, 0x00000000e8100000, 0x00000000e8200000|  0%| F|  |TAMS 0x00000000e8100000| PB 0x00000000e8100000| Untracked 
| 130|0x00000000e8200000, 0x00000000e8200000, 0x00000000e8300000|  0%| F|  |TAMS 0x00000000e8200000| PB 0x00000000e8200000| Untracked 
| 131|0x00000000e8300000, 0x00000000e8300000, 0x00000000e8400000|  0%| F|  |TAMS 0x00000000e8300000| PB 0x00000000e8300000| Untracked 
| 132|0x00000000e8400000, 0x00000000e8400000, 0x00000000e8500000|  0%| F|  |TAMS 0x00000000e8400000| PB 0x00000000e8400000| Untracked 
| 133|0x00000000e8500000, 0x00000000e8500000, 0x00000000e8600000|  0%| F|  |TAMS 0x00000000e8500000| PB 0x00000000e8500000| Untracked 
| 134|0x00000000e8600000, 0x00000000e8600000, 0x00000000e8700000|  0%| F|  |TAMS 0x00000000e8600000| PB 0x00000000e8600000| Untracked 
| 135|0x00000000e8700000, 0x00000000e8700000, 0x00000000e8800000|  0%| F|  |TAMS 0x00000000e8700000| PB 0x00000000e8700000| Untracked 
| 136|0x00000000e8800000, 0x00000000e8800000, 0x00000000e8900000|  0%| F|  |TAMS 0x00000000e8800000| PB 0x00000000e8800000| Untracked 
| 137|0x00000000e8900000, 0x00000000e8900000, 0x00000000e8a00000|  0%| F|  |TAMS 0x00000000e8900000| PB 0x00000000e8900000| Untracked 
| 138|0x00000000e8a00000, 0x00000000e8a00000, 0x00000000e8b00000|  0%| F|  |TAMS 0x00000000e8a00000| PB 0x00000000e8a00000| Untracked 
| 139|0x00000000e8b00000, 0x00000000e8b00000, 0x00000000e8c00000|  0%| F|  |TAMS 0x00000000e8b00000| PB 0x00000000e8b00000| Untracked 
| 140|0x00000000e8c00000, 0x00000000e8c00000, 0x00000000e8d00000|  0%| F|  |TAMS 0x00000000e8c00000| PB 0x00000000e8c00000| Untracked 
| 141|0x00000000e8d00000, 0x00000000e8d00000, 0x00000000e8e00000|  0%| F|  |TAMS 0x00000000e8d00000| PB 0x00000000e8d00000| Untracked 
| 142|0x00000000e8e00000, 0x00000000e8e00000, 0x00000000e8f00000|  0%| F|  |TAMS 0x00000000e8e00000| PB 0x00000000e8e00000| Untracked 
| 143|0x00000000e8f00000, 0x00000000e8f00000, 0x00000000e9000000|  0%| F|  |TAMS 0x00000000e8f00000| PB 0x00000000e8f00000| Untracked 
| 144|0x00000000e9000000, 0x00000000e9000000, 0x00000000e9100000|  0%| F|  |TAMS 0x00000000e9000000| PB 0x00000000e9000000| Untracked 
| 145|0x00000000e9100000, 0x00000000e9100000, 0x00000000e9200000|  0%| F|  |TAMS 0x00000000e9100000| PB 0x00000000e9100000| Untracked 
| 146|0x00000000e9200000, 0x00000000e9200000, 0x00000000e9300000|  0%| F|  |TAMS 0x00000000e9200000| PB 0x00000000e9200000| Untracked 
| 147|0x00000000e9300000, 0x00000000e9300000, 0x00000000e9400000|  0%| F|  |TAMS 0x00000000e9300000| PB 0x00000000e9300000| Untracked 
| 148|0x00000000e9400000, 0x00000000e9400000, 0x00000000e9500000|  0%| F|  |TAMS 0x00000000e9400000| PB 0x00000000e9400000| Untracked 
| 149|0x00000000e9500000, 0x00000000e9500000, 0x00000000e9600000|  0%| F|  |TAMS 0x00000000e9500000| PB 0x00000000e9500000| Untracked 
| 150|0x00000000e9600000, 0x00000000e9600000, 0x00000000e9700000|  0%| F|  |TAMS 0x00000000e9600000| PB 0x00000000e9600000| Untracked 
| 151|0x00000000e9700000, 0x00000000e9700000, 0x00000000e9800000|  0%| F|  |TAMS 0x00000000e9700000| PB 0x00000000e9700000| Untracked 
| 152|0x00000000e9800000, 0x00000000e989c540, 0x00000000e9900000| 61%| S|CS|TAMS 0x00000000e9800000| PB 0x00000000e9800000| Complete 
| 153|0x00000000e9900000, 0x00000000e9a00000, 0x00000000e9a00000|100%| S|CS|TAMS 0x00000000e9900000| PB 0x00000000e9900000| Complete 
| 154|0x00000000e9a00000, 0x00000000e9b00000, 0x00000000e9b00000|100%| S|CS|TAMS 0x00000000e9a00000| PB 0x00000000e9a00000| Complete 
| 155|0x00000000e9b00000, 0x00000000e9c00000, 0x00000000e9c00000|100%| S|CS|TAMS 0x00000000e9b00000| PB 0x00000000e9b00000| Complete 
| 156|0x00000000e9c00000, 0x00000000e9d00000, 0x00000000e9d00000|100%| S|CS|TAMS 0x00000000e9c00000| PB 0x00000000e9c00000| Complete 
| 157|0x00000000e9d00000, 0x00000000e9e00000, 0x00000000e9e00000|100%| S|CS|TAMS 0x00000000e9d00000| PB 0x00000000e9d00000| Complete 
| 158|0x00000000e9e00000, 0x00000000e9f00000, 0x00000000e9f00000|100%| S|CS|TAMS 0x00000000e9e00000| PB 0x00000000e9e00000| Complete 
| 159|0x00000000e9f00000, 0x00000000ea000000, 0x00000000ea000000|100%| S|CS|TAMS 0x00000000e9f00000| PB 0x00000000e9f00000| Complete 
| 160|0x00000000ea000000, 0x00000000ea100000, 0x00000000ea100000|100%| S|CS|TAMS 0x00000000ea000000| PB 0x00000000ea000000| Complete 
| 161|0x00000000ea100000, 0x00000000ea200000, 0x00000000ea200000|100%| S|CS|TAMS 0x00000000ea100000| PB 0x00000000ea100000| Complete 
| 162|0x00000000ea200000, 0x00000000ea300000, 0x00000000ea300000|100%| S|CS|TAMS 0x00000000ea200000| PB 0x00000000ea200000| Complete 
| 163|0x00000000ea300000, 0x00000000ea400000, 0x00000000ea400000|100%| S|CS|TAMS 0x00000000ea300000| PB 0x00000000ea300000| Complete 
| 164|0x00000000ea400000, 0x00000000ea400000, 0x00000000ea500000|  0%| F|  |TAMS 0x00000000ea400000| PB 0x00000000ea400000| Untracked 
| 165|0x00000000ea500000, 0x00000000ea500000, 0x00000000ea600000|  0%| F|  |TAMS 0x00000000ea500000| PB 0x00000000ea500000| Untracked 
| 166|0x00000000ea600000, 0x00000000ea600000, 0x00000000ea700000|  0%| F|  |TAMS 0x00000000ea600000| PB 0x00000000ea600000| Untracked 
| 167|0x00000000ea700000, 0x00000000ea700000, 0x00000000ea800000|  0%| F|  |TAMS 0x00000000ea700000| PB 0x00000000ea700000| Untracked 
| 168|0x00000000ea800000, 0x00000000ea800000, 0x00000000ea900000|  0%| F|  |TAMS 0x00000000ea800000| PB 0x00000000ea800000| Untracked 
| 169|0x00000000ea900000, 0x00000000ea900000, 0x00000000eaa00000|  0%| F|  |TAMS 0x00000000ea900000| PB 0x00000000ea900000| Untracked 
| 170|0x00000000eaa00000, 0x00000000eaa00000, 0x00000000eab00000|  0%| F|  |TAMS 0x00000000eaa00000| PB 0x00000000eaa00000| Untracked 
| 171|0x00000000eab00000, 0x00000000eab00000, 0x00000000eac00000|  0%| F|  |TAMS 0x00000000eab00000| PB 0x00000000eab00000| Untracked 
| 172|0x00000000eac00000, 0x00000000eac00000, 0x00000000ead00000|  0%| F|  |TAMS 0x00000000eac00000| PB 0x00000000eac00000| Untracked 
| 173|0x00000000ead00000, 0x00000000ead00000, 0x00000000eae00000|  0%| F|  |TAMS 0x00000000ead00000| PB 0x00000000ead00000| Untracked 
| 174|0x00000000eae00000, 0x00000000eae00000, 0x00000000eaf00000|  0%| F|  |TAMS 0x00000000eae00000| PB 0x00000000eae00000| Untracked 
| 175|0x00000000eaf00000, 0x00000000eaf00000, 0x00000000eb000000|  0%| F|  |TAMS 0x00000000eaf00000| PB 0x00000000eaf00000| Untracked 
| 176|0x00000000eb000000, 0x00000000eb000000, 0x00000000eb100000|  0%| F|  |TAMS 0x00000000eb000000| PB 0x00000000eb000000| Untracked 
| 177|0x00000000eb100000, 0x00000000eb100000, 0x00000000eb200000|  0%| F|  |TAMS 0x00000000eb100000| PB 0x00000000eb100000| Untracked 
| 178|0x00000000eb200000, 0x00000000eb200000, 0x00000000eb300000|  0%| F|  |TAMS 0x00000000eb200000| PB 0x00000000eb200000| Untracked 
| 179|0x00000000eb300000, 0x00000000eb300000, 0x00000000eb400000|  0%| F|  |TAMS 0x00000000eb300000| PB 0x00000000eb300000| Untracked 
| 180|0x00000000eb400000, 0x00000000eb400000, 0x00000000eb500000|  0%| F|  |TAMS 0x00000000eb400000| PB 0x00000000eb400000| Untracked 
| 181|0x00000000eb500000, 0x00000000eb500000, 0x00000000eb600000|  0%| F|  |TAMS 0x00000000eb500000| PB 0x00000000eb500000| Untracked 
| 182|0x00000000eb600000, 0x00000000eb600000, 0x00000000eb700000|  0%| F|  |TAMS 0x00000000eb600000| PB 0x00000000eb600000| Untracked 
| 183|0x00000000eb700000, 0x00000000eb780000, 0x00000000eb800000| 50%| E|  |TAMS 0x00000000eb700000| PB 0x00000000eb700000| Complete 
| 184|0x00000000eb800000, 0x00000000eb900000, 0x00000000eb900000|100%| E|CS|TAMS 0x00000000eb800000| PB 0x00000000eb800000| Complete 
| 185|0x00000000eb900000, 0x00000000eba00000, 0x00000000eba00000|100%| E|CS|TAMS 0x00000000eb900000| PB 0x00000000eb900000| Complete 
| 186|0x00000000eba00000, 0x00000000ebb00000, 0x00000000ebb00000|100%| E|CS|TAMS 0x00000000eba00000| PB 0x00000000eba00000| Complete 
| 187|0x00000000ebb00000, 0x00000000ebc00000, 0x00000000ebc00000|100%| E|CS|TAMS 0x00000000ebb00000| PB 0x00000000ebb00000| Complete 
| 188|0x00000000ebc00000, 0x00000000ebd00000, 0x00000000ebd00000|100%| E|CS|TAMS 0x00000000ebc00000| PB 0x00000000ebc00000| Complete 
| 189|0x00000000ebd00000, 0x00000000ebe00000, 0x00000000ebe00000|100%| E|CS|TAMS 0x00000000ebd00000| PB 0x00000000ebd00000| Complete 
| 190|0x00000000ebe00000, 0x00000000ebf00000, 0x00000000ebf00000|100%| E|CS|TAMS 0x00000000ebe00000| PB 0x00000000ebe00000| Complete 
| 191|0x00000000ebf00000, 0x00000000ec000000, 0x00000000ec000000|100%| E|CS|TAMS 0x00000000ebf00000| PB 0x00000000ebf00000| Complete 
| 192|0x00000000ec000000, 0x00000000ec100000, 0x00000000ec100000|100%| E|CS|TAMS 0x00000000ec000000| PB 0x00000000ec000000| Complete 
| 193|0x00000000ec100000, 0x00000000ec200000, 0x00000000ec200000|100%| E|CS|TAMS 0x00000000ec100000| PB 0x00000000ec100000| Complete 
| 194|0x00000000ec200000, 0x00000000ec300000, 0x00000000ec300000|100%| E|CS|TAMS 0x00000000ec200000| PB 0x00000000ec200000| Complete 
| 195|0x00000000ec300000, 0x00000000ec400000, 0x00000000ec400000|100%| E|CS|TAMS 0x00000000ec300000| PB 0x00000000ec300000| Complete 
| 196|0x00000000ec400000, 0x00000000ec500000, 0x00000000ec500000|100%| E|CS|TAMS 0x00000000ec400000| PB 0x00000000ec400000| Complete 
| 197|0x00000000ec500000, 0x00000000ec600000, 0x00000000ec600000|100%| E|CS|TAMS 0x00000000ec500000| PB 0x00000000ec500000| Complete 
| 198|0x00000000ec600000, 0x00000000ec700000, 0x00000000ec700000|100%| E|CS|TAMS 0x00000000ec600000| PB 0x00000000ec600000| Complete 
| 199|0x00000000ec700000, 0x00000000ec800000, 0x00000000ec800000|100%| E|CS|TAMS 0x00000000ec700000| PB 0x00000000ec700000| Complete 
| 200|0x00000000ec800000, 0x00000000ec900000, 0x00000000ec900000|100%| E|CS|TAMS 0x00000000ec800000| PB 0x00000000ec800000| Complete 
| 201|0x00000000ec900000, 0x00000000eca00000, 0x00000000eca00000|100%| E|CS|TAMS 0x00000000ec900000| PB 0x00000000ec900000| Complete 
| 202|0x00000000eca00000, 0x00000000ecb00000, 0x00000000ecb00000|100%| E|CS|TAMS 0x00000000eca00000| PB 0x00000000eca00000| Complete 
| 203|0x00000000ecb00000, 0x00000000ecc00000, 0x00000000ecc00000|100%| E|CS|TAMS 0x00000000ecb00000| PB 0x00000000ecb00000| Complete 
| 204|0x00000000ecc00000, 0x00000000ecd00000, 0x00000000ecd00000|100%| E|CS|TAMS 0x00000000ecc00000| PB 0x00000000ecc00000| Complete 
| 205|0x00000000ecd00000, 0x00000000ece00000, 0x00000000ece00000|100%| E|CS|TAMS 0x00000000ecd00000| PB 0x00000000ecd00000| Complete 
| 206|0x00000000ece00000, 0x00000000ecf00000, 0x00000000ecf00000|100%| E|CS|TAMS 0x00000000ece00000| PB 0x00000000ece00000| Complete 
| 207|0x00000000ecf00000, 0x00000000ed000000, 0x00000000ed000000|100%| E|CS|TAMS 0x00000000ecf00000| PB 0x00000000ecf00000| Complete 
| 208|0x00000000ed000000, 0x00000000ed100000, 0x00000000ed100000|100%| E|CS|TAMS 0x00000000ed000000| PB 0x00000000ed000000| Complete 
| 209|0x00000000ed100000, 0x00000000ed200000, 0x00000000ed200000|100%| E|CS|TAMS 0x00000000ed100000| PB 0x00000000ed100000| Complete 
| 210|0x00000000ed200000, 0x00000000ed300000, 0x00000000ed300000|100%| E|CS|TAMS 0x00000000ed200000| PB 0x00000000ed200000| Complete 
| 211|0x00000000ed300000, 0x00000000ed400000, 0x00000000ed400000|100%| E|CS|TAMS 0x00000000ed300000| PB 0x00000000ed300000| Complete 
| 212|0x00000000ed400000, 0x00000000ed500000, 0x00000000ed500000|100%| E|CS|TAMS 0x00000000ed400000| PB 0x00000000ed400000| Complete 
| 213|0x00000000ed500000, 0x00000000ed600000, 0x00000000ed600000|100%| E|CS|TAMS 0x00000000ed500000| PB 0x00000000ed500000| Complete 
| 214|0x00000000ed600000, 0x00000000ed700000, 0x00000000ed700000|100%| E|CS|TAMS 0x00000000ed600000| PB 0x00000000ed600000| Complete 
| 215|0x00000000ed700000, 0x00000000ed800000, 0x00000000ed800000|100%| E|CS|TAMS 0x00000000ed700000| PB 0x00000000ed700000| Complete 
| 216|0x00000000ed800000, 0x00000000ed900000, 0x00000000ed900000|100%| E|CS|TAMS 0x00000000ed800000| PB 0x00000000ed800000| Complete 
| 217|0x00000000ed900000, 0x00000000eda00000, 0x00000000eda00000|100%| E|CS|TAMS 0x00000000ed900000| PB 0x00000000ed900000| Complete 
| 218|0x00000000eda00000, 0x00000000edb00000, 0x00000000edb00000|100%| E|  |TAMS 0x00000000eda00000| PB 0x00000000eda00000| Complete 
| 219|0x00000000edb00000, 0x00000000edc00000, 0x00000000edc00000|100%| E|CS|TAMS 0x00000000edb00000| PB 0x00000000edb00000| Complete 
| 220|0x00000000edc00000, 0x00000000edd00000, 0x00000000edd00000|100%| E|CS|TAMS 0x00000000edc00000| PB 0x00000000edc00000| Complete 
| 221|0x00000000edd00000, 0x00000000ede00000, 0x00000000ede00000|100%| E|CS|TAMS 0x00000000edd00000| PB 0x00000000edd00000| Complete 
| 222|0x00000000ede00000, 0x00000000edf00000, 0x00000000edf00000|100%| E|CS|TAMS 0x00000000ede00000| PB 0x00000000ede00000| Complete 
| 223|0x00000000edf00000, 0x00000000ee000000, 0x00000000ee000000|100%| E|CS|TAMS 0x00000000edf00000| PB 0x00000000edf00000| Complete 
| 224|0x00000000ee000000, 0x00000000ee100000, 0x00000000ee100000|100%| E|CS|TAMS 0x00000000ee000000| PB 0x00000000ee000000| Complete 
| 225|0x00000000ee100000, 0x00000000ee200000, 0x00000000ee200000|100%| E|CS|TAMS 0x00000000ee100000| PB 0x00000000ee100000| Complete 
| 226|0x00000000ee200000, 0x00000000ee300000, 0x00000000ee300000|100%| E|CS|TAMS 0x00000000ee200000| PB 0x00000000ee200000| Complete 
| 227|0x00000000ee300000, 0x00000000ee400000, 0x00000000ee400000|100%| E|CS|TAMS 0x00000000ee300000| PB 0x00000000ee300000| Complete 
| 228|0x00000000ee400000, 0x00000000ee500000, 0x00000000ee500000|100%| E|CS|TAMS 0x00000000ee400000| PB 0x00000000ee400000| Complete 
| 229|0x00000000ee500000, 0x00000000ee600000, 0x00000000ee600000|100%| E|CS|TAMS 0x00000000ee500000| PB 0x00000000ee500000| Complete 
| 230|0x00000000ee600000, 0x00000000ee700000, 0x00000000ee700000|100%| E|CS|TAMS 0x00000000ee600000| PB 0x00000000ee600000| Complete 
| 231|0x00000000ee700000, 0x00000000ee800000, 0x00000000ee800000|100%| E|CS|TAMS 0x00000000ee700000| PB 0x00000000ee700000| Complete 
| 232|0x00000000ee800000, 0x00000000ee900000, 0x00000000ee900000|100%| E|CS|TAMS 0x00000000ee800000| PB 0x00000000ee800000| Complete 
| 233|0x00000000ee900000, 0x00000000eea00000, 0x00000000eea00000|100%| E|CS|TAMS 0x00000000ee900000| PB 0x00000000ee900000| Complete 
| 234|0x00000000eea00000, 0x00000000eeb00000, 0x00000000eeb00000|100%| E|CS|TAMS 0x00000000eea00000| PB 0x00000000eea00000| Complete 
| 235|0x00000000eeb00000, 0x00000000eec00000, 0x00000000eec00000|100%| E|CS|TAMS 0x00000000eeb00000| PB 0x00000000eeb00000| Complete 
| 236|0x00000000eec00000, 0x00000000eed00000, 0x00000000eed00000|100%| E|CS|TAMS 0x00000000eec00000| PB 0x00000000eec00000| Complete 
| 237|0x00000000eed00000, 0x00000000eee00000, 0x00000000eee00000|100%| E|CS|TAMS 0x00000000eed00000| PB 0x00000000eed00000| Complete 
| 238|0x00000000eee00000, 0x00000000eef00000, 0x00000000eef00000|100%| E|CS|TAMS 0x00000000eee00000| PB 0x00000000eee00000| Complete 
| 239|0x00000000eef00000, 0x00000000ef000000, 0x00000000ef000000|100%| E|CS|TAMS 0x00000000eef00000| PB 0x00000000eef00000| Complete 
| 240|0x00000000ef000000, 0x00000000ef100000, 0x00000000ef100000|100%| E|CS|TAMS 0x00000000ef000000| PB 0x00000000ef000000| Complete 
| 241|0x00000000ef100000, 0x00000000ef200000, 0x00000000ef200000|100%| E|CS|TAMS 0x00000000ef100000| PB 0x00000000ef100000| Complete 
| 242|0x00000000ef200000, 0x00000000ef300000, 0x00000000ef300000|100%| E|CS|TAMS 0x00000000ef200000| PB 0x00000000ef200000| Complete 
| 243|0x00000000ef300000, 0x00000000ef400000, 0x00000000ef400000|100%| E|CS|TAMS 0x00000000ef300000| PB 0x00000000ef300000| Complete 
| 244|0x00000000ef400000, 0x00000000ef500000, 0x00000000ef500000|100%| E|CS|TAMS 0x00000000ef400000| PB 0x00000000ef400000| Complete 
| 245|0x00000000ef500000, 0x00000000ef600000, 0x00000000ef600000|100%| E|CS|TAMS 0x00000000ef500000| PB 0x00000000ef500000| Complete 
| 246|0x00000000ef600000, 0x00000000ef700000, 0x00000000ef700000|100%| E|CS|TAMS 0x00000000ef600000| PB 0x00000000ef600000| Complete 
| 247|0x00000000ef700000, 0x00000000ef800000, 0x00000000ef800000|100%| E|CS|TAMS 0x00000000ef700000| PB 0x00000000ef700000| Complete 
| 248|0x00000000ef800000, 0x00000000ef900000, 0x00000000ef900000|100%| E|CS|TAMS 0x00000000ef800000| PB 0x00000000ef800000| Complete 
| 249|0x00000000ef900000, 0x00000000efa00000, 0x00000000efa00000|100%| E|CS|TAMS 0x00000000ef900000| PB 0x00000000ef900000| Complete 
| 250|0x00000000efa00000, 0x00000000efb00000, 0x00000000efb00000|100%| E|CS|TAMS 0x00000000efa00000| PB 0x00000000efa00000| Complete 
| 251|0x00000000efb00000, 0x00000000efc00000, 0x00000000efc00000|100%| E|CS|TAMS 0x00000000efb00000| PB 0x00000000efb00000| Complete 
| 252|0x00000000efc00000, 0x00000000efd00000, 0x00000000efd00000|100%| E|CS|TAMS 0x00000000efc00000| PB 0x00000000efc00000| Complete 
| 253|0x00000000efd00000, 0x00000000efe00000, 0x00000000efe00000|100%| E|CS|TAMS 0x00000000efd00000| PB 0x00000000efd00000| Complete 
| 254|0x00000000efe00000, 0x00000000eff00000, 0x00000000eff00000|100%| E|CS|TAMS 0x00000000efe00000| PB 0x00000000efe00000| Complete 
| 255|0x00000000eff00000, 0x00000000f0000000, 0x00000000f0000000|100%| E|CS|TAMS 0x00000000eff00000| PB 0x00000000eff00000| Complete 

Card table byte_map: [0x000001f1b1820000,0x000001f1b1920000] _byte_map_base: 0x000001f1b1120000

Marking Bits: (CMBitMap*) 0x000001f19f21b330
 Bits: [0x000001f1b1920000, 0x000001f1b2120000)

Polling page: 0x000001f19d440000

Metaspace:

Usage:
  Non-class:     24.99 MB used.
      Class:      4.46 MB used.
       Both:     29.45 MB used.

Virtual space:
  Non-class space:       64.00 MB reserved,      25.56 MB ( 40%) committed,  1 nodes.
      Class space:      208.00 MB reserved,       5.00 MB (  2%) committed,  1 nodes.
             Both:      272.00 MB reserved,      30.56 MB ( 11%) committed. 

Chunk freelists:
   Non-Class:  5.70 MB
       Class:  10.81 MB
        Both:  16.52 MB

MaxMetaspaceSize: 256.00 MB
CompressedClassSpaceSize: 208.00 MB
Initial GC threshold: 21.00 MB
Current GC threshold: 35.12 MB
CDS: on
 - commit_granule_bytes: 65536.
 - commit_granule_words: 8192.
 - virtual_space_node_default_size: 8388608.
 - enlarge_chunks_in_place: 1.
 - use_allocation_guard: 0.


Internal statistics:

num_allocs_failed_limit: 3.
num_arena_births: 1874.
num_arena_deaths: 0.
num_vsnodes_births: 2.
num_vsnodes_deaths: 0.
num_space_committed: 489.
num_space_uncommitted: 0.
num_chunks_returned_to_freelist: 3.
num_chunks_taken_from_freelist: 3253.
num_chunk_merges: 3.
num_chunk_splits: 2106.
num_chunks_enlarged: 1282.
num_inconsistent_stats: 0.

CodeHeap 'non-profiled nmethods': size=120000Kb used=2267Kb max_used=2267Kb free=117732Kb
 bounds [0x000001f1a9ec0000, 0x000001f1aa130000, 0x000001f1b13f0000]
CodeHeap 'profiled nmethods': size=120000Kb used=7522Kb max_used=7522Kb free=112477Kb
 bounds [0x000001f1a23f0000, 0x000001f1a2b50000, 0x000001f1a9920000]
CodeHeap 'non-nmethods': size=5760Kb used=1800Kb max_used=1850Kb free=3959Kb
 bounds [0x000001f1a9920000, 0x000001f1a9b90000, 0x000001f1a9ec0000]
CodeCache: size=245760Kb, used=11589Kb, max_used=11639Kb, free=234168Kb
 total_blobs=4495, nmethods=3818, adapters=580, full_count=0
Compilation: enabled, stopped_count=0, restarted_count=0

Compilation events (20 events):
Event: 13.215 Thread 0x000001f1cb87f7e0 nmethod 3746 0x000001f1aa0e0610 code [0x000001f1aa0e0bc0, 0x000001f1aa0e4d58]
Event: 13.215 Thread 0x000001f1cb7739e0 nmethod 3771 0x000001f1aa0e7210 code [0x000001f1aa0e73a0, 0x000001f1aa0e7448]
Event: 13.217 Thread 0x000001f1cb7739e0 3793       4       java.util.HashMap$HashMapSpliterator::getFence (53 bytes)
Event: 13.218 Thread 0x000001f1cb7739e0 nmethod 3793 0x000001f1aa0e7510 code [0x000001f1aa0e76a0, 0x000001f1aa0e7778]
Event: 13.218 Thread 0x000001f1cb87f7e0 3794       4       java.util.HashMap$KeySpliterator::characteristics (30 bytes)
Event: 13.218 Thread 0x000001f1cb7739e0 3752       4       java.util.stream.Sink$ChainedReference::cancellationRequested (10 bytes)
Event: 13.220 Thread 0x000001f1cb87f7e0 nmethod 3794 0x000001f1aa0e7890 code [0x000001f1aa0e7a20, 0x000001f1aa0e7ad0]
Event: 13.220 Thread 0x000001f1cb7739e0 nmethod 3752 0x000001f1aa0e7b90 code [0x000001f1aa0e7d20, 0x000001f1aa0e7dd0]
Event: 13.220 Thread 0x000001f1cb87f7e0 3755       4       jdk.internal.jrtfs.JrtPath::getResolvedPath (39 bytes)
Event: 13.229 Thread 0x000001f1cb7739e0 3814       4       jdk.internal.loader.URLClassPath::getResource (74 bytes)
Event: 13.241 Thread 0x000001f1cb7739e0 nmethod 3814 0x000001f1aa0e7e90 code [0x000001f1aa0e80c0, 0x000001f1aa0e85e0]
Event: 13.254 Thread 0x000001f1cb87f7e0 nmethod 3755 0x000001f1aa0e8b10 code [0x000001f1aa0e8da0, 0x000001f1aa0e9f48]
Event: 13.281 Thread 0x000001f1cb87f7e0 3815       4       java.net.URLStreamHandler::toExternalForm (156 bytes)
Event: 13.287 Thread 0x000001f1b4bb2d30 nmethod 3751 0x000001f1aa0ea990 code [0x000001f1aa0eaec0, 0x000001f1aa0f0620]
Event: 13.303 Thread 0x000001f1cb7739e0 3816   !   4       java.net.URLClassLoader::findClass (47 bytes)
Event: 13.306 Thread 0x000001f1b4bb2d30 3817       4       java.net.URLClassLoader$1::run (5 bytes)
Event: 13.342 Thread 0x000001f1cb87f7e0 nmethod 3815 0x000001f1aa0f4190 code [0x000001f1aa0f44c0, 0x000001f1aa0f5c30]
Event: 13.342 Thread 0x000001f1cb87f7e0 3818   !   4       java.net.URLClassLoader$1::run (81 bytes)
Event: 13.630 Thread 0x000001f1b4bb37d0 3820       3       java.lang.Short::<init> (10 bytes)
Event: 13.630 Thread 0x000001f1b4bb37d0 nmethod 3820 0x000001f1a2b47f90 code [0x000001f1a2b48140, 0x000001f1a2b48308]

GC Heap History (6 events):
Event: 2.356 GC heap before
{Heap before GC invocations=0 (full 0):
 garbage-first heap   total 262144K, used 28672K [0x00000000e0000000, 0x0000000100000000)
  region size 1024K, 23 young (23552K), 0 survivors (0K)
 Metaspace       used 3080K, committed 3264K, reserved 278528K
  class space    used 396K, committed 448K, reserved 212992K
}
Event: 2.363 GC heap after
{Heap after GC invocations=1 (full 0):
 garbage-first heap   total 262144K, used 9635K [0x00000000e0000000, 0x0000000100000000)
  region size 1024K, 3 young (3072K), 3 survivors (3072K)
 Metaspace       used 3080K, committed 3264K, reserved 278528K
  class space    used 396K, committed 448K, reserved 212992K
}
Event: 3.633 GC heap before
{Heap before GC invocations=1 (full 0):
 garbage-first heap   total 262144K, used 39331K [0x00000000e0000000, 0x0000000100000000)
  region size 1024K, 32 young (32768K), 3 survivors (3072K)
 Metaspace       used 4012K, committed 4160K, reserved 278528K
  class space    used 493K, committed 576K, reserved 212992K
}
Event: 3.636 GC heap after
{Heap after GC invocations=2 (full 0):
 garbage-first heap   total 262144K, used 13649K [0x00000000e0000000, 0x0000000100000000)
  region size 1024K, 4 young (4096K), 4 survivors (4096K)
 Metaspace       used 4012K, committed 4160K, reserved 278528K
  class space    used 493K, committed 576K, reserved 212992K
}
Event: 9.948 GC heap before
{Heap before GC invocations=2 (full 0):
 garbage-first heap   total 262144K, used 102737K [0x00000000e0000000, 0x0000000100000000)
  region size 1024K, 92 young (94208K), 4 survivors (4096K)
 Metaspace       used 20801K, committed 21504K, reserved 278528K
  class space    used 3133K, committed 3456K, reserved 212992K
}
Event: 9.966 GC heap after
{Heap after GC invocations=3 (full 0):
 garbage-first heap   total 262144K, used 21442K [0x00000000e0000000, 0x0000000100000000)
  region size 1024K, 12 young (12288K), 12 survivors (12288K)
 Metaspace       used 20801K, committed 21504K, reserved 278528K
  class space    used 3133K, committed 3456K, reserved 212992K
}

Dll operation events (13 events):
Event: 0.062 Loaded shared library C:\Users\Vauras\.vscode\extensions\redhat.java-1.55.0-win32-x64\jre\21.0.11-win32-x86_64\bin\java.dll
Event: 0.315 Loaded shared library C:\Users\Vauras\.vscode\extensions\redhat.java-1.55.0-win32-x64\jre\21.0.11-win32-x86_64\bin\zip.dll
Event: 0.340 Loaded shared library C:\Users\Vauras\.vscode\extensions\redhat.java-1.55.0-win32-x64\jre\21.0.11-win32-x86_64\bin\net.dll
Event: 0.349 Loaded shared library C:\Users\Vauras\.vscode\extensions\redhat.java-1.55.0-win32-x64\jre\21.0.11-win32-x86_64\bin\nio.dll
Event: 0.364 Loaded shared library C:\Users\Vauras\.vscode\extensions\redhat.java-1.55.0-win32-x64\jre\21.0.11-win32-x86_64\bin\zip.dll
Event: 1.006 Loaded shared library C:\Users\Vauras\.vscode\extensions\redhat.java-1.55.0-win32-x64\jre\21.0.11-win32-x86_64\bin\jimage.dll
Event: 1.218 Loaded shared library C:\Users\Vauras\.vscode\extensions\redhat.java-1.55.0-win32-x64\jre\21.0.11-win32-x86_64\bin\verify.dll
Event: 1.709 Loaded shared library C:\Users\Vauras\.gradle\native\e1d6ef7f7dcc3fd88c89a11ec53ec762bb8ba0a96d01ffa2cd45eb1d1d8dd5c5\windows-amd64\native-platform.dll
Event: 1.965 Loaded shared library C:\Users\Vauras\.gradle\native\0d407fdbe67a94daf76414ababcb853783967236a71b16ec16e742cd7a986fd3\windows-amd64\native-platform-file-events.dll
Event: 4.050 Loaded shared library C:\Users\Vauras\.vscode\extensions\redhat.java-1.55.0-win32-x64\jre\21.0.11-win32-x86_64\bin\management.dll
Event: 4.054 Loaded shared library C:\Users\Vauras\.vscode\extensions\redhat.java-1.55.0-win32-x64\jre\21.0.11-win32-x86_64\bin\management_ext.dll
Event: 4.467 Loaded shared library C:\Users\Vauras\.vscode\extensions\redhat.java-1.55.0-win32-x64\jre\21.0.11-win32-x86_64\bin\extnet.dll
Event: 5.067 Loaded shared library C:\Users\Vauras\.vscode\extensions\redhat.java-1.55.0-win32-x64\jre\21.0.11-win32-x86_64\bin\sunmscapi.dll

Deoptimization events (20 events):
Event: 12.727 Thread 0x000001f1c8564d90 DEOPT PACKING pc=0x000001f1aa0a5778 sp=0x000000a7464f87a0
Event: 12.727 Thread 0x000001f1c8564d90 DEOPT UNPACKING pc=0x000001f1a9974422 sp=0x000000a7464f8738 mode 2
Event: 12.741 Thread 0x000001f1c8564d90 Uncommon trap: trap_request=0xffffff45 fr.pc=0x000001f1a9fb8818 relative=0x00000000000000f8
Event: 12.741 Thread 0x000001f1c8564d90 Uncommon trap: reason=unstable_if action=reinterpret pc=0x000001f1a9fb8818 method=java.lang.ClassLoader.getClassLoadingLock(Ljava/lang/String;)Ljava/lang/Object; @ 6 c2
Event: 12.741 Thread 0x000001f1c8564d90 DEOPT PACKING pc=0x000001f1a9fb8818 sp=0x000000a7464f8dc0
Event: 12.741 Thread 0x000001f1c8564d90 DEOPT UNPACKING pc=0x000001f1a9974422 sp=0x000000a7464f8d40 mode 2
Event: 12.746 Thread 0x000001f1c8564d90 Uncommon trap: trap_request=0xffffff6e fr.pc=0x000001f1aa041684 relative=0x0000000000000724
Event: 12.746 Thread 0x000001f1c8564d90 Uncommon trap: reason=loop_limit_check action=maybe_recompile pc=0x000001f1aa041684 method=java.util.regex.Pattern$Start.match(Ljava/util/regex/Matcher;ILjava/lang/CharSequence;)Z @ 34 c2
Event: 12.746 Thread 0x000001f1c8564d90 DEOPT PACKING pc=0x000001f1aa041684 sp=0x000000a7464f8b60
Event: 12.746 Thread 0x000001f1c8564d90 DEOPT UNPACKING pc=0x000001f1a9974422 sp=0x000000a7464f8ac0 mode 2
Event: 12.852 Thread 0x000001f1c8564d90 DEOPT PACKING pc=0x000001f1a2b04240 sp=0x000000a7464f88c0
Event: 12.852 Thread 0x000001f1c8564d90 DEOPT UNPACKING pc=0x000001f1a9974bc2 sp=0x000000a7464f7db0 mode 0
Event: 13.133 Thread 0x000001f1c801f840 Uncommon trap: trap_request=0xffffffde fr.pc=0x000001f1aa0c411c relative=0x000000000000047c
Event: 13.133 Thread 0x000001f1c801f840 Uncommon trap: reason=class_check action=maybe_recompile pc=0x000001f1aa0c411c method=java.util.stream.ReferencePipeline.forEachWithCancel(Ljava/util/Spliterator;Ljava/util/stream/Sink;)Z @ 1 c2
Event: 13.133 Thread 0x000001f1c801f840 DEOPT PACKING pc=0x000001f1aa0c411c sp=0x000000a745efef40
Event: 13.133 Thread 0x000001f1c801f840 DEOPT UNPACKING pc=0x000001f1a9974422 sp=0x000000a745efeee0 mode 2
Event: 14.134 Thread 0x000001f1c801f840 Uncommon trap: trap_request=0xffffffde fr.pc=0x000001f1aa0c411c relative=0x000000000000047c
Event: 14.656 Thread 0x000001f1c801f840 Uncommon trap: reason=class_check action=maybe_recompile pc=0x000001f1aa0c411c method=java.util.stream.ReferencePipeline.forEachWithCancel(Ljava/util/Spliterator;Ljava/util/stream/Sink;)Z @ 1 c2
Event: 14.656 Thread 0x000001f1c801f840 DEOPT PACKING pc=0x000001f1aa0c411c sp=0x000000a745efef40
Event: 14.656 Thread 0x000001f1c801f840 DEOPT UNPACKING pc=0x000001f1a9974422 sp=0x000000a745efeee0 mode 2

Classes loaded (20 events):
Event: 12.756 Loading class java/nio/ByteBufferAsIntBufferL
Event: 12.757 Loading class java/nio/ByteBufferAsIntBufferL done
Event: 12.758 Loading class jdk/internal/jrtfs/JrtFileAttributes
Event: 12.759 Loading class jdk/internal/jrtfs/JrtFileAttributes done
Event: 12.759 Loading class jdk/internal/jrtfs/JrtDirectoryStream
Event: 12.759 Loading class jdk/internal/jrtfs/JrtDirectoryStream done
Event: 12.760 Loading class jdk/internal/jrtfs/JrtDirectoryStream$1
Event: 12.760 Loading class jdk/internal/jrtfs/JrtDirectoryStream$1 done
Event: 12.761 Loading class java/util/function/BooleanSupplier
Event: 12.762 Loading class java/util/function/BooleanSupplier done
Event: 12.763 Loading class jdk/internal/jimage/ImageReader$Resource
Event: 12.764 Loading class jdk/internal/jimage/ImageReader$Resource done
Event: 13.011 Loading class java/util/WeakHashMap$KeyIterator
Event: 13.023 Loading class java/util/WeakHashMap$HashIterator
Event: 13.025 Loading class java/util/WeakHashMap$HashIterator done
Event: 13.025 Loading class java/util/WeakHashMap$KeyIterator done
Event: 13.630 Loading class java/lang/Short$ShortCache
Event: 13.630 Loading class java/lang/Short$ShortCache done
Event: 13.630 Loading class java/lang/Byte$ByteCache
Event: 13.645 Loading class java/lang/Byte$ByteCache done

Classes unloaded (0 events):
No events

Classes redefined (0 events):
No events

Internal exceptions (20 events):
Event: 11.601 Thread 0x000001f1c8564d90 Exception <a 'java/lang/NoSuchMethodError'{0x00000000ee58e510}: 'java.lang.Object java.lang.invoke.DirectMethodHandle$Holder.invokeSpecial(java.lang.Object, java.lang.Object, java.lang.Object, java.lang.Object, java.lang.Object, java.lang.Object, java.lang.Object, java.lang.Object, java.lang.Object, java.lang.Object, java.lang.Object, java.lang.Object, java.lang.Object, java.lang.Object, java.lang.Object, java.lang.Object, java.lang.Object, java.lang.Object, java.lang.Object, java.lang.Object, java.lang.Ob
Event: 11.602 Thread 0x000001f1c8564d90 Exception <a 'java/lang/NoSuchMethodError'{0x00000000ee593eb0}: 'java.lang.Object java.lang.invoke.DelegatingMethodHandle$Holder.reinvoke_L(java.lang.Object, java.lang.Object, java.lang.Object, java.lang.Object, java.lang.Object, java.lang.Object, java.lang.Object, java.lang.Object, java.lang.Object, java.lang.Object, java.lang.Object, java.lang.Object, java.lang.Object, java.lang.Object, java.lang.Object, java.lang.Object, java.lang.Object, java.lang.Object, java.lang.Object, java.lang.Object, java.lang.O
Event: 11.640 Thread 0x000001f1c8564d90 Exception <a 'java/lang/NoSuchMethodError'{0x00000000ee499d68}: 'java.lang.Object java.lang.invoke.DirectMethodHandle$Holder.newInvokeSpecial(java.lang.Object, java.lang.Object, java.lang.Object, java.lang.Object, java.lang.Object, java.lang.Object, java.lang.Object, java.lang.Object, java.lang.Object, java.lang.Object, java.lang.Object, java.lang.Object, java.lang.Object, java.lang.Object, java.lang.Object, java.lang.Object)'> (0x00000000ee499d68) 
thrown [s\src\hotspot\share\interpreter\linkResolver.cpp,
Event: 11.641 Thread 0x000001f1c8564d90 Exception <a 'java/lang/NoSuchMethodError'{0x00000000ee49ffd8}: 'java.lang.Object java.lang.invoke.DirectMethodHandle$Holder.invokeSpecial(java.lang.Object, java.lang.Object, java.lang.Object, java.lang.Object, java.lang.Object, java.lang.Object, java.lang.Object, java.lang.Object, java.lang.Object, java.lang.Object, java.lang.Object, java.lang.Object, java.lang.Object, java.lang.Object, java.lang.Object, java.lang.Object, java.lang.Object)'> (0x00000000ee49ffd8) 
thrown [s\src\hotspot\share\interpreter\li
Event: 11.642 Thread 0x000001f1c8564d90 Exception <a 'java/lang/NoSuchMethodError'{0x00000000ee4a5168}: 'java.lang.Object java.lang.invoke.DelegatingMethodHandle$Holder.reinvoke_L(java.lang.Object, java.lang.Object, java.lang.Object, java.lang.Object, java.lang.Object, java.lang.Object, java.lang.Object, java.lang.Object, java.lang.Object, java.lang.Object, java.lang.Object, java.lang.Object, java.lang.Object, java.lang.Object, java.lang.Object, java.lang.Object)'> (0x00000000ee4a5168) 
thrown [s\src\hotspot\share\interpreter\linkResolver.cpp, l
Event: 11.715 Thread 0x000001f1c8564d90 Exception <a 'java/lang/NoSuchMethodError'{0x00000000ee2c6db0}: 'java.lang.Object java.lang.invoke.DirectMethodHandle$Holder.newInvokeSpecial(java.lang.Object, java.lang.Object, java.lang.Object, java.lang.Object, java.lang.Object, java.lang.Object, java.lang.Object, java.lang.Object, java.lang.Object, java.lang.Object, java.lang.Object, java.lang.Object, java.lang.Object, java.lang.Object)'> (0x00000000ee2c6db0) 
thrown [s\src\hotspot\share\interpreter\linkResolver.cpp, line 773]
Event: 11.716 Thread 0x000001f1c8564d90 Exception <a 'java/lang/NoSuchMethodError'{0x00000000ee2cc9f0}: 'java.lang.Object java.lang.invoke.DirectMethodHandle$Holder.invokeSpecial(java.lang.Object, java.lang.Object, java.lang.Object, java.lang.Object, java.lang.Object, java.lang.Object, java.lang.Object, java.lang.Object, java.lang.Object, java.lang.Object, java.lang.Object, java.lang.Object, java.lang.Object, java.lang.Object, java.lang.Object)'> (0x00000000ee2cc9f0) 
thrown [s\src\hotspot\share\interpreter\linkResolver.cpp, line 773]
Event: 11.717 Thread 0x000001f1c8564d90 Exception <a 'java/lang/NoSuchMethodError'{0x00000000ee2d18a0}: 'java.lang.Object java.lang.invoke.DelegatingMethodHandle$Holder.reinvoke_L(java.lang.Object, java.lang.Object, java.lang.Object, java.lang.Object, java.lang.Object, java.lang.Object, java.lang.Object, java.lang.Object, java.lang.Object, java.lang.Object, java.lang.Object, java.lang.Object, java.lang.Object, java.lang.Object)'> (0x00000000ee2d18a0) 
thrown [s\src\hotspot\share\interpreter\linkResolver.cpp, line 773]
Event: 11.925 Thread 0x000001f1c8564d90 Exception <a 'java/lang/NoSuchMethodError'{0x00000000edfeb3f8}: 'java.lang.Object java.lang.invoke.DirectMethodHandle$Holder.newInvokeSpecial(java.lang.Object, java.lang.Object, long)'> (0x00000000edfeb3f8) 
thrown [s\src\hotspot\share\interpreter\linkResolver.cpp, line 773]
Event: 11.927 Thread 0x000001f1c8564d90 Exception <a 'java/lang/NoSuchMethodError'{0x00000000edfef730}: 'java.lang.Object java.lang.invoke.Invokers$Holder.linkToTargetMethod(java.lang.Object, long, java.lang.Object)'> (0x00000000edfef730) 
thrown [s\src\hotspot\share\interpreter\linkResolver.cpp, line 773]
Event: 12.001 Thread 0x000001f1c8564d90 Exception <a 'java/lang/NoSuchMethodError'{0x00000000edea8218}: 'int java.lang.invoke.DirectMethodHandle$Holder.invokeInterface(java.lang.Object, java.lang.Object)'> (0x00000000edea8218) 
thrown [s\src\hotspot\share\interpreter\linkResolver.cpp, line 773]
Event: 12.009 Thread 0x000001f1c8564d90 Exception <a 'java/lang/NoSuchMethodError'{0x00000000edec8998}: 'java.lang.Object java.lang.invoke.DirectMethodHandle$Holder.invokeStatic(java.lang.Object, java.lang.Object, int, java.lang.Object)'> (0x00000000edec8998) 
thrown [s\src\hotspot\share\interpreter\linkResolver.cpp, line 773]
Event: 12.011 Thread 0x000001f1c8564d90 Exception <a 'java/lang/NoSuchMethodError'{0x00000000edecfb08}: 'java.lang.Object java.lang.invoke.DirectMethodHandle$Holder.newInvokeSpecial(java.lang.Object, java.lang.Object, int, java.lang.Object)'> (0x00000000edecfb08) 
thrown [s\src\hotspot\share\interpreter\linkResolver.cpp, line 773]
Event: 12.012 Thread 0x000001f1c8564d90 Exception <a 'java/lang/NoSuchMethodError'{0x00000000eded4198}: 'java.lang.Object java.lang.invoke.DirectMethodHandle$Holder.invokeSpecial(java.lang.Object, java.lang.Object, java.lang.Object, int, java.lang.Object)'> (0x00000000eded4198) 
thrown [s\src\hotspot\share\interpreter\linkResolver.cpp, line 773]
Event: 12.354 Thread 0x000001f1c8564d90 Exception <a 'java/lang/NoSuchMethodError'{0x00000000ed661d28}: 'void java.lang.invoke.DirectMethodHandle$Holder.invokeStaticInit(java.lang.Object, java.lang.Object, java.lang.Object)'> (0x00000000ed661d28) 
thrown [s\src\hotspot\share\interpreter\linkResolver.cpp, line 773]
Event: 12.355 Thread 0x000001f1c8564d90 Exception <a 'java/lang/NoSuchMethodError'{0x00000000ed6688b0}: 'void java.lang.invoke.DirectMethodHandle$Holder.invokeStaticInit(java.lang.Object, java.lang.Object, java.lang.Object, java.lang.Object)'> (0x00000000ed6688b0) 
thrown [s\src\hotspot\share\interpreter\linkResolver.cpp, line 773]
Event: 12.360 Thread 0x000001f1c8564d90 Exception <a 'java/lang/NoSuchMethodError'{0x00000000ed68a888}: 'void java.lang.invoke.DirectMethodHandle$Holder.invokeStaticInit(java.lang.Object, java.lang.Object, java.lang.Object, java.lang.Object, java.lang.Object)'> (0x00000000ed68a888) 
thrown [s\src\hotspot\share\interpreter\linkResolver.cpp, line 773]
Event: 13.063 Thread 0x000001f1c8564d90 Exception <a 'java/lang/NoSuchMethodError'{0x00000000ebd0fac0}: 'void java.lang.invoke.DirectMethodHandle$Holder.invokeVirtual(java.lang.Object, java.lang.Object)'> (0x00000000ebd0fac0) 
thrown [s\src\hotspot\share\interpreter\linkResolver.cpp, line 773]
Event: 13.132 Thread 0x000001f1c8564d90 Exception <a 'java/lang/NoSuchMethodError'{0x00000000ebd51130}: 'void java.lang.invoke.DirectMethodHandle$Holder.invokeStatic(java.lang.Object, java.lang.Object, java.lang.Object, java.lang.Object, java.lang.Object, java.lang.Object)'> (0x00000000ebd51130) 
thrown [s\src\hotspot\share\interpreter\linkResolver.cpp, line 773]
Event: 13.172 Thread 0x000001f1c8564d90 Exception <a 'java/lang/NoSuchMethodError'{0x00000000ebd76f58}: 'void java.lang.invoke.Invokers$Holder.invokeExact_MT(java.lang.Object, java.lang.Object, java.lang.Object, java.lang.Object)'> (0x00000000ebd76f58) 
thrown [s\src\hotspot\share\interpreter\linkResolver.cpp, line 773]

ZGC Phase Switch (0 events):
No events

VM Operations (20 events):
Event: 11.559 Executing non-safepoint VM operation: HandshakeAllThreads (Deoptimize)
Event: 11.559 Executing non-safepoint VM operation: HandshakeAllThreads (Deoptimize) done
Event: 12.055 Executing non-safepoint VM operation: HandshakeAllThreads (Deoptimize)
Event: 12.055 Executing non-safepoint VM operation: HandshakeAllThreads (Deoptimize) done
Event: 12.058 Executing non-safepoint VM operation: HandshakeAllThreads (Deoptimize)
Event: 12.058 Executing non-safepoint VM operation: HandshakeAllThreads (Deoptimize) done
Event: 12.541 Executing non-safepoint VM operation: HandshakeAllThreads (Deoptimize)
Event: 12.541 Executing non-safepoint VM operation: HandshakeAllThreads (Deoptimize) done
Event: 12.551 Executing non-safepoint VM operation: HandshakeAllThreads (Deoptimize)
Event: 12.551 Executing non-safepoint VM operation: HandshakeAllThreads (Deoptimize) done
Event: 12.551 Executing safepoint VM operation: Cleanup
Event: 12.551 Executing safepoint VM operation: Cleanup done
Event: 12.552 Executing non-safepoint VM operation: HandshakeAllThreads (Deoptimize)
Event: 12.552 Executing non-safepoint VM operation: HandshakeAllThreads (Deoptimize) done
Event: 12.564 Executing non-safepoint VM operation: HandshakeAllThreads (Deoptimize)
Event: 12.564 Executing non-safepoint VM operation: HandshakeAllThreads (Deoptimize) done
Event: 12.758 Executing non-safepoint VM operation: HandshakeAllThreads (Deoptimize)
Event: 12.758 Executing non-safepoint VM operation: HandshakeAllThreads (Deoptimize) done
Event: 13.767 Executing safepoint VM operation: Cleanup
Event: 13.767 Executing safepoint VM operation: Cleanup done

Memory protections (0 events):
No events

Nmethod flushes (0 events):
No events

Events (20 events):
Event: 5.838 Thread 0x000001f1c8564d90 Thread added: 0x000001f1c8564700
Event: 6.017 Thread 0x000001f1c8564700 Thread added: 0x000001f1c8566e60
Event: 6.400 Thread 0x000001f1b4bb37d0 Thread added: 0x000001f1b4f989b0
Event: 6.630 Thread 0x000001f1c8564d90 Thread added: 0x000001f1c85674f0
Event: 8.122 Thread 0x000001f1b4f989b0 Thread exited: 0x000001f1b4f989b0
Event: 9.288 Thread 0x000001f1c8564d90 Thread added: 0x000001f1cb08f3d0
Event: 9.305 Thread 0x000001f1c8564d90 Thread added: 0x000001f1cb08d300
Event: 9.824 Thread 0x000001f1b4bb37d0 Thread added: 0x000001f1cb646000
Event: 9.895 Thread 0x000001f1c8564d90 Thread added: 0x000001f1cb08e6b0
Event: 10.063 Thread 0x000001f1c8564d90 Thread added: 0x000001f1cb08e020
Event: 10.228 Thread 0x000001f1c8564d90 Thread added: 0x000001f1cb08fa60
Event: 10.827 Thread 0x000001f1c8564d90 Thread added: 0x000001f1cb08d990
Event: 10.988 Thread 0x000001f1c8564d90 Thread added: 0x000001f1cb08cc70
Event: 11.148 Thread 0x000001f1cb646000 Thread exited: 0x000001f1cb646000
Event: 11.466 Thread 0x000001f1c8564d90 Thread added: 0x000001f1cb0900f0
Event: 12.014 Thread 0x000001f1c8564d90 Thread added: 0x000001f1cb093c00
Event: 12.078 Thread 0x000001f1b4bb37d0 Thread added: 0x000001f1cb21d330
Event: 12.215 Thread 0x000001f1cb21d330 Thread exited: 0x000001f1cb21d330
Event: 12.373 Thread 0x000001f1b4bb37d0 Thread added: 0x000001f1cb87f7e0
Event: 12.379 Thread 0x000001f1cb87f7e0 Thread added: 0x000001f1cb7739e0


Dynamic libraries:
0x00007ff75f980000 - 0x00007ff75f98e000 	C:\Users\Vauras\.vscode\extensions\redhat.java-1.55.0-win32-x64\jre\21.0.11-win32-x86_64\bin\java.exe
0x00007ffa3cd80000 - 0x00007ffa3cfe6000 	C:\Windows\SYSTEM32\ntdll.dll
0x00007ffa3b950000 - 0x00007ffa3ba19000 	C:\Windows\System32\KERNEL32.DLL
0x00007ffa3a1f0000 - 0x00007ffa3a5ea000 	C:\Windows\System32\KERNELBASE.dll
0x00007ffa3a5f0000 - 0x00007ffa3a73c000 	C:\Windows\System32\ucrtbase.dll
0x00007ffa0dbd0000 - 0x00007ffa0dbe8000 	C:\Users\Vauras\.vscode\extensions\redhat.java-1.55.0-win32-x64\jre\21.0.11-win32-x86_64\bin\jli.dll
0x00007ffa0dbb0000 - 0x00007ffa0dbce000 	C:\Users\Vauras\.vscode\extensions\redhat.java-1.55.0-win32-x64\jre\21.0.11-win32-x86_64\bin\VCRUNTIME140.dll
0x00007ffa3cb30000 - 0x00007ffa3ccf7000 	C:\Windows\System32\USER32.dll
0x00007ffa3a740000 - 0x00007ffa3a767000 	C:\Windows\System32\win32u.dll
0x00007ffa3c5d0000 - 0x00007ffa3c5fb000 	C:\Windows\System32\GDI32.dll
0x00007ffa3a0c0000 - 0x00007ffa3a1eb000 	C:\Windows\System32\gdi32full.dll
0x00007ffa23030000 - 0x00007ffa232c2000 	C:\Windows\WinSxS\amd64_microsoft.windows.common-controls_6595b64144ccf1df_6.0.26100.8521_none_3e08b75ce33403b3\COMCTL32.dll
0x00007ffa3a010000 - 0x00007ffa3a0b3000 	C:\Windows\System32\msvcp_win.dll
0x00007ffa3c8a0000 - 0x00007ffa3c949000 	C:\Windows\System32\msvcrt.dll
0x00007ffa3cd00000 - 0x00007ffa3cd32000 	C:\Windows\System32\IMM32.DLL
0x00007ffa2d770000 - 0x00007ffa2d77c000 	C:\Users\Vauras\.vscode\extensions\redhat.java-1.55.0-win32-x64\jre\21.0.11-win32-x86_64\bin\vcruntime140_1.dll
0x00007ffa07360000 - 0x00007ffa073ed000 	C:\Users\Vauras\.vscode\extensions\redhat.java-1.55.0-win32-x64\jre\21.0.11-win32-x86_64\bin\msvcp140.dll
0x00007ff9d6840000 - 0x00007ff9d75e2000 	C:\Users\Vauras\.vscode\extensions\redhat.java-1.55.0-win32-x64\jre\21.0.11-win32-x86_64\bin\server\jvm.dll
0x00007ffa3c270000 - 0x00007ffa3c326000 	C:\Windows\System32\ADVAPI32.dll
0x00007ffa3c1b0000 - 0x00007ffa3c25a000 	C:\Windows\System32\sechost.dll
0x00007ffa3ba20000 - 0x00007ffa3bb38000 	C:\Windows\System32\RPCRT4.dll
0x00007ffa3b7d0000 - 0x00007ffa3b850000 	C:\Windows\System32\WS2_32.dll
0x00007ffa30330000 - 0x00007ffa30366000 	C:\Windows\SYSTEM32\WINMM.dll
0x00007ffa2bdc0000 - 0x00007ffa2bdcb000 	C:\Windows\SYSTEM32\VERSION.dll
0x00007ffa39e70000 - 0x00007ffa39ece000 	C:\Windows\SYSTEM32\POWRPROF.dll
0x00007ffa39e50000 - 0x00007ffa39e64000 	C:\Windows\SYSTEM32\UMPDC.dll
0x00007ffa38d60000 - 0x00007ffa38d7b000 	C:\Windows\SYSTEM32\kernel.appcore.dll
0x00007ffa2d4f0000 - 0x00007ffa2d4fa000 	C:\Users\Vauras\.vscode\extensions\redhat.java-1.55.0-win32-x64\jre\21.0.11-win32-x86_64\bin\jimage.dll
0x00007ffa2a800000 - 0x00007ffa2aa42000 	C:\Windows\SYSTEM32\DBGHELP.DLL
0x00007ffa3bd20000 - 0x00007ffa3c0a3000 	C:\Windows\System32\combase.dll
0x00007ffa3c4f0000 - 0x00007ffa3c5c9000 	C:\Windows\System32\OLEAUT32.dll
0x00007ffa25ef0000 - 0x00007ffa25f2b000 	C:\Windows\SYSTEM32\dbgcore.DLL
0x00007ffa3a830000 - 0x00007ffa3a8d8000 	C:\Windows\System32\bcryptPrimitives.dll
0x00007ffa08af0000 - 0x00007ffa08b10000 	C:\Users\Vauras\.vscode\extensions\redhat.java-1.55.0-win32-x64\jre\21.0.11-win32-x86_64\bin\java.dll
0x00007ffa3b020000 - 0x00007ffa3b7a4000 	C:\Windows\System32\SHELL32.dll
0x00007ffa37b50000 - 0x00007ffa383d0000 	C:\Windows\SYSTEM32\windows.storage.dll
0x00007ffa3c330000 - 0x00007ffa3c426000 	C:\Windows\System32\SHCORE.dll
0x00007ffa3c600000 - 0x00007ffa3c667000 	C:\Windows\System32\shlwapi.dll
0x00007ffa39f30000 - 0x00007ffa39f59000 	C:\Windows\SYSTEM32\profapi.dll
0x00007ffa08b20000 - 0x00007ffa08b38000 	C:\Users\Vauras\.vscode\extensions\redhat.java-1.55.0-win32-x64\jre\21.0.11-win32-x86_64\bin\zip.dll
0x00007ffa262d0000 - 0x00007ffa262e0000 	C:\Users\Vauras\.vscode\extensions\redhat.java-1.55.0-win32-x64\jre\21.0.11-win32-x86_64\bin\net.dll
0x00007ffa301d0000 - 0x00007ffa302f9000 	C:\Windows\SYSTEM32\WINHTTP.dll
0x00007ffa392b0000 - 0x00007ffa3931c000 	C:\Windows\system32\mswsock.dll
0x00007ffa08ad0000 - 0x00007ffa08ae6000 	C:\Users\Vauras\.vscode\extensions\redhat.java-1.55.0-win32-x64\jre\21.0.11-win32-x86_64\bin\nio.dll
0x00007ffa10980000 - 0x00007ffa10990000 	C:\Users\Vauras\.vscode\extensions\redhat.java-1.55.0-win32-x64\jre\21.0.11-win32-x86_64\bin\verify.dll
0x00007ffa145e0000 - 0x00007ffa14607000 	C:\Users\Vauras\.gradle\native\e1d6ef7f7dcc3fd88c89a11ec53ec762bb8ba0a96d01ffa2cd45eb1d1d8dd5c5\windows-amd64\native-platform.dll
0x00007ff9db500000 - 0x00007ff9db644000 	C:\Users\Vauras\.gradle\native\0d407fdbe67a94daf76414ababcb853783967236a71b16ec16e742cd7a986fd3\windows-amd64\native-platform-file-events.dll
0x00007ffa0f3f0000 - 0x00007ffa0f3fa000 	C:\Users\Vauras\.vscode\extensions\redhat.java-1.55.0-win32-x64\jre\21.0.11-win32-x86_64\bin\management.dll
0x00007ffa0e6f0000 - 0x00007ffa0e6fc000 	C:\Users\Vauras\.vscode\extensions\redhat.java-1.55.0-win32-x64\jre\21.0.11-win32-x86_64\bin\management_ext.dll
0x00007ffa3c260000 - 0x00007ffa3c268000 	C:\Windows\System32\PSAPI.DLL
0x00007ffa396b0000 - 0x00007ffa396cb000 	C:\Windows\SYSTEM32\CRYPTSP.dll
0x00007ffa38cc0000 - 0x00007ffa38cf9000 	C:\Windows\system32\rsaenh.dll
0x00007ffa39360000 - 0x00007ffa39393000 	C:\Windows\SYSTEM32\USERENV.dll
0x00007ffa39f00000 - 0x00007ffa39f2a000 	C:\Windows\SYSTEM32\bcrypt.dll
0x00007ffa39510000 - 0x00007ffa3951c000 	C:\Windows\SYSTEM32\CRYPTBASE.dll
0x00007ffa386f0000 - 0x00007ffa38723000 	C:\Windows\SYSTEM32\IPHLPAPI.DLL
0x00007ffa3c480000 - 0x00007ffa3c48a000 	C:\Windows\System32\NSI.dll
0x00007ffa0b700000 - 0x00007ffa0b709000 	C:\Users\Vauras\.vscode\extensions\redhat.java-1.55.0-win32-x64\jre\21.0.11-win32-x86_64\bin\extnet.dll
0x00007ffa037f0000 - 0x00007ffa037fe000 	C:\Users\Vauras\.vscode\extensions\redhat.java-1.55.0-win32-x64\jre\21.0.11-win32-x86_64\bin\sunmscapi.dll
0x00007ffa3a970000 - 0x00007ffa3aae8000 	C:\Windows\System32\CRYPT32.dll
0x00007ffa39810000 - 0x00007ffa39840000 	C:\Windows\SYSTEM32\ncrypt.dll
0x00007ffa397c0000 - 0x00007ffa397ff000 	C:\Windows\SYSTEM32\NTASN1.dll
0x00007ffa12bc0000 - 0x00007ffa12bc8000 	C:\Windows\system32\wshunix.dll

JVMTI agents: none

dbghelp: loaded successfully - version: 4.0.5 - missing functions: none
symbol engine: initialized successfully - sym options: 0x614 - pdb path: .;C:\Users\Vauras\.vscode\extensions\redhat.java-1.55.0-win32-x64\jre\21.0.11-win32-x86_64\bin;C:\Windows\SYSTEM32;C:\Windows\WinSxS\amd64_microsoft.windows.common-controls_6595b64144ccf1df_6.0.26100.8521_none_3e08b75ce33403b3;C:\Users\Vauras\.vscode\extensions\redhat.java-1.55.0-win32-x64\jre\21.0.11-win32-x86_64\bin\server;C:\Users\Vauras\.gradle\native\e1d6ef7f7dcc3fd88c89a11ec53ec762bb8ba0a96d01ffa2cd45eb1d1d8dd5c5\windows-amd64;C:\Users\Vauras\.gradle\native\0d407fdbe67a94daf76414ababcb853783967236a71b16ec16e742cd7a986fd3\windows-amd64

VM Arguments:
jvm_args: --add-opens=java.base/java.util=ALL-UNNAMED --add-opens=java.base/java.lang=ALL-UNNAMED --add-opens=java.base/java.lang.invoke=ALL-UNNAMED --add-opens=java.base/java.util=ALL-UNNAMED --add-opens=java.prefs/java.util.prefs=ALL-UNNAMED --add-opens=java.prefs/java.util.prefs=ALL-UNNAMED --add-opens=java.base/java.nio.charset=ALL-UNNAMED --add-opens=java.base/java.net=ALL-UNNAMED --add-opens=java.base/java.util.concurrent.atomic=ALL-UNNAMED -XX:MaxMetaspaceSize=256m -XX:+HeapDumpOnOutOfMemoryError -Xms256m -Xmx512m -Dfile.encoding=utf8 -Duser.country=IN -Duser.language=en -Duser.variant 
java_command: org.gradle.launcher.daemon.bootstrap.GradleDaemon 7.5.1
java_class_path (initial): C:\Users\Vauras\.gradle\wrapper\dists\gradle-7.5.1-bin\7jzzequgds1hbszbhq3npc5ng\gradle-7.5.1\lib\gradle-launcher-7.5.1.jar
Launcher Type: SUN_STANDARD

[Global flags]
     intx CICompilerCount                          = 4                                         {product} {ergonomic}
   size_t CompressedClassSpaceSize                 = 218103808                                 {product} {ergonomic}
     uint ConcGCThreads                            = 2                                         {product} {ergonomic}
     uint G1ConcRefinementThreads                  = 8                                         {product} {ergonomic}
   size_t G1HeapRegionSize                         = 1048576                                   {product} {ergonomic}
    uintx GCDrainStackTargetSize                   = 64                                        {product} {ergonomic}
     bool HeapDumpOnOutOfMemoryError               = true                                   {manageable} {command line}
   size_t InitialHeapSize                          = 268435456                                 {product} {command line}
   size_t MarkStackSize                            = 4194304                                   {product} {ergonomic}
   size_t MaxHeapSize                              = 536870912                                 {product} {command line}
   size_t MaxMetaspaceSize                         = 268435456                                 {product} {command line}
   size_t MaxNewSize                               = 321912832                                 {product} {ergonomic}
   size_t MinHeapDeltaBytes                        = 1048576                                   {product} {ergonomic}
   size_t MinHeapSize                              = 268435456                                 {product} {command line}
    uintx NonNMethodCodeHeapSize                   = 5839372                                {pd product} {ergonomic}
    uintx NonProfiledCodeHeapSize                  = 122909434                              {pd product} {ergonomic}
    uintx ProfiledCodeHeapSize                     = 122909434                              {pd product} {ergonomic}
    uintx ReservedCodeCacheSize                    = 251658240                              {pd product} {ergonomic}
     bool SegmentedCodeCache                       = true                                      {product} {ergonomic}
   size_t SoftMaxHeapSize                          = 536870912                              {manageable} {ergonomic}
     bool UseCompressedOops                        = true                           {product lp64_product} {ergonomic}
     bool UseG1GC                                  = true                                      {product} {ergonomic}
     bool UseLargePagesIndividualAllocation        = false                                  {pd product} {ergonomic}

Logging:
Log output configuration:
 #0: stdout all=warning uptime,level,tags foldmultilines=false
 #1: stderr all=off uptime,level,tags foldmultilines=false

Release file:
JAVA_VERSION="21.0.11" 
MODULES="java.base java.compiler java.datatransfer java.xml java.prefs java.desktop java.instrument java.logging java.management java.security.sasl java.naming java.rmi java.management.rmi java.net.http java.scripting java.security.jgss java.transaction.xa java.sql java.sql.rowset java.xml.crypto java.se java.smartcardio jdk.accessibility jdk.internal.jvmstat jdk.attach jdk.charsets jdk.internal.opt jdk.zipfs jdk.compiler jdk.crypto.ec jdk.crypto.cryptoki jdk.crypto.mscapi jdk.dynalink jdk.internal.ed jdk.editpad jdk.hotspot.agent jdk.httpserver jdk.internal.le jdk.internal.vm.ci jdk.internal.vm.compiler jdk.internal.vm.compiler.management jdk.jartool jdk.javadoc jdk.jcmd jdk.management jdk.management.agent jdk.jconsole jdk.jdeps jdk.jdwp.agent jdk.jdi jdk.jfr jdk.jshell jdk.jsobject jdk.jstatd jdk.localedata jdk.management.jfr jdk.naming.dns jdk.naming.rmi jdk.net jdk.nio.mapmode jdk.random jdk.sctp jdk.security.auth jdk.security.jgss jdk.unsupported jdk.unsupported.desktop jdk.xml.dom" 

Environment Variables:
JAVA_HOME=C:\Program Files\OpenLogic\jdk-17.0.14.7-hotspot
PATH=C:\Program Files\OpenLogic\jdk-17.0.14.7-hotspot\bin;C:\Windows\system32;C:\Windows;C:\Windows\System32\Wbem;C:\Windows\System32\WindowsPowerShell\v1.0\;C:\Windows\System32\OpenSSH\;C:\Users\Vauras\AppData\Local\Android\Sdk;C:\Users\Vauras\AppData\Local\Android\Sdk\platform-tools;C:\node-v14.20.0-win-x86\node_modules\npm\bin;C:\Users\Vauras\AppData\Roaming\nvm;C:\Program Files\nodejs;C:\Program Files\nodejs\;C:\Program Files\MongoDB\Server\8.0\bin;C:\mongodb-database-tools-windows-x86_64-100.12.0\bin;C:\Program Files\Git\cmd;C:\Users\Vauras\AppData\Roaming\nvm\v18.20.8;;C:\Program Files\Docker\Docker\resources\bin;C:\Users\Vauras\AppData\Local\Programs\Python\Python311\Scripts\;C:\Users\Vauras\AppData\Local\Programs\Python\Python311\;C:\Users\Vauras\AppData\Local\Microsoft\WindowsApps;C:\Program Files\OpenLogic\jdk-17.0.14.7-hotspot\bin;C:\Users\Vauras\AppData\Local\Android\Sdk\platform-tools;C:\Users\Vauras\AppData\Local\Android\Sdk;C:\Users\Vauras\AppData\Local\Android\Sdk\emulator;C:\Users\Vauras\AppData\Local\Android\Sdk\build-tools;C:\Users\Vauras\AppData\Roaming\nvm;C:\Program Files\nodejs;C:\Users\Vauras\AppData\Roaming\npm;C:\Program Files\nodejs;C:\Program Files\MongoDB\Server\8.0\bin;C:\mongodb-database-tools-windows-x86_64-100.12.0\bin;C:\Users\Vauras\AppData\Local\Programs\Microsoft VS Code\bin;C:\Users\Vauras\AppData\Roaming\nvm\v18.20.8;C:\Users\Vauras\AppData\Local\Programs\cursor\resources\app\bin
USERNAME=Vauras
OS=Windows_NT
PROCESSOR_IDENTIFIER=AMD64 Family 23 Model 160 Stepping 0, AuthenticAMD
TMP=C:\Users\Vauras\AppData\Local\Temp
TEMP=C:\Users\Vauras\AppData\Local\Temp




Periodic native trim disabled

---------------  S Y S T E M  ---------------

OS:
 Windows 11 , 64 bit Build 26100 (10.0.26100.8521)
OS uptime: 1 days 0:42 hours
Hyper-V role detected

CPU: total 8 (initial active 8) (8 cores per cpu, 2 threads per core) family 23 model 160 stepping 0 microcode 0x8a0000b, cx8, cmov, fxsr, ht, mmx, 3dnowpref, sse, sse2, sse3, ssse3, sse4a, sse4.1, sse4.2, popcnt, lzcnt, tsc, tscinvbit, avx, avx2, aes, clmul, bmi1, bmi2, adx, sha, fma, vzeroupper, clflush, clflushopt, hv, rdtscp, rdpid, f16c
Processor Information for the first 8 processors :
  Max Mhz: 2801, Current Mhz: 2801, Mhz Limit: 2801

Memory: 4k page, system-wide physical 7418M (570M free)
TotalPageFile size 29946M (AvailPageFile size 11M)
current process WorkingSet (physical memory assigned to process): 280M, peak: 280M
current process commit charge ("private bytes"): 465M, peak: 465M

vm_info: OpenJDK 64-Bit Server VM (21.0.11+10-LTS) for windows-amd64 JRE (21.0.11+10-LTS), built on 2026-04-21T00:00:00Z by "admin" with MS VC++ 17.12 (VS2022)

END.
